../Src/main.c:39:6:Stepper_SET_DIR	16	static
../Src/main.c:64:6:Stepper_Pulses	24	static
../Src/main.c:89:6:Error_Handller	4	static
../Src/main.c:101:6:Sys_Clk_init	4	static
../Src/main.c:127:6:HALL_EFFECT_TIMER_ENABLE	4	static
../Src/main.c:140:6:HALL_EFFECT_HANDLLER	8	static
../Src/main.c:166:6:HALL_EFECT_Init	64	static
../Src/main.c:195:6:ADC_Read	8	static
../Src/main.c:207:6:throtel_init	32	static
../Src/main.c:233:6:HW_init	24	static
../Src/main.c:274:6:READ_TASK	16	static
../Src/main.c:305:6:STEPPER_Handller_TASK	8	static
../Src/main.c:317:6:LCD_SEND_DATA	8	static
../Src/main.c:350:6:Welcome_TASK	8	static
../Src/main.c:371:5:main	16	static
