Archive member included to satisfy reference by file (symbol)

C:/ST/STM32CubeIDE_1.13.2/STM32CubeIDE/plugins/com.st.stm32cube.ide.mcu.externaltools.gnu-tools-for-stm32.11.3.rel1.win32_1.1.1.202309131626/tools/bin/../lib/gcc/arm-none-eabi/11.3.1/../../../../arm-none-eabi/lib/thumb/v7-m/nofp\libc_nano.a(libc_a-exit.o)
                              C:/ST/STM32CubeIDE_1.13.2/STM32CubeIDE/plugins/com.st.stm32cube.ide.mcu.externaltools.gnu-tools-for-stm32.11.3.rel1.win32_1.1.1.202309131626/tools/bin/../lib/gcc/arm-none-eabi/11.3.1/../../../../arm-none-eabi/lib/thumb/v7-m/nofp/crt0.o (exit)
C:/ST/STM32CubeIDE_1.13.2/STM32CubeIDE/plugins/com.st.stm32cube.ide.mcu.externaltools.gnu-tools-for-stm32.11.3.rel1.win32_1.1.1.202309131626/tools/bin/../lib/gcc/arm-none-eabi/11.3.1/../../../../arm-none-eabi/lib/thumb/v7-m/nofp\libc_nano.a(libc_a-findfp.o)
                              C:/ST/STM32CubeIDE_1.13.2/STM32CubeIDE/plugins/com.st.stm32cube.ide.mcu.externaltools.gnu-tools-for-stm32.11.3.rel1.win32_1.1.1.202309131626/tools/bin/../lib/gcc/arm-none-eabi/11.3.1/../../../../arm-none-eabi/lib/thumb/v7-m/nofp\libc_nano.a(libc_a-exit.o) (__stdio_exit_handler)
C:/ST/STM32CubeIDE_1.13.2/STM32CubeIDE/plugins/com.st.stm32cube.ide.mcu.externaltools.gnu-tools-for-stm32.11.3.rel1.win32_1.1.1.202309131626/tools/bin/../lib/gcc/arm-none-eabi/11.3.1/../../../../arm-none-eabi/lib/thumb/v7-m/nofp\libc_nano.a(libc_a-fwalk.o)
                              C:/ST/STM32CubeIDE_1.13.2/STM32CubeIDE/plugins/com.st.stm32cube.ide.mcu.externaltools.gnu-tools-for-stm32.11.3.rel1.win32_1.1.1.202309131626/tools/bin/../lib/gcc/arm-none-eabi/11.3.1/../../../../arm-none-eabi/lib/thumb/v7-m/nofp\libc_nano.a(libc_a-findfp.o) (_fwalk_sglue)
C:/ST/STM32CubeIDE_1.13.2/STM32CubeIDE/plugins/com.st.stm32cube.ide.mcu.externaltools.gnu-tools-for-stm32.11.3.rel1.win32_1.1.1.202309131626/tools/bin/../lib/gcc/arm-none-eabi/11.3.1/../../../../arm-none-eabi/lib/thumb/v7-m/nofp\libc_nano.a(libc_a-printf.o)
                              ./Ahmed_RTOS/MY_RTOS_fifo.o (printf)
C:/ST/STM32CubeIDE_1.13.2/STM32CubeIDE/plugins/com.st.stm32cube.ide.mcu.externaltools.gnu-tools-for-stm32.11.3.rel1.win32_1.1.1.202309131626/tools/bin/../lib/gcc/arm-none-eabi/11.3.1/../../../../arm-none-eabi/lib/thumb/v7-m/nofp\libc_nano.a(libc_a-stdio.o)
                              C:/ST/STM32CubeIDE_1.13.2/STM32CubeIDE/plugins/com.st.stm32cube.ide.mcu.externaltools.gnu-tools-for-stm32.11.3.rel1.win32_1.1.1.202309131626/tools/bin/../lib/gcc/arm-none-eabi/11.3.1/../../../../arm-none-eabi/lib/thumb/v7-m/nofp\libc_nano.a(libc_a-findfp.o) (__sread)
C:/ST/STM32CubeIDE_1.13.2/STM32CubeIDE/plugins/com.st.stm32cube.ide.mcu.externaltools.gnu-tools-for-stm32.11.3.rel1.win32_1.1.1.202309131626/tools/bin/../lib/gcc/arm-none-eabi/11.3.1/../../../../arm-none-eabi/lib/thumb/v7-m/nofp\libc_nano.a(libc_a-memset.o)
                              C:/ST/STM32CubeIDE_1.13.2/STM32CubeIDE/plugins/com.st.stm32cube.ide.mcu.externaltools.gnu-tools-for-stm32.11.3.rel1.win32_1.1.1.202309131626/tools/bin/../lib/gcc/arm-none-eabi/11.3.1/../../../../arm-none-eabi/lib/thumb/v7-m/nofp/crt0.o (memset)
C:/ST/STM32CubeIDE_1.13.2/STM32CubeIDE/plugins/com.st.stm32cube.ide.mcu.externaltools.gnu-tools-for-stm32.11.3.rel1.win32_1.1.1.202309131626/tools/bin/../lib/gcc/arm-none-eabi/11.3.1/../../../../arm-none-eabi/lib/thumb/v7-m/nofp\libc_nano.a(libc_a-closer.o)
                              C:/ST/STM32CubeIDE_1.13.2/STM32CubeIDE/plugins/com.st.stm32cube.ide.mcu.externaltools.gnu-tools-for-stm32.11.3.rel1.win32_1.1.1.202309131626/tools/bin/../lib/gcc/arm-none-eabi/11.3.1/../../../../arm-none-eabi/lib/thumb/v7-m/nofp\libc_nano.a(libc_a-stdio.o) (_close_r)
C:/ST/STM32CubeIDE_1.13.2/STM32CubeIDE/plugins/com.st.stm32cube.ide.mcu.externaltools.gnu-tools-for-stm32.11.3.rel1.win32_1.1.1.202309131626/tools/bin/../lib/gcc/arm-none-eabi/11.3.1/../../../../arm-none-eabi/lib/thumb/v7-m/nofp\libc_nano.a(libc_a-reent.o)
                              C:/ST/STM32CubeIDE_1.13.2/STM32CubeIDE/plugins/com.st.stm32cube.ide.mcu.externaltools.gnu-tools-for-stm32.11.3.rel1.win32_1.1.1.202309131626/tools/bin/../lib/gcc/arm-none-eabi/11.3.1/../../../../arm-none-eabi/lib/thumb/v7-m/nofp\libc_nano.a(libc_a-closer.o) (errno)
C:/ST/STM32CubeIDE_1.13.2/STM32CubeIDE/plugins/com.st.stm32cube.ide.mcu.externaltools.gnu-tools-for-stm32.11.3.rel1.win32_1.1.1.202309131626/tools/bin/../lib/gcc/arm-none-eabi/11.3.1/../../../../arm-none-eabi/lib/thumb/v7-m/nofp\libc_nano.a(libc_a-impure.o)
                              C:/ST/STM32CubeIDE_1.13.2/STM32CubeIDE/plugins/com.st.stm32cube.ide.mcu.externaltools.gnu-tools-for-stm32.11.3.rel1.win32_1.1.1.202309131626/tools/bin/../lib/gcc/arm-none-eabi/11.3.1/../../../../arm-none-eabi/lib/thumb/v7-m/nofp\libc_nano.a(libc_a-printf.o) (_impure_ptr)
[...]
Memory Configuration

Name             Origin             Length             Attributes
RAM              0x0000000020000000 0x0000000000002800 xrw
ROM              0x0000000008000000 0x0000000000008000 xr
*default*        0x0000000000000000 0xffffffffffffffff

Linker script and memory map

LOAD C:/ST/STM32CubeIDE_1.13.2/STM32CubeIDE/plugins/com.st.stm32cube.ide.mcu.externaltools.gnu-tools-for-stm32.11.3.rel1.win32_1.1.1.202309131626/tools/bin/../lib/gcc/arm-none-eabi/11.3.1/thumb/v7-m/nofp/crti.o
LOAD C:/ST/STM32CubeIDE_1.13.2/STM32CubeIDE/plugins/com.st.stm32cube.ide.mcu.externaltools.gnu-tools-for-stm32.11.3.rel1.win32_1.1.1.202309131626/tools/bin/../lib/gcc/arm-none-eabi/11.3.1/thumb/v7-m/nofp/crtbegin.o
LOAD C:/ST/STM32CubeIDE_1.13.2/STM32CubeIDE/plugins/com.st.stm32cube.ide.mcu.externaltools.gnu-tools-for-stm32.11.3.rel1.win32_1.1.1.202309131626/tools/bin/../lib/gcc/arm-none-eabi/11.3.1/../../../../arm-none-eabi/lib/thumb/v7-m/nofp/crt0.o
LOAD ./Ahmed_RTOS/Cortex_Mx_Os_Porting.o
LOAD ./Ahmed_RTOS/MY_RTOS_fifo.o
LOAD ./Ahmed_RTOS/scheduler.o
LOAD ./HAL/KEYPAD.o
LOAD ./HAL/LCD.o
LOAD ./MCAL/EXTI_Driver.o
LOAD ./MCAL/GPIO_Driver.o
LOAD ./Src/main.o
LOAD ./Src/syscalls.o
LOAD ./Src/sysmem.o
LOAD ./Startup/startup_stm32f103c6tx.o
START GROUP
LOAD C:/ST/STM32CubeIDE_1.13.2/STM32CubeIDE/plugins/com.st.stm32cube.ide.mcu.externaltools.gnu-tools-for-stm32.11.3.rel1.win32_1.1.1.202309131626/tools/bin/../lib/gcc/arm-none-eabi/11.3.1/../../../../arm-none-eabi/lib/thumb/v7-m/nofp\libc_nano.a
LOAD C:/ST/STM32CubeIDE_1.13.2/STM32CubeIDE/plugins/com.st.stm32cube.ide.mcu.externaltools.gnu-tools-for-stm32.11.3.rel1.win32_1.1.1.202309131626/tools/bin/../lib/gcc/arm-none-eabi/11.3.1/../../../../arm-none-eabi/lib/thumb/v7-m/nofp\libm.a
END GROUP
START GROUP
LOAD C:/ST/STM32CubeIDE_1.13.2/STM32CubeIDE/plugins/com.st.stm32cube.ide.mcu.externaltools.gnu-tools-for-stm32.11.3.rel1.win32_1.1.1.202309131626/tools/bin/../lib/gcc/arm-none-eabi/11.3.1/thumb/v7-m/nofp\libgcc.a
LOAD C:/ST/STM32CubeIDE_1.13.2/STM32CubeIDE/plugins/com.st.stm32cube.ide.mcu.externaltools.gnu-tools-for-stm32.11.3.rel1.win32_1.1.1.202309131626/tools/bin/../lib/gcc/arm-none-eabi/11.3.1/../../../../arm-none-eabi/lib/thumb/v7-m/nofp\libg_nano.a
LOAD C:/ST/STM32CubeIDE_1.13.2/STM32CubeIDE/plugins/com.st.stm32cube.ide.mcu.externaltools.gnu-tools-for-stm32.11.3.rel1.win32_1.1.1.202309131626/tools/bin/../lib/gcc/arm-none-eabi/11.3.1/../../../../arm-none-eabi/lib/thumb/v7-m/nofp\libc_nano.a
END GROUP
START GROUP
LOAD C:/ST/STM32CubeIDE_1.13.2/STM32CubeIDE/plugins/com.st.stm32cube.ide.mcu.externaltools.gnu-tools-for-stm32.11.3.rel1.win32_1.1.1.202309131626/tools/bin/../lib/gcc/arm-none-eabi/11.3.1/thumb/v7-m/nofp\libgcc.a
LOAD C:/ST/STM32CubeIDE_1.13.2/STM32CubeIDE/plugins/com.st.stm32cube.ide.mcu.externaltools.gnu-tools-for-stm32.11.3.rel1.win32_1.1.1.202309131626/tools/bin/../lib/gcc/arm-none-eabi/11.3.1/../../../../arm-none-eabi/lib/thumb/v7-m/nofp\libc_nano.a
LOAD C:/ST/STM32CubeIDE_1.13.2/STM32CubeIDE/plugins/com.st.stm32cube.ide.mcu.externaltools.gnu-tools-for-stm32.11.3.rel1.win32_1.1.1.202309131626/tools/bin/../lib/gcc/arm-none-eabi/11.3.1/../../../../arm-none-eabi/lib/thumb/v7-m/nofp\libnosys.a
END GROUP
START GROUP
LOAD C:/ST/STM32CubeIDE_1.13.2/STM32CubeIDE/plugins/com.st.stm32cube.ide.mcu.externaltools.gnu-tools-for-stm32.11.3.rel1.win32_1.1.1.202309131626/tools/bin/../lib/gcc/arm-none-eabi/11.3.1/thumb/v7-m/nofp\libgcc.a
LOAD C:/ST/STM32CubeIDE_1.13.2/STM32CubeIDE/plugins/com.st.stm32cube.ide.mcu.externaltools.gnu-tools-for-stm32.11.3.rel1.win32_1.1.1.202309131626/tools/bin/../lib/gcc/arm-none-eabi/11.3.1/../../../../arm-none-eabi/lib/thumb/v7-m/nofp\libc_nano.a
LOAD C:/ST/STM32CubeIDE_1.13.2/STM32CubeIDE/plugins/com.st.stm32cube.ide.mcu.externaltools.gnu-tools-for-stm32.11.3.rel1.win32_1.1.1.202309131626/tools/bin/../lib/gcc/arm-none-eabi/11.3.1/../../../../arm-none-eabi/lib/thumb/v7-m/nofp\libnosys.a
END GROUP
LOAD C:/ST/STM32CubeIDE_1.13.2/STM32CubeIDE/plugins/com.st.stm32cube.ide.mcu.externaltools.gnu-tools-for-stm32.11.3.rel1.win32_1.1.1.202309131626/tools/bin/../lib/gcc/arm-none-eabi/11.3.1/thumb/v7-m/nofp/crtend.o
LOAD C:/ST/STM32CubeIDE_1.13.2/STM32CubeIDE/plugins/com.st.stm32cube.ide.mcu.externaltools.gnu-tools-for-stm32.11.3.rel1.win32_1.1.1.202309131626/tools/bin/../lib/gcc/arm-none-eabi/11.3.1/thumb/v7-m/nofp/crtn.o
                0x0000000020002800                _estack = (ORIGIN (RAM) + LENGTH (RAM))
                0x0000000000000200                _Min_Heap_Size = 0x200
                0x0000000000000400                _Min_Stack_Size = 0x400

.isr_vector     0x0000000008000000      0x130
                0x0000000008000000                . = ALIGN (0x4)
 *(.isr_vector)
 .isr_vector    0x0000000008000000      0x130 ./Startup/startup_stm32f103c6tx.o
                0x0000000008000000                g_pfnVectors
                0x0000000008000130                . = ALIGN (0x4)

.text           0x0000000008000130     0x1058
                0x0000000008000130                . = ALIGN (0x4)
 *(.text)
 .text          0x0000000008000130       0x40 C:/ST/STM32CubeIDE_1.13.2/STM32CubeIDE/plugins/com.st.stm32cube.ide.mcu.externaltools.gnu-tools-for-stm32.11.3.rel1.win32_1.1.1.202309131626/tools/bin/../lib/gcc/arm-none-eabi/11.3.1/thumb/v7-m/nofp/crtbegin.o
 *(.text*)
 .text.__NVIC_SetPriority
                0x0000000008000170       0x54 ./Ahmed_RTOS/Cortex_Mx_Os_Porting.o
 .text.SVC_Handler
                0x00000000080001c4       0x14 ./Ahmed_RTOS/Cortex_Mx_Os_Porting.o
                0x00000000080001c4                SVC_Handler
 .text.HW_init  0x00000000080001d8       0x12 ./Ahmed_RTOS/Cortex_Mx_Os_Porting.o
                0x00000000080001d8                HW_init
 *fill*         0x00000000080001ea        0x2 
 .text.SET_PendSV
                0x00000000080001ec       0x1c ./Ahmed_RTOS/Cortex_Mx_Os_Porting.o
                0x00000000080001ec                SET_PendSV
 .text.NMI_Handler
                0x0000000008000208        0xc ./Ahmed_RTOS/Cortex_Mx_Os_Porting.o
                0x0000000008000208                NMI_Handler
 .text.HardFault_Handler
                0x0000000008000214        0xc ./Ahmed_RTOS/Cortex_Mx_Os_Porting.o
                0x0000000008000214                HardFault_Handler
 .text.MemManage_Handler
                0x0000000008000220        0xc ./Ahmed_RTOS/Cortex_Mx_Os_Porting.o
                0x0000000008000220                MemManage_Handler
 .text.BusFault_Handler
                0x000000000800022c        0xc ./Ahmed_RTOS/Cortex_Mx_Os_Porting.o
                0x000000000800022c                BusFault_Handler
 .text.UsageFault_Handler
                0x0000000008000238        0xc ./Ahmed_RTOS/Cortex_Mx_Os_Porting.o
                0x0000000008000238                UsageFault_Handler
 .text.FIFO_init
                0x0000000008000244       0x40 ./Ahmed_RTOS/MY_RTOS_fifo.o
                0x0000000008000244                FIFO_init
 .text.FIFO_PUSH
                0x0000000008000284       0xe0 ./Ahmed_RTOS/MY_RTOS_fifo.o
                0x0000000008000284                FIFO_PUSH
 .text.FIFO_POP
                0x0000000008000364       0xe8 ./Ahmed_RTOS/MY_RTOS_fifo.o
                0x0000000008000364                FIFO_POP
 .text.__NVIC_SetPriority
                0x000000000800044c       0x54 ./Ahmed_RTOS/scheduler.o
 .text.SysTick_Config
                0x00000000080004a0       0x44 ./Ahmed_RTOS/scheduler.o
 .text.PendSV_Handler
                0x00000000080004e4      0x1c0 ./Ahmed_RTOS/scheduler.o
                0x00000000080004e4                PendSV_Handler
 .text.Create_main_stack
                0x00000000080006a4       0x58 ./Ahmed_RTOS/scheduler.o
                0x00000000080006a4                Create_main_stack
 .text.RTOS_Create_Task_Stack
                0x00000000080006fc       0x7e ./Ahmed_RTOS/scheduler.o
                0x00000000080006fc                RTOS_Create_Task_Stack
 *fill*         0x000000000800077a        0x2 
 .text.RTOS_Create_Task
                0x000000000800077c       0x78 ./Ahmed_RTOS/scheduler.o
                0x000000000800077c                RTOS_Create_Task
 .text.RTOS_ideal_task
                0x00000000080007f4       0x18 ./Ahmed_RTOS/scheduler.o
                0x00000000080007f4                RTOS_ideal_task
 .text.RTOS_init
                0x000000000800080c       0x88 ./Ahmed_RTOS/scheduler.o
                0x000000000800080c                RTOS_init
 .text.OS_set_SVC
                0x0000000008000894       0x4c ./Ahmed_RTOS/scheduler.o
                0x0000000008000894                OS_set_SVC
 .text.Swap     0x00000000080008e0       0x2c ./Ahmed_RTOS/scheduler.o
                0x00000000080008e0                Swap
 .text.Selection_sort
                0x000000000800090c       0x80 ./Ahmed_RTOS/scheduler.o
                0x000000000800090c                Selection_sort
 .text.Re_Arrange_Queue_Buffer
                0x000000000800098c       0x9c ./Ahmed_RTOS/scheduler.o
                0x000000000800098c                Re_Arrange_Queue_Buffer
 .text.Decide_Who_next
                0x0000000008000a28       0xbc ./Ahmed_RTOS/scheduler.o
                0x0000000008000a28                Decide_Who_next
 .text.OS_UPdate_Scadular_TABLE
                0x0000000008000ae4       0x30 ./Ahmed_RTOS/scheduler.o
                0x0000000008000ae4                OS_UPdate_Scadular_TABLE
 .text.OS_SVC_ACTION
                0x0000000008000b14       0x9c ./Ahmed_RTOS/scheduler.o
                0x0000000008000b14                OS_SVC_ACTION
 .text.OS_Active_TASK
                0x0000000008000bb0       0x1c ./Ahmed_RTOS/scheduler.o
                0x0000000008000bb0                OS_Active_TASK
 .text.OS_Ticker_Start
                0x0000000008000bcc       0x10 ./Ahmed_RTOS/scheduler.o
                0x0000000008000bcc                OS_Ticker_Start
 .text.OS_TASK_wait
                0x0000000008000bdc       0x2a ./Ahmed_RTOS/scheduler.o
                0x0000000008000bdc                OS_TASK_wait
 .text.Acquire_Mutex
                0x0000000008000c06       0x50 ./Ahmed_RTOS/scheduler.o
                0x0000000008000c06                Acquire_Mutex
 *fill*         0x0000000008000c56        0x2 
 .text.OS_TIME_CHECK
                0x0000000008000c58       0x8c ./Ahmed_RTOS/scheduler.o
                0x0000000008000c58                OS_TIME_CHECK
 .text.SysTick_Handler
                0x0000000008000ce4       0x28 ./Ahmed_RTOS/scheduler.o
                0x0000000008000ce4                SysTick_Handler
 .text.OS_start
                0x0000000008000d0c       0x60 ./Ahmed_RTOS/scheduler.o
                0x0000000008000d0c                OS_start
 .text.EXTI0_IRQHandler
                0x0000000008000d6c       0x24 ./MCAL/EXTI_Driver.o
                0x0000000008000d6c                EXTI0_IRQHandler
 .text.EXTI1_IRQHandler
                0x0000000008000d90       0x24 ./MCAL/EXTI_Driver.o
                0x0000000008000d90                EXTI1_IRQHandler
 .text.EXTI2_IRQHandler
                0x0000000008000db4       0x24 ./MCAL/EXTI_Driver.o
                0x0000000008000db4                EXTI2_IRQHandler
 .text.EXTI3_IRQHandler
                0x0000000008000dd8       0x24 ./MCAL/EXTI_Driver.o
                0x0000000008000dd8                EXTI3_IRQHandler
 .text.EXTI4_IRQHandler
                0x0000000008000dfc       0x24 ./MCAL/EXTI_Driver.o
                0x0000000008000dfc                EXTI4_IRQHandler
 .text.EXTI9_5_IRQHandler
                0x0000000008000e20       0xa8 ./MCAL/EXTI_Driver.o
                0x0000000008000e20                EXTI9_5_IRQHandler
 .text.EXTI15_10_IRQHandler
                0x0000000008000ec8       0xc4 ./MCAL/EXTI_Driver.o
                0x0000000008000ec8                EXTI15_10_IRQHandler
 .text.TASKA_Handler
                0x0000000008000f8c       0x38 ./Src/main.o
                0x0000000008000f8c                TASKA_Handler
 .text.TASKB_Handler
                0x0000000008000fc4       0x18 ./Src/main.o
                0x0000000008000fc4                TASKB_Handler
 .text.TASKC_Handler
                0x0000000008000fdc       0x18 ./Src/main.o
                0x0000000008000fdc                TASKC_Handler
 .text.TASKD_Handler
                0x0000000008000ff4       0x18 ./Src/main.o
                0x0000000008000ff4                TASKD_Handler
 .text.TASKE_Handler
                0x000000000800100c       0x4c ./Src/main.o
                0x000000000800100c                TASKE_Handler
 .text.main     0x0000000008001058       0x6c ./Src/main.o
                0x0000000008001058                main
 .text.Reset_Handler
                0x00000000080010c4       0x50 ./Startup/startup_stm32f103c6tx.o
                0x00000000080010c4                Reset_Handler
 .text.Default_Handler
                0x0000000008001114        0x2 ./Startup/startup_stm32f103c6tx.o
                0x0000000008001114                TIM8_TRG_COM_IRQHandler
                0x0000000008001114                TIM8_CC_IRQHandler
                0x0000000008001114                DebugMon_Handler
                0x0000000008001114                TIM1_CC_IRQHandler
                0x0000000008001114                TIM6_IRQHandler
                0x0000000008001114                PVD_IRQHandler
                0x0000000008001114                SDIO_IRQHandler
                0x0000000008001114                USB_HP_CAN_TX_IRQHandler
                0x0000000008001114                I2C2_EV_IRQHandler
                0x0000000008001114                ADC1_2_IRQHandler
                0x0000000008001114                SPI1_IRQHandler
                0x0000000008001114                CAN_SCE_IRQHandler
                0x0000000008001114                TAMPER_IRQHandler
                0x0000000008001114                TIM8_UP_IRQHandler
                0x0000000008001114                DMA2_Channel2_IRQHandler
                0x0000000008001114                DMA1_Channel4_IRQHandler
                0x0000000008001114                USART3_IRQHandler
                0x0000000008001114                RTC_IRQHandler
                0x0000000008001114                DMA1_Channel7_IRQHandler
                0x0000000008001114                UART5_IRQHandler
                0x0000000008001114                ADC3_IRQHandler
                0x0000000008001114                TIM4_IRQHandler
                0x0000000008001114                CAN_RX1_IRQHandler
                0x0000000008001114                DMA2_Channel1_IRQHandler
                0x0000000008001114                I2C1_EV_IRQHandler
                0x0000000008001114                DMA1_Channel6_IRQHandler
                0x0000000008001114                UART4_IRQHandler
                0x0000000008001114                TIM3_IRQHandler
                0x0000000008001114                RCC_IRQHandler
                0x0000000008001114                TIM1_TRG_COM_IRQHandler
                0x0000000008001114                DMA1_Channel1_IRQHandler
                0x0000000008001114                Default_Handler
                0x0000000008001114                TIM7_IRQHandler
                0x0000000008001114                TIM5_IRQHandler
                0x0000000008001114                SPI2_IRQHandler
                0x0000000008001114                USB_LP_CAN_RX0_IRQHandler
                0x0000000008001114                DMA1_Channel5_IRQHandler
                0x0000000008001114                DMA1_Channel3_IRQHandler
                0x0000000008001114                FSMC_IRQHandler
                0x0000000008001114                TIM1_UP_IRQHandler
                0x0000000008001114                WWDG_IRQHandler
                0x0000000008001114                TIM2_IRQHandler
                0x0000000008001114                TIM1_BRK_IRQHandler
                0x0000000008001114                RTCAlarm_IRQHandler
                0x0000000008001114                DMA2_Channel4_5_IRQHandler
                0x0000000008001114                USART2_IRQHandler
                0x0000000008001114                I2C2_ER_IRQHandler
                0x0000000008001114                DMA1_Channel2_IRQHandler
                0x0000000008001114                TIM8_BRK_IRQHandler
                0x0000000008001114                FLASH_IRQHandler
                0x0000000008001114                USART1_IRQHandler
                0x0000000008001114                SPI3_IRQHandler
                0x0000000008001114                I2C1_ER_IRQHandler
                0x0000000008001114                DMA2_Channel3_IRQHandler
 .text.memset   0x0000000008001116       0x10 C:/ST/STM32CubeIDE_1.13.2/STM32CubeIDE/plugins/com.st.stm32cube.ide.mcu.externaltools.gnu-tools-for-stm32.11.3.rel1.win32_1.1.1.202309131626/tools/bin/../lib/gcc/arm-none-eabi/11.3.1/../../../../arm-none-eabi/lib/thumb/v7-m/nofp\libc_nano.a(libc_a-memset.o)
                0x0000000008001116                memset
 *fill*         0x0000000008001126        0x2 
 .text.__libc_init_array
                0x0000000008001128       0x48 C:/ST/STM32CubeIDE_1.13.2/STM32CubeIDE/plugins/com.st.stm32cube.ide.mcu.externaltools.gnu-tools-for-stm32.11.3.rel1.win32_1.1.1.202309131626/tools/bin/../lib/gcc/arm-none-eabi/11.3.1/../../../../arm-none-eabi/lib/thumb/v7-m/nofp\libc_nano.a(libc_a-init.o)
                0x0000000008001128                __libc_init_array
 *(.glue_7)
 .glue_7        0x0000000008001170        0x0 linker stubs
 *(.glue_7t)
 .glue_7t       0x0000000008001170        0x0 linker stubs
 *(.eh_frame)
 .eh_frame      0x0000000008001170        0x0 C:/ST/STM32CubeIDE_1.13.2/STM32CubeIDE/plugins/com.st.stm32cube.ide.mcu.externaltools.gnu-tools-for-stm32.11.3.rel1.win32_1.1.1.202309131626/tools/bin/../lib/gcc/arm-none-eabi/11.3.1/thumb/v7-m/nofp/crtbegin.o
 *(.init)
 .init          0x0000000008001170        0x4 C:/ST/STM32CubeIDE_1.13.2/STM32CubeIDE/plugins/com.st.stm32cube.ide.mcu.externaltools.gnu-tools-for-stm32.11.3.rel1.win32_1.1.1.202309131626/tools/bin/../lib/gcc/arm-none-eabi/11.3.1/thumb/v7-m/nofp/crti.o
                0x0000000008001170                _init
 .init          0x0000000008001174        0x8 C:/ST/STM32CubeIDE_1.13.2/STM32CubeIDE/plugins/com.st.stm32cube.ide.mcu.externaltools.gnu-tools-for-stm32.11.3.rel1.win32_1.1.1.202309131626/tools/bin/../lib/gcc/arm-none-eabi/11.3.1/thumb/v7-m/nofp/crtn.o
 *(.fini)
 .fini          0x000000000800117c        0x4 C:/ST/STM32CubeIDE_1.13.2/STM32CubeIDE/plugins/com.st.stm32cube.ide.mcu.externaltools.gnu-tools-for-stm32.11.3.rel1.win32_1.1.1.202309131626/tools/bin/../lib/gcc/arm-none-eabi/11.3.1/thumb/v7-m/nofp/crti.o
                0x000000000800117c                _fini
 .fini          0x0000000008001180        0x8 C:/ST/STM32CubeIDE_1.13.2/STM32CubeIDE/plugins/com.st.stm32cube.ide.mcu.externaltools.gnu-tools-for-stm32.11.3.rel1.win32_1.1.1.202309131626/tools/bin/../lib/gcc/arm-none-eabi/11.3.1/thumb/v7-m/nofp/crtn.o
                0x0000000008001188                . = ALIGN (0x4)
                0x0000000008001188                _etext = .

.vfp11_veneer   0x0000000008001188        0x0
 .vfp11_veneer  0x0000000008001188        0x0 linker stubs

.v4_bx          0x0000000008001188        0x0
 .v4_bx         0x0000000008001188        0x0 linker stubs

.iplt           0x0000000008001188        0x0
 .iplt          0x0000000008001188        0x0 C:/ST/STM32CubeIDE_1.13.2/STM32CubeIDE/plugins/com.st.stm32cube.ide.mcu.externaltools.gnu-tools-for-stm32.11.3.rel1.win32_1.1.1.202309131626/tools/bin/../lib/gcc/arm-none-eabi/11.3.1/thumb/v7-m/nofp/crtbegin.o

.rodata         0x0000000008001188       0x3c
                0x0000000008001188                . = ALIGN (0x4)
 *(.rodata)
 .rodata        0x0000000008001188        0xb ./Ahmed_RTOS/scheduler.o
 *fill*         0x0000000008001193        0x1 
 .rodata        0x0000000008001194       0x2e ./Src/main.o
 *(.rodata*)
                0x00000000080011c4                . = ALIGN (0x4)
 *fill*         0x00000000080011c2        0x2 

.rel.dyn        0x00000000080011c4        0x0
 .rel.iplt      0x00000000080011c4        0x0 C:/ST/STM32CubeIDE_1.13.2/STM32CubeIDE/plugins/com.st.stm32cube.ide.mcu.externaltools.gnu-tools-for-stm32.11.3.rel1.win32_1.1.1.202309131626/tools/bin/../lib/gcc/arm-none-eabi/11.3.1/thumb/v7-m/nofp/crtbegin.o

.ARM.extab      0x00000000080011c4        0x0
                0x00000000080011c4                . = ALIGN (0x4)
 *(.ARM.extab* .gnu.linkonce.armextab.*)
                0x00000000080011c4                . = ALIGN (0x4)

.ARM            0x00000000080011c4        0x0
                0x00000000080011c4                . = ALIGN (0x4)
                0x00000000080011c4                __exidx_start = .
 *(.ARM.exidx*)
                0x00000000080011c4                __exidx_end = .
                0x00000000080011c4                . = ALIGN (0x4)

.preinit_array  0x00000000080011c4        0x0
                0x00000000080011c4                . = ALIGN (0x4)
                0x00000000080011c4                PROVIDE (__preinit_array_start = .)
 *(.preinit_array*)
                0x00000000080011c4                PROVIDE (__preinit_array_end = .)
                0x00000000080011c4                . = ALIGN (0x4)

.init_array     0x00000000080011c4        0x4
                0x00000000080011c4                . = ALIGN (0x4)
                0x00000000080011c4                PROVIDE (__init_array_start = .)
 *(SORT_BY_NAME(.init_array.*))
 *(.init_array*)
 .init_array    0x00000000080011c4        0x4 C:/ST/STM32CubeIDE_1.13.2/STM32CubeIDE/plugins/com.st.stm32cube.ide.mcu.externaltools.gnu-tools-for-stm32.11.3.rel1.win32_1.1.1.202309131626/tools/bin/../lib/gcc/arm-none-eabi/11.3.1/thumb/v7-m/nofp/crtbegin.o
                0x00000000080011c8                PROVIDE (__init_array_end = .)
                0x00000000080011c8                . = ALIGN (0x4)

.fini_array     0x00000000080011c8        0x4
                0x00000000080011c8                . = ALIGN (0x4)
                [!provide]                        PROVIDE (__fini_array_start = .)
 *(SORT_BY_NAME(.fini_array.*))
 *(.fini_array*)
 .fini_array    0x00000000080011c8        0x4 C:/ST/STM32CubeIDE_1.13.2/STM32CubeIDE/plugins/com.st.stm32cube.ide.mcu.externaltools.gnu-tools-for-stm32.11.3.rel1.win32_1.1.1.202309131626/tools/bin/../lib/gcc/arm-none-eabi/11.3.1/thumb/v7-m/nofp/crtbegin.o
                [!provide]                        PROVIDE (__fini_array_end = .)
                0x00000000080011cc                . = ALIGN (0x4)
                0x00000000080011cc                _sidata = LOADADDR (.data)

.data           0x0000000020000000       0xc4 load address 0x00000000080011cc
                0x0000000020000000                . = ALIGN (0x4)
                0x0000000020000000                _sdata = .
 *(.data)
 *(.data*)
 .data.TASKA    0x0000000020000000       0x24 ./Src/main.o
                0x0000000020000000                TASKA
 .data.TASKB    0x0000000020000024       0x24 ./Src/main.o
                0x0000000020000024                TASKB
 .data.TASKC    0x0000000020000048       0x24 ./Src/main.o
                0x0000000020000048                TASKC
 .data.TASKD    0x000000002000006c       0x24 ./Src/main.o
                0x000000002000006c                TASKD
 .data.TASKE    0x0000000020000090       0x24 ./Src/main.o
                0x0000000020000090                TASKE
 .data.MUTEX1   0x00000000200000b4       0x10 ./Src/main.o
                0x00000000200000b4                MUTEX1
                0x00000000200000c4                . = ALIGN (0x4)
                0x00000000200000c4                _edata = .

.igot.plt       0x00000000200000c4        0x0 load address 0x0000000008001290
 .igot.plt      0x00000000200000c4        0x0 C:/ST/STM32CubeIDE_1.13.2/STM32CubeIDE/plugins/com.st.stm32cube.ide.mcu.externaltools.gnu-tools-for-stm32.11.3.rel1.win32_1.1.1.202309131626/tools/bin/../lib/gcc/arm-none-eabi/11.3.1/thumb/v7-m/nofp/crtbegin.o
                0x00000000200000c4                . = ALIGN (0x4)

.bss            0x00000000200000c4      0x3d8 load address 0x0000000008001290
                0x00000000200000c4                _sbss = .
                0x00000000200000c4                __bss_start__ = _sbss
 *(.bss)
 .bss           0x00000000200000c4       0x1c C:/ST/STM32CubeIDE_1.13.2/STM32CubeIDE/plugins/com.st.stm32cube.ide.mcu.externaltools.gnu-tools-for-stm32.11.3.rel1.win32_1.1.1.202309131626/tools/bin/../lib/gcc/arm-none-eabi/11.3.1/thumb/v7-m/nofp/crtbegin.o
 *(.bss*)
 .bss.idel_task_LED
                0x00000000200000e0        0x1 ./Ahmed_RTOS/scheduler.o
                0x00000000200000e0                idel_task_LED
 .bss.SYSTICK_LED
                0x00000000200000e1        0x1 ./Ahmed_RTOS/scheduler.o
                0x00000000200000e1                SYSTICK_LED
 *fill*         0x00000000200000e2        0x2 
 .bss.MAIN_OS_Controller
                0x00000000200000e4      0x1ac ./Ahmed_RTOS/scheduler.o
                0x00000000200000e4                MAIN_OS_Controller
 .bss.Ready_FIFO
                0x0000000020000290       0x14 ./Ahmed_RTOS/scheduler.o
                0x0000000020000290                Ready_FIFO
 .bss.TASKs     0x00000000200002a4      0x190 ./Ahmed_RTOS/scheduler.o
                0x00000000200002a4                TASKs
 .bss.MYRTOS_idleTask
                0x0000000020000434       0x24 ./Ahmed_RTOS/scheduler.o
                0x0000000020000434                MYRTOS_idleTask
 .bss.g_P_CALLBACK_f
                0x0000000020000458       0x3c ./MCAL/EXTI_Driver.o
                0x0000000020000458                g_P_CALLBACK_f
 .bss.TASKA_LED
                0x0000000020000494        0x1 ./Src/main.o
                0x0000000020000494                TASKA_LED
 .bss.TASKB_LED
                0x0000000020000495        0x1 ./Src/main.o
                0x0000000020000495                TASKB_LED
 .bss.TASKC_LED
                0x0000000020000496        0x1 ./Src/main.o
                0x0000000020000496                TASKC_LED
 .bss.TASKD_LED
                0x0000000020000497        0x1 ./Src/main.o
                0x0000000020000497                TASKD_LED
 .bss.TASKE_LED
                0x0000000020000498        0x1 ./Src/main.o
                0x0000000020000498                TASKE_LED
 *(COMMON)
                0x000000002000049c                . = ALIGN (0x4)
 *fill*         0x0000000020000499        0x3 
                0x000000002000049c                _ebss = .
                0x000000002000049c                __bss_end__ = _ebss

._user_heap_stack
                0x000000002000049c      0x604 load address 0x0000000008001290
                0x00000000200004a0                . = ALIGN (0x8)
 *fill*         0x000000002000049c        0x4 
                [!provide]                        PROVIDE (end = .)
                0x00000000200004a0                PROVIDE (_end = .)
                0x00000000200006a0                . = (. + _Min_Heap_Size)
 *fill*         0x00000000200004a0      0x200 
                0x0000000020000aa0                . = (. + _Min_Stack_Size)
 *fill*         0x00000000200006a0      0x400 
                0x0000000020000aa0                . = ALIGN (0x8)
                0x0000000020000aa0                _eheap = .

/DISCARD/
 libc.a(*)
 libm.a(*)
 libgcc.a(*)

.ARM.attributes
                0x0000000000000000       0x29
 *(.ARM.attributes)
 .ARM.attributes
                0x0000000000000000       0x1d C:/ST/STM32CubeIDE_1.13.2/STM32CubeIDE/plugins/com.st.stm32cube.ide.mcu.externaltools.gnu-tools-for-stm32.11.3.rel1.win32_1.1.1.202309131626/tools/bin/../lib/gcc/arm-none-eabi/11.3.1/thumb/v7-m/nofp/crti.o
 .ARM.attributes
                0x000000000000001d       0x2d C:/ST/STM32CubeIDE_1.13.2/STM32CubeIDE/plugins/com.st.stm32cube.ide.mcu.externaltools.gnu-tools-for-stm32.11.3.rel1.win32_1.1.1.202309131626/tools/bin/../lib/gcc/arm-none-eabi/11.3.1/thumb/v7-m/nofp/crtbegin.o
 .ARM.attributes
                0x000000000000004a       0x2d ./Ahmed_RTOS/Cortex_Mx_Os_Porting.o
 .ARM.attributes
                0x0000000000000077       0x2d ./Ahmed_RTOS/MY_RTOS_fifo.o
 .ARM.attributes
                0x00000000000000a4       0x2d ./Ahmed_RTOS/scheduler.o
 .ARM.attributes
                0x00000000000000d1       0x2d ./MCAL/EXTI_Driver.o
 .ARM.attributes
                0x00000000000000fe       0x2d ./Src/main.o
 .ARM.attributes
                0x000000000000012b       0x21 ./Startup/startup_stm32f103c6tx.o
 .ARM.attributes
                0x000000000000014c       0x2d C:/ST/STM32CubeIDE_1.13.2/STM32CubeIDE/plugins/com.st.stm32cube.ide.mcu.externaltools.gnu-tools-for-stm32.11.3.rel1.win32_1.1.1.202309131626/tools/bin/../lib/gcc/arm-none-eabi/11.3.1/../../../../arm-none-eabi/lib/thumb/v7-m/nofp\libc_nano.a(libc_a-memset.o)
 .ARM.attributes
                0x0000000000000179       0x2d C:/ST/STM32CubeIDE_1.13.2/STM32CubeIDE/plugins/com.st.stm32cube.ide.mcu.externaltools.gnu-tools-for-stm32.11.3.rel1.win32_1.1.1.202309131626/tools/bin/../lib/gcc/arm-none-eabi/11.3.1/../../../../arm-none-eabi/lib/thumb/v7-m/nofp\libc_nano.a(libc_a-init.o)
 .ARM.attributes
                0x00000000000001a6       0x1d C:/ST/STM32CubeIDE_1.13.2/STM32CubeIDE/plugins/com.st.stm32cube.ide.mcu.externaltools.gnu-tools-for-stm32.11.3.rel1.win32_1.1.1.202309131626/tools/bin/../lib/gcc/arm-none-eabi/11.3.1/thumb/v7-m/nofp/crtn.o
OUTPUT(EXTI_Driver.axf elf32-littlearm)
LOAD linker stubs
LOAD C:/ST/STM32CubeIDE_1.13.2/STM32CubeIDE/plugins/com.st.stm32cube.ide.mcu.externaltools.gnu-tools-for-stm32.11.3.rel1.win32_1.1.1.202309131626/tools/bin/../lib/gcc/arm-none-eabi/11.3.1/../../../../arm-none-eabi/lib/thumb/v7-m/nofp\libc.a
LOAD C:/ST/STM32CubeIDE_1.13.2/STM32CubeIDE/plugins/com.st.stm32cube.ide.mcu.externaltools.gnu-tools-for-stm32.11.3.rel1.win32_1.1.1.202309131626/tools/bin/../lib/gcc/arm-none-eabi/11.3.1/../../../../arm-none-eabi/lib/thumb/v7-m/nofp\libm.a
LOAD C:/ST/STM32CubeIDE_1.13.2/STM32CubeIDE/plugins/com.st.stm32cube.ide.mcu.externaltools.gnu-tools-for-stm32.11.3.rel1.win32_1.1.1.202309131626/tools/bin/../lib/gcc/arm-none-eabi/11.3.1/thumb/v7-m/nofp\libgcc.a

.comment        0x0000000000000000       0x43
 .comment       0x0000000000000000       0x43 C:/ST/STM32CubeIDE_1.13.2/STM32CubeIDE/plugins/com.st.stm32cube.ide.mcu.externaltools.gnu-tools-for-stm32.11.3.rel1.win32_1.1.1.202309131626/tools/bin/../lib/gcc/arm-none-eabi/11.3.1/thumb/v7-m/nofp/crtbegin.o
                                         0x44 (size before relaxing)
 .comment       0x0000000000000043       0x44 ./Ahmed_RTOS/Cortex_Mx_Os_Porting.o
 .comment       0x0000000000000043       0x44 ./Ahmed_RTOS/MY_RTOS_fifo.o
 .comment       0x0000000000000043       0x44 ./Ahmed_RTOS/scheduler.o
 .comment       0x0000000000000043       0x44 ./MCAL/EXTI_Driver.o
 .comment       0x0000000000000043       0x44 ./Src/main.o

.debug_info     0x0000000000000000     0x2352
 .debug_info    0x0000000000000000      0x56d ./Ahmed_RTOS/Cortex_Mx_Os_Porting.o
 .debug_info    0x000000000000056d      0x444 ./Ahmed_RTOS/MY_RTOS_fifo.o
 .debug_info    0x00000000000009b1      0xeef ./Ahmed_RTOS/scheduler.o
 .debug_info    0x00000000000018a0      0x58a ./MCAL/EXTI_Driver.o
 .debug_info    0x0000000000001e2a      0x506 ./Src/main.o
 .debug_info    0x0000000000002330       0x22 ./Startup/startup_stm32f103c6tx.o

.debug_abbrev   0x0000000000000000      0x947
 .debug_abbrev  0x0000000000000000      0x14e ./Ahmed_RTOS/Cortex_Mx_Os_Porting.o
 .debug_abbrev  0x000000000000014e      0x13d ./Ahmed_RTOS/MY_RTOS_fifo.o
 .debug_abbrev  0x000000000000028b      0x397 ./Ahmed_RTOS/scheduler.o
 .debug_abbrev  0x0000000000000622      0x19d ./MCAL/EXTI_Driver.o
 .debug_abbrev  0x00000000000007bf      0x176 ./Src/main.o
 .debug_abbrev  0x0000000000000935       0x12 ./Startup/startup_stm32f103c6tx.o

.debug_loc      0x0000000000000000      0xd98
 .debug_loc     0x0000000000000000      0x220 ./Ahmed_RTOS/Cortex_Mx_Os_Porting.o
 .debug_loc     0x0000000000000220      0x164 ./Ahmed_RTOS/MY_RTOS_fifo.o
 .debug_loc     0x0000000000000384      0x6b8 ./Ahmed_RTOS/scheduler.o
 .debug_loc     0x0000000000000a3c      0x23c ./MCAL/EXTI_Driver.o
 .debug_loc     0x0000000000000c78      0x120 ./Src/main.o

.debug_aranges  0x0000000000000000      0x248
 .debug_aranges
                0x0000000000000000       0x60 ./Ahmed_RTOS/Cortex_Mx_Os_Porting.o
 .debug_aranges
                0x0000000000000060       0x38 ./Ahmed_RTOS/MY_RTOS_fifo.o
 .debug_aranges
                0x0000000000000098       0xd8 ./Ahmed_RTOS/scheduler.o
 .debug_aranges
                0x0000000000000170       0x68 ./MCAL/EXTI_Driver.o
 .debug_aranges
                0x00000000000001d8       0x48 ./Src/main.o
 .debug_aranges
                0x0000000000000220       0x28 ./Startup/startup_stm32f103c6tx.o

.debug_ranges   0x0000000000000000      0x1f0
 .debug_ranges  0x0000000000000000       0x50 ./Ahmed_RTOS/Cortex_Mx_Os_Porting.o
 .debug_ranges  0x0000000000000050       0x28 ./Ahmed_RTOS/MY_RTOS_fifo.o
 .debug_ranges  0x0000000000000078       0xc8 ./Ahmed_RTOS/scheduler.o
 .debug_ranges  0x0000000000000140       0x58 ./MCAL/EXTI_Driver.o
 .debug_ranges  0x0000000000000198       0x38 ./Src/main.o
 .debug_ranges  0x00000000000001d0       0x20 ./Startup/startup_stm32f103c6tx.o

.debug_macro    0x0000000000000000     0x35d9
 .debug_macro   0x0000000000000000       0xce ./Ahmed_RTOS/Cortex_Mx_Os_Porting.o
 .debug_macro   0x00000000000000ce      0xaa2 ./Ahmed_RTOS/Cortex_Mx_Os_Porting.o
 .debug_macro   0x0000000000000b70       0x28 ./Ahmed_RTOS/Cortex_Mx_Os_Porting.o
 .debug_macro   0x0000000000000b98       0x22 ./Ahmed_RTOS/Cortex_Mx_Os_Porting.o
 .debug_macro   0x0000000000000bba       0x8e ./Ahmed_RTOS/Cortex_Mx_Os_Porting.o
 .debug_macro   0x0000000000000c48       0x51 ./Ahmed_RTOS/Cortex_Mx_Os_Porting.o
 .debug_macro   0x0000000000000c99      0x103 ./Ahmed_RTOS/Cortex_Mx_Os_Porting.o
 .debug_macro   0x0000000000000d9c       0x6a ./Ahmed_RTOS/Cortex_Mx_Os_Porting.o
 .debug_macro   0x0000000000000e06      0x1df ./Ahmed_RTOS/Cortex_Mx_Os_Porting.o
 .debug_macro   0x0000000000000fe5       0x1c ./Ahmed_RTOS/Cortex_Mx_Os_Porting.o
 .debug_macro   0x0000000000001001       0x22 ./Ahmed_RTOS/Cortex_Mx_Os_Porting.o
 .debug_macro   0x0000000000001023       0xdf ./Ahmed_RTOS/Cortex_Mx_Os_Porting.o
 .debug_macro   0x0000000000001102      0xe2d ./Ahmed_RTOS/Cortex_Mx_Os_Porting.o
 .debug_macro   0x0000000000001f2f      0x11f ./Ahmed_RTOS/Cortex_Mx_Os_Porting.o
 .debug_macro   0x000000000000204e       0x22 ./Ahmed_RTOS/Cortex_Mx_Os_Porting.o
 .debug_macro   0x0000000000002070      0x1ee ./Ahmed_RTOS/MY_RTOS_fifo.o
 .debug_macro   0x000000000000225e       0x10 ./Ahmed_RTOS/MY_RTOS_fifo.o
 .debug_macro   0x000000000000226e       0x16 ./Ahmed_RTOS/MY_RTOS_fifo.o
 .debug_macro   0x0000000000002284       0x24 ./Ahmed_RTOS/MY_RTOS_fifo.o
 .debug_macro   0x00000000000022a8       0x5b ./Ahmed_RTOS/MY_RTOS_fifo.o
 .debug_macro   0x0000000000002303       0x94 ./Ahmed_RTOS/MY_RTOS_fifo.o
 .debug_macro   0x0000000000002397       0x43 ./Ahmed_RTOS/MY_RTOS_fifo.o
 .debug_macro   0x00000000000023da       0x34 ./Ahmed_RTOS/MY_RTOS_fifo.o
 .debug_macro   0x000000000000240e       0x16 ./Ahmed_RTOS/MY_RTOS_fifo.o
 .debug_macro   0x0000000000002424      0x10e ./Ahmed_RTOS/MY_RTOS_fifo.o
 .debug_macro   0x0000000000002532       0x8d ./Ahmed_RTOS/MY_RTOS_fifo.o
 .debug_macro   0x00000000000025bf       0x16 ./Ahmed_RTOS/MY_RTOS_fifo.o
 .debug_macro   0x00000000000025d5       0x43 ./Ahmed_RTOS/MY_RTOS_fifo.o
 .debug_macro   0x0000000000002618       0x57 ./Ahmed_RTOS/MY_RTOS_fifo.o
 .debug_macro   0x000000000000266f       0x34 ./Ahmed_RTOS/MY_RTOS_fifo.o
 .debug_macro   0x00000000000026a3       0x10 ./Ahmed_RTOS/MY_RTOS_fifo.o
 .debug_macro   0x00000000000026b3       0x58 ./Ahmed_RTOS/MY_RTOS_fifo.o
 .debug_macro   0x000000000000270b       0x8e ./Ahmed_RTOS/MY_RTOS_fifo.o
 .debug_macro   0x0000000000002799       0x1c ./Ahmed_RTOS/MY_RTOS_fifo.o
 .debug_macro   0x00000000000027b5      0x177 ./Ahmed_RTOS/MY_RTOS_fifo.o
 .debug_macro   0x000000000000292c      0x369 ./Ahmed_RTOS/MY_RTOS_fifo.o
 .debug_macro   0x0000000000002c95       0x16 ./Ahmed_RTOS/MY_RTOS_fifo.o
 .debug_macro   0x0000000000002cab       0x29 ./Ahmed_RTOS/MY_RTOS_fifo.o
 .debug_macro   0x0000000000002cd4       0x1c ./Ahmed_RTOS/MY_RTOS_fifo.o
 .debug_macro   0x0000000000002cf0       0x35 ./Ahmed_RTOS/MY_RTOS_fifo.o
 .debug_macro   0x0000000000002d25       0x10 ./Ahmed_RTOS/MY_RTOS_fifo.o
 .debug_macro   0x0000000000002d35       0x1c ./Ahmed_RTOS/MY_RTOS_fifo.o
 .debug_macro   0x0000000000002d51       0x16 ./Ahmed_RTOS/MY_RTOS_fifo.o
 .debug_macro   0x0000000000002d67      0x147 ./Ahmed_RTOS/MY_RTOS_fifo.o
 .debug_macro   0x0000000000002eae       0x16 ./Ahmed_RTOS/MY_RTOS_fifo.o
 .debug_macro   0x0000000000002ec4      0x1fe ./Ahmed_RTOS/scheduler.o
 .debug_macro   0x00000000000030c2       0x61 ./Ahmed_RTOS/scheduler.o
 .debug_macro   0x0000000000003123       0x98 ./MCAL/EXTI_Driver.o
 .debug_macro   0x00000000000031bb      0x346 ./MCAL/EXTI_Driver.o
 .debug_macro   0x0000000000003501       0xd8 ./Src/main.o

.debug_line     0x0000000000000000     0x2b2b
 .debug_line    0x0000000000000000      0x604 ./Ahmed_RTOS/Cortex_Mx_Os_Porting.o
 .debug_line    0x0000000000000604      0x8d8 ./Ahmed_RTOS/MY_RTOS_fifo.o
 .debug_line    0x0000000000000edc      0xe34 ./Ahmed_RTOS/scheduler.o
 .debug_line    0x0000000000001d10      0x7cd ./MCAL/EXTI_Driver.o
 .debug_line    0x00000000000024dd      0x5ca ./Src/main.o
 .debug_line    0x0000000000002aa7       0x84 ./Startup/startup_stm32f103c6tx.o

.debug_str      0x0000000000000000     0xffed
 .debug_str     0x0000000000000000     0xa35d ./Ahmed_RTOS/Cortex_Mx_Os_Porting.o
                                       0xa4f8 (size before relaxing)
 .debug_str     0x000000000000a35d     0x3cbe ./Ahmed_RTOS/MY_RTOS_fifo.o
                                       0xdfc3 (size before relaxing)
 .debug_str     0x000000000000e01b      0x3d4 ./Ahmed_RTOS/scheduler.o
                                       0xe58f (size before relaxing)
 .debug_str     0x000000000000e3ef     0x1b17 ./MCAL/EXTI_Driver.o
                                       0x5806 (size before relaxing)
 .debug_str     0x000000000000ff06       0xb8 ./Src/main.o
                                       0xa4ec (size before relaxing)
 .debug_str     0x000000000000ffbe       0x2f ./Startup/startup_stm32f103c6tx.o
                                         0x6b (size before relaxing)

.debug_frame    0x0000000000000000      0x75c
 .debug_frame   0x0000000000000000      0x124 ./Ahmed_RTOS/Cortex_Mx_Os_Porting.o
 .debug_frame   0x0000000000000124       0xac ./Ahmed_RTOS/MY_RTOS_fifo.o
 .debug_frame   0x00000000000001d0      0x344 ./Ahmed_RTOS/scheduler.o
 .debug_frame   0x0000000000000514      0x148 ./MCAL/EXTI_Driver.o
 .debug_frame   0x000000000000065c       0xb4 ./Src/main.o
 .debug_frame   0x0000000000000710       0x20 C:/ST/STM32CubeIDE_1.13.2/STM32CubeIDE/plugins/com.st.stm32cube.ide.mcu.externaltools.gnu-tools-for-stm32.11.3.rel1.win32_1.1.1.202309131626/tools/bin/../lib/gcc/arm-none-eabi/11.3.1/../../../../arm-none-eabi/lib/thumb/v7-m/nofp\libc_nano.a(libc_a-memset.o)
 .debug_frame   0x0000000000000730       0x2c C:/ST/STM32CubeIDE_1.13.2/STM32CubeIDE/plugins/com.st.stm32cube.ide.mcu.externaltools.gnu-tools-for-stm32.11.3.rel1.win32_1.1.1.202309131626/tools/bin/../lib/gcc/arm-none-eabi/11.3.1/../../../../arm-none-eabi/lib/thumb/v7-m/nofp\libc_nano.a(libc_a-init.o)
