main.c:54:5:main	8	static
main.c:81:6:ALL_PREPHRAL_Init	16	static
main.c:119:6:ADMIN_OLD_PASSWORD_CHECK	24	static
main.c:144:6:ADMIN_ENTER_PASSWORD	24	static
main.c:192:6:ADMIN_CREATE_PASSWORD	24	static
main.c:235:9:ADMIN_PASSWORD_CHECK	32	static
main.c:255:9:ADMIN_change_PASSWORD	24	static
main.c:299:9:ADMIN_ADD_USER	16	static
main.c:340:9:ADMIN_Delete_USER	24	static
main.c:356:9:ADMIN_Delete_USER_interface	16	static
main.c:403:9:ADMIN_mian_menu	16	static
main.c:451:9:USER_check_validation	24	static
main.c:463:6:USER_RFID_ENTER	8	static
main.c:493:6:USER_RFID_EXIT	8	static
main.c:514:6:USART1_call_Back	8	static
main.c:525:6:USART2_call_Back	8	static
main.c:539:6:EXTI_ENTRY_GATE	8	static
main.c:543:6:EXTI_EXIT_GATE	8	static
