
Allocating common symbols
Common symbol       size              file

_stack_top          0x400             startup.o

Memory Configuration

Name             Origin             Length             Attributes
FLASH            0x00000000         0x20000000         xr
SRAM             0x20000000         0x20000000         xrw
*default*        0x00000000         0xffffffff

Linker script and memory map


.text           0x00000000      0x1dc
 *(.vectors*)
 .vectors       0x00000000       0x58 startup.o
                0x00000000                g_vector
 *(.text*)
 .text          0x00000058       0xc4 main.o
                0x00000058                main
 .text          0x0000011c       0xc0 startup.o
                0x0000011c                FLASH
                0x0000011c                EXTI0
                0x0000011c                BusFualt
                0x0000011c                Reserved1
                0x0000011c                WWDG
                0x0000011c                DebugMonitor
                0x0000011c                NMI
                0x0000011c                PendSV
                0x0000011c                Reserved
                0x0000011c                EXTI2
                0x0000011c                RCC
                0x0000011c                Reset_Handled
                0x0000011c                SVCall
                0x0000011c                RTC
                0x0000011c                HardFault
                0x0000011c                TAMPER
                0x0000011c                SysTick
                0x0000011c                EXTI1
                0x0000011c                UsageFualt
                0x0000011c                PVD
                0x0000011c                MemManage
                0x00000128                Reset
                0x000001dc                _E_text = .

.glue_7         0x000001dc        0x0
 .glue_7        0x00000000        0x0 linker stubs

.glue_7t        0x000001dc        0x0
 .glue_7t       0x00000000        0x0 linker stubs

.vfp11_veneer   0x000001dc        0x0
 .vfp11_veneer  0x00000000        0x0 linker stubs

.v4_bx          0x000001dc        0x0
 .v4_bx         0x00000000        0x0 linker stubs

.iplt           0x000001dc        0x0
 .iplt          0x00000000        0x0 main.o

.rodata         0x000001dc        0x8
 *(.rodata)
 .rodata        0x000001dc        0x8 main.o

.rel.dyn        0x000001e4        0x0
 .rel.iplt      0x00000000        0x0 main.o

.data           0x20000000        0x0 load address 0x000001e4
                0x20000000                _S_DATA = .
 *(.data)
 .data          0x20000000        0x0 main.o
 .data          0x20000000        0x0 startup.o
                0x20000000                _E_DATA = .
                0x20000000                . = ALIGN (0x4)

.igot.plt       0x20000000        0x0 load address 0x000001e4
 .igot.plt      0x00000000        0x0 main.o

.bss            0x20000000      0x400 load address 0x000001e4
                0x20000000                _S_BSS = .
 *(.bss*)
 .bss           0x20000000        0x0 main.o
 .bss           0x20000000        0x0 startup.o
                0x20000000                . = ALIGN (0x4)
                0x20000000                _E_BSS = .
                0x20000000                . = ALIGN (0x4)
 COMMON         0x20000000      0x400 startup.o
                0x20000000                _stack_top
LOAD main.o
LOAD startup.o
OUTPUT(cortex-M4.elf elf32-littlearm)

.debug_info     0x00000000      0x258
 .debug_info    0x00000000       0xbb main.o
 .debug_info    0x000000bb      0x19d startup.o

.debug_abbrev   0x00000000      0x156
 .debug_abbrev  0x00000000       0x81 main.o
 .debug_abbrev  0x00000081       0xd5 startup.o

.debug_loc      0x00000000       0x9c
 .debug_loc     0x00000000       0x38 main.o
 .debug_loc     0x00000038       0x64 startup.o

.debug_aranges  0x00000000       0x40
 .debug_aranges
                0x00000000       0x20 main.o
 .debug_aranges
                0x00000020       0x20 startup.o

.debug_line     0x00000000      0x104
 .debug_line    0x00000000       0x78 main.o
 .debug_line    0x00000078       0x8c startup.o

.debug_str      0x00000000      0x16f
 .debug_str     0x00000000       0xe5 main.o
                                0x103 (size before relaxing)
 .debug_str     0x000000e5       0x8a startup.o
                                0x17f (size before relaxing)

.comment        0x00000000       0x11
 .comment       0x00000000       0x11 main.o
                                 0x12 (size before relaxing)
 .comment       0x00000000       0x12 startup.o

.ARM.attributes
                0x00000000       0x33
 .ARM.attributes
                0x00000000       0x33 main.o
 .ARM.attributes
                0x00000033       0x33 startup.o

.debug_frame    0x00000000       0x78
 .debug_frame   0x00000000       0x2c main.o
 .debug_frame   0x0000002c       0x4c startup.o
