
Allocating common symbols
Common symbol       size              file

_stack_top          0x400             startup.o

Memory Configuration

Name             Origin             Length             Attributes
FLASH            0x0000000000000000 0x0000000020000000 xr
SRAM             0x0000000020000000 0x0000000020000000 xrw
*default*        0x0000000000000000 0xffffffffffffffff

Linker script and memory map


.text           0x0000000000000000      0x174
 *(.vectors*)
 .vectors       0x0000000000000000       0x58 startup.o
                0x0000000000000000                g_vector
 *(.text*)
 .text          0x0000000000000058       0x84 main.o
                0x0000000000000058                main
 .text          0x00000000000000dc       0x98 startup.o
                0x00000000000000dc                FLASH
                0x00000000000000dc                EXTI0
                0x00000000000000dc                BusFualt
                0x00000000000000dc                Reserved1
                0x00000000000000dc                WWDG
                0x00000000000000dc                DebugMonitor
                0x00000000000000dc                NMI
                0x00000000000000dc                PendSV
                0x00000000000000dc                Reserved
                0x00000000000000dc                EXTI2
                0x00000000000000dc                RCC
                0x00000000000000dc                Reset_Handled
                0x00000000000000dc                SVCall
                0x00000000000000dc                RTC
                0x00000000000000dc                HardFault
                0x00000000000000dc                TAMPER
                0x00000000000000dc                SysTick
                0x00000000000000dc                EXTI1
                0x00000000000000dc                UsageFualt
                0x00000000000000dc                PVD
                0x00000000000000dc                MemManage
                0x00000000000000e8                Reset
 *(.rodata)
                0x0000000000000174                _E_text = .

.glue_7         0x0000000000000174        0x0
 .glue_7        0x0000000000000174        0x0 linker stubs

.glue_7t        0x0000000000000174        0x0
 .glue_7t       0x0000000000000174        0x0 linker stubs

.vfp11_veneer   0x0000000000000174        0x0
 .vfp11_veneer  0x0000000000000174        0x0 linker stubs

.v4_bx          0x0000000000000174        0x0
 .v4_bx         0x0000000000000174        0x0 linker stubs

.iplt           0x0000000000000174        0x0
 .iplt          0x0000000000000174        0x0 main.o

.rel.dyn        0x0000000000000174        0x0
 .rel.iplt      0x0000000000000174        0x0 main.o

.data           0x0000000020000000        0x0 load address 0x0000000000000174
                0x0000000020000000                _S_DATA = .
 *(.data)
 .data          0x0000000020000000        0x0 main.o
 .data          0x0000000020000000        0x0 startup.o
                0x0000000020000000                _E_DATA = .
                0x0000000020000000                . = ALIGN (0x4)

.igot.plt       0x0000000020000000        0x0 load address 0x0000000000000174
 .igot.plt      0x0000000020000000        0x0 main.o

.bss            0x0000000020000000      0x400 load address 0x0000000000000174
                0x0000000020000000                _S_BSS = .
 *(.bss*)
 .bss           0x0000000020000000        0x0 main.o
 .bss           0x0000000020000000        0x0 startup.o
                0x0000000020000000                . = ALIGN (0x4)
                0x0000000020000000                _E_BSS = .
                0x0000000020000000                . = ALIGN (0x4)
 COMMON         0x0000000020000000      0x400 startup.o
                0x0000000020000000                _stack_top
LOAD main.o
LOAD startup.o
OUTPUT(cortex-M4.elf elf32-littlearm)

.debug_info     0x0000000000000000      0x237
 .debug_info    0x0000000000000000       0x9c main.o
 .debug_info    0x000000000000009c      0x19b startup.o

.debug_abbrev   0x0000000000000000      0x13c
 .debug_abbrev  0x0000000000000000       0x67 main.o
 .debug_abbrev  0x0000000000000067       0xd5 startup.o

.debug_loc      0x0000000000000000       0xb4
 .debug_loc     0x0000000000000000       0x38 main.o
 .debug_loc     0x0000000000000038       0x7c startup.o

.debug_aranges  0x0000000000000000       0x40
 .debug_aranges
                0x0000000000000000       0x20 main.o
 .debug_aranges
                0x0000000000000020       0x20 startup.o

.debug_line     0x0000000000000000      0x102
 .debug_line    0x0000000000000000       0x76 main.o
 .debug_line    0x0000000000000076       0x8c startup.o

.debug_str      0x0000000000000000      0x1af
 .debug_str     0x0000000000000000      0x12e main.o
                                        0x147 (size before relaxing)
 .debug_str     0x000000000000012e       0x81 startup.o
                                        0x1c4 (size before relaxing)

.comment        0x0000000000000000       0x7b
 .comment       0x0000000000000000       0x7b main.o
                                         0x7c (size before relaxing)
 .comment       0x000000000000007b       0x7c startup.o

.ARM.attributes
                0x0000000000000000       0x33
 .ARM.attributes
                0x0000000000000000       0x33 main.o
 .ARM.attributes
                0x0000000000000033       0x33 startup.o

.debug_frame    0x0000000000000000       0x7c
 .debug_frame   0x0000000000000000       0x2c main.o
 .debug_frame   0x000000000000002c       0x50 startup.o
