Archive member included to satisfy reference by file (symbol)

c:/st/stm32cubeide_1.4.0/stm32cubeide/plugins/com.st.stm32cube.ide.mcu.externaltools.gnu-tools-for-stm32.7-2018-q2-update.win32_1.4.0.202007081208/tools/bin/../lib/gcc/arm-none-eabi/7.3.1/../../../../arm-none-eabi/lib/thumb/v7-m\libc_nano.a(lib_a-errno.o)
                              Src/syscalls.o (__errno)
c:/st/stm32cubeide_1.4.0/stm32cubeide/plugins/com.st.stm32cube.ide.mcu.externaltools.gnu-tools-for-stm32.7-2018-q2-update.win32_1.4.0.202007081208/tools/bin/../lib/gcc/arm-none-eabi/7.3.1/../../../../arm-none-eabi/lib/thumb/v7-m\libc_nano.a(lib_a-exit.o)
                              c:/st/stm32cubeide_1.4.0/stm32cubeide/plugins/com.st.stm32cube.ide.mcu.externaltools.gnu-tools-for-stm32.7-2018-q2-update.win32_1.4.0.202007081208/tools/bin/../lib/gcc/arm-none-eabi/7.3.1/../../../../arm-none-eabi/lib/thumb/v7-m/crt0.o (exit)
c:/st/stm32cubeide_1.4.0/stm32cubeide/plugins/com.st.stm32cube.ide.mcu.externaltools.gnu-tools-for-stm32.7-2018-q2-update.win32_1.4.0.202007081208/tools/bin/../lib/gcc/arm-none-eabi/7.3.1/../../../../arm-none-eabi/lib/thumb/v7-m\libc_nano.a(lib_a-impure.o)
                              c:/st/stm32cubeide_1.4.0/stm32cubeide/plugins/com.st.stm32cube.ide.mcu.externaltools.gnu-tools-for-stm32.7-2018-q2-update.win32_1.4.0.202007081208/tools/bin/../lib/gcc/arm-none-eabi/7.3.1/../../../../arm-none-eabi/lib/thumb/v7-m\libc_nano.a(lib_a-exit.o) (_global_impure_ptr)
c:/st/stm32cubeide_1.4.0/stm32cubeide/plugins/com.st.stm32cube.ide.mcu.externaltools.gnu-tools-for-stm32.7-2018-q2-update.win32_1.4.0.202007081208/tools/bin/../lib/gcc/arm-none-eabi/7.3.1/../../../../arm-none-eabi/lib/thumb/v7-m\libc_nano.a(lib_a-init.o)
                              c:/st/stm32cubeide_1.4.0/stm32cubeide/plugins/com.st.stm32cube.ide.mcu.externaltools.gnu-tools-for-stm32.7-2018-q2-update.win32_1.4.0.202007081208/tools/bin/../lib/gcc/arm-none-eabi/7.3.1/../../../../arm-none-eabi/lib/thumb/v7-m/crt0.o (__libc_init_array)
c:/st/stm32cubeide_1.4.0/stm32cubeide/plugins/com.st.stm32cube.ide.mcu.externaltools.gnu-tools-for-stm32.7-2018-q2-update.win32_1.4.0.202007081208/tools/bin/../lib/gcc/arm-none-eabi/7.3.1/../../../../arm-none-eabi/lib/thumb/v7-m\libc_nano.a(lib_a-itoa.o)
                              HAL/LCD.o (itoa)
c:/st/stm32cubeide_1.4.0/stm32cubeide/plugins/com.st.stm32cube.ide.mcu.externaltools.gnu-tools-for-stm32.7-2018-q2-update.win32_1.4.0.202007081208/tools/bin/../lib/gcc/arm-none-eabi/7.3.1/../../../../arm-none-eabi/lib/thumb/v7-m\libc_nano.a(lib_a-memcpy-stub.o)
                              FreeRTOS/queue.o (memcpy)
c:/st/stm32cubeide_1.4.0/stm32cubeide/plugins/com.st.stm32cube.ide.mcu.externaltools.gnu-tools-for-stm32.7-2018-q2-update.win32_1.4.0.202007081208/tools/bin/../lib/gcc/arm-none-eabi/7.3.1/../../../../arm-none-eabi/lib/thumb/v7-m\libc_nano.a(lib_a-memset.o)
                              c:/st/stm32cubeide_1.4.0/stm32cubeide/plugins/com.st.stm32cube.ide.mcu.externaltools.gnu-tools-for-stm32.7-2018-q2-update.win32_1.4.0.202007081208/tools/bin/../lib/gcc/arm-none-eabi/7.3.1/../../../../arm-none-eabi/lib/thumb/v7-m/crt0.o (memset)
c:/st/stm32cubeide_1.4.0/stm32cubeide/plugins/com.st.stm32cube.ide.mcu.externaltools.gnu-tools-for-stm32.7-2018-q2-update.win32_1.4.0.202007081208/tools/bin/../lib/gcc/arm-none-eabi/7.3.1/../../../../arm-none-eabi/lib/thumb/v7-m\libc_nano.a(lib_a-utoa.o)
                              c:/st/stm32cubeide_1.4.0/stm32cubeide/plugins/com.st.stm32cube.ide.mcu.externaltools.gnu-tools-for-stm32.7-2018-q2-update.win32_1.4.0.202007081208/tools/bin/../lib/gcc/arm-none-eabi/7.3.1/../../../../arm-none-eabi/lib/thumb/v7-m\libc_nano.a(lib_a-itoa.o) (__utoa)

Allocating common symbols
Common symbol       size              file

g_GP_Sitting        0x30              MCAL/GP_Timers.o
TSR__Flags_Queue    0x4               Src/main.o
xSemaphore          0x4               Src/main.o
G_P_config          0x30              MCAL/USART_Driver.o
g_GP_ICU_MEM        0x6               MCAL/GP_Timers.o
g_GP_TIMX           0x4               MCAL/GP_Timers.o
g_P_CALLBACK_f      0x3c              MCAL/EXTI_Driver.o
ACC__dis_Queue      0x4               Src/main.o
ACC__AMP_Queue      0x4               Src/main.o
g_Sitting           0x10              MCAL/Timer1_8.o
G_P_CONFIG          0x28              MCAL/I2C.o
g_TIMX              0x4               MCAL/Timer1_8.o
PIN_C               0x4               HAL/LCD.o

Discarded input sections

 .text          0x0000000000000000        0x0 c:/st/stm32cubeide_1.4.0/stm32cubeide/plugins/com.st.stm32cube.ide.mcu.externaltools.gnu-tools-for-stm32.7-2018-q2-update.win32_1.4.0.202007081208/tools/bin/../lib/gcc/arm-none-eabi/7.3.1/thumb/v7-m/crti.o
 .data          0x0000000000000000        0x0 c:/st/stm32cubeide_1.4.0/stm32cubeide/plugins/com.st.stm32cube.ide.mcu.externaltools.gnu-tools-for-stm32.7-2018-q2-update.win32_1.4.0.202007081208/tools/bin/../lib/gcc/arm-none-eabi/7.3.1/thumb/v7-m/crti.o
[...]
Memory Configuration

Name             Origin             Length             Attributes
RAM              0x0000000020000000 0x0000000000002800 xrw
FLASH            0x0000000008000000 0x0000000000008000 xr
*default*        0x0000000000000000 0xffffffffffffffff

Linker script and memory map

LOAD c:/st/stm32cubeide_1.4.0/stm32cubeide/plugins/com.st.stm32cube.ide.mcu.externaltools.gnu-tools-for-stm32.7-2018-q2-update.win32_1.4.0.202007081208/tools/bin/../lib/gcc/arm-none-eabi/7.3.1/thumb/v7-m/crti.o
LOAD c:/st/stm32cubeide_1.4.0/stm32cubeide/plugins/com.st.stm32cube.ide.mcu.externaltools.gnu-tools-for-stm32.7-2018-q2-update.win32_1.4.0.202007081208/tools/bin/../lib/gcc/arm-none-eabi/7.3.1/thumb/v7-m/crtbegin.o
LOAD c:/st/stm32cubeide_1.4.0/stm32cubeide/plugins/com.st.stm32cube.ide.mcu.externaltools.gnu-tools-for-stm32.7-2018-q2-update.win32_1.4.0.202007081208/tools/bin/../lib/gcc/arm-none-eabi/7.3.1/../../../../arm-none-eabi/lib/thumb/v7-m/crt0.o
LOAD FreeRTOS/croutine.o
LOAD FreeRTOS/event_groups.o
LOAD FreeRTOS/list.o
LOAD FreeRTOS/queue.o
LOAD FreeRTOS/stream_buffer.o
LOAD FreeRTOS/tasks.o
LOAD FreeRTOS/timers.o
LOAD FreeRTOS/portable/ARM_CM3/port.o
LOAD FreeRTOS/portable/MemMang/heap_1.o
LOAD HAL/KEYPAD.o
LOAD HAL/LCD.o
LOAD HAL/LUNA_LIDAR.o
LOAD HAL/SPI_EEPROM.o
LOAD HAL/Servo.o
LOAD MCAL/EEPROM.o
LOAD MCAL/EXTI_Driver.o
LOAD MCAL/GPIO_Driver.o
LOAD MCAL/GP_Timers.o
LOAD MCAL/I2C.o
LOAD MCAL/RCC.o
LOAD MCAL/SPI.o
LOAD MCAL/Timer.o
LOAD MCAL/Timer1_8.o
LOAD MCAL/USART_Driver.o
LOAD Src/main.o
LOAD Src/syscalls.o
LOAD Src/sysmem.o
LOAD Startup/startup_stm32f103c6tx.o
START GROUP
LOAD c:/st/stm32cubeide_1.4.0/stm32cubeide/plugins/com.st.stm32cube.ide.mcu.externaltools.gnu-tools-for-stm32.7-2018-q2-update.win32_1.4.0.202007081208/tools/bin/../lib/gcc/arm-none-eabi/7.3.1/../../../../arm-none-eabi/lib/thumb/v7-m\libc_nano.a
LOAD c:/st/stm32cubeide_1.4.0/stm32cubeide/plugins/com.st.stm32cube.ide.mcu.externaltools.gnu-tools-for-stm32.7-2018-q2-update.win32_1.4.0.202007081208/tools/bin/../lib/gcc/arm-none-eabi/7.3.1/../../../../arm-none-eabi/lib/thumb/v7-m\libm.a
END GROUP
START GROUP
LOAD c:/st/stm32cubeide_1.4.0/stm32cubeide/plugins/com.st.stm32cube.ide.mcu.externaltools.gnu-tools-for-stm32.7-2018-q2-update.win32_1.4.0.202007081208/tools/bin/../lib/gcc/arm-none-eabi/7.3.1/thumb/v7-m\libgcc.a
LOAD c:/st/stm32cubeide_1.4.0/stm32cubeide/plugins/com.st.stm32cube.ide.mcu.externaltools.gnu-tools-for-stm32.7-2018-q2-update.win32_1.4.0.202007081208/tools/bin/../lib/gcc/arm-none-eabi/7.3.1/../../../../arm-none-eabi/lib/thumb/v7-m\libg_nano.a
LOAD c:/st/stm32cubeide_1.4.0/stm32cubeide/plugins/com.st.stm32cube.ide.mcu.externaltools.gnu-tools-for-stm32.7-2018-q2-update.win32_1.4.0.202007081208/tools/bin/../lib/gcc/arm-none-eabi/7.3.1/../../../../arm-none-eabi/lib/thumb/v7-m\libc_nano.a
END GROUP
START GROUP
LOAD c:/st/stm32cubeide_1.4.0/stm32cubeide/plugins/com.st.stm32cube.ide.mcu.externaltools.gnu-tools-for-stm32.7-2018-q2-update.win32_1.4.0.202007081208/tools/bin/../lib/gcc/arm-none-eabi/7.3.1/thumb/v7-m\libgcc.a
LOAD c:/st/stm32cubeide_1.4.0/stm32cubeide/plugins/com.st.stm32cube.ide.mcu.externaltools.gnu-tools-for-stm32.7-2018-q2-update.win32_1.4.0.202007081208/tools/bin/../lib/gcc/arm-none-eabi/7.3.1/../../../../arm-none-eabi/lib/thumb/v7-m\libc_nano.a
LOAD c:/st/stm32cubeide_1.4.0/stm32cubeide/plugins/com.st.stm32cube.ide.mcu.externaltools.gnu-tools-for-stm32.7-2018-q2-update.win32_1.4.0.202007081208/tools/bin/../lib/gcc/arm-none-eabi/7.3.1/../../../../arm-none-eabi/lib/thumb/v7-m\libnosys.a
END GROUP
START GROUP
LOAD c:/st/stm32cubeide_1.4.0/stm32cubeide/plugins/com.st.stm32cube.ide.mcu.externaltools.gnu-tools-for-stm32.7-2018-q2-update.win32_1.4.0.202007081208/tools/bin/../lib/gcc/arm-none-eabi/7.3.1/thumb/v7-m\libgcc.a
LOAD c:/st/stm32cubeide_1.4.0/stm32cubeide/plugins/com.st.stm32cube.ide.mcu.externaltools.gnu-tools-for-stm32.7-2018-q2-update.win32_1.4.0.202007081208/tools/bin/../lib/gcc/arm-none-eabi/7.3.1/../../../../arm-none-eabi/lib/thumb/v7-m\libc_nano.a
LOAD c:/st/stm32cubeide_1.4.0/stm32cubeide/plugins/com.st.stm32cube.ide.mcu.externaltools.gnu-tools-for-stm32.7-2018-q2-update.win32_1.4.0.202007081208/tools/bin/../lib/gcc/arm-none-eabi/7.3.1/../../../../arm-none-eabi/lib/thumb/v7-m\libnosys.a
END GROUP
LOAD c:/st/stm32cubeide_1.4.0/stm32cubeide/plugins/com.st.stm32cube.ide.mcu.externaltools.gnu-tools-for-stm32.7-2018-q2-update.win32_1.4.0.202007081208/tools/bin/../lib/gcc/arm-none-eabi/7.3.1/thumb/v7-m/crtend.o
LOAD c:/st/stm32cubeide_1.4.0/stm32cubeide/plugins/com.st.stm32cube.ide.mcu.externaltools.gnu-tools-for-stm32.7-2018-q2-update.win32_1.4.0.202007081208/tools/bin/../lib/gcc/arm-none-eabi/7.3.1/thumb/v7-m/crtn.o
                0x0000000020002800                _estack = (ORIGIN (RAM) + LENGTH (RAM))
                0x0000000000000200                _Min_Heap_Size = 0x200
                0x0000000000000400                _Min_Stack_Size = 0x400

.isr_vector     0x0000000008000000      0x130
                0x0000000008000000                . = ALIGN (0x4)
 *(.isr_vector)
 .isr_vector    0x0000000008000000      0x130 Startup/startup_stm32f103c6tx.o
                0x0000000008000000                g_pfnVectors
                0x0000000008000130                . = ALIGN (0x4)

.text           0x0000000008000130     0x2e54
                0x0000000008000130                . = ALIGN (0x4)
 *(.text)
 .text          0x0000000008000130       0x40 c:/st/stm32cubeide_1.4.0/stm32cubeide/plugins/com.st.stm32cube.ide.mcu.externaltools.gnu-tools-for-stm32.7-2018-q2-update.win32_1.4.0.202007081208/tools/bin/../lib/gcc/arm-none-eabi/7.3.1/thumb/v7-m/crtbegin.o
 *(.text*)
 .text.vListInitialise
                0x0000000008000170       0x3e FreeRTOS/list.o
                0x0000000008000170                vListInitialise
 .text.vListInitialiseItem
                0x00000000080001ae       0x18 FreeRTOS/list.o
                0x00000000080001ae                vListInitialiseItem
 .text.vListInsert
                0x00000000080001c6       0x70 FreeRTOS/list.o
                0x00000000080001c6                vListInsert
 .text.uxListRemove
                0x0000000008000236       0x52 FreeRTOS/list.o
                0x0000000008000236                uxListRemove
 .text.xQueueGenericReset
                0x0000000008000288       0xf4 FreeRTOS/queue.o
                0x0000000008000288                xQueueGenericReset
 .text.xQueueGenericCreate
                0x000000000800037c       0x8a FreeRTOS/queue.o
                0x000000000800037c                xQueueGenericCreate
 .text.prvInitialiseNewQueue
                0x0000000008000406       0x3e FreeRTOS/queue.o
 .text.xQueueGenericSend
                0x0000000008000444      0x154 FreeRTOS/queue.o
                0x0000000008000444                xQueueGenericSend
 .text.xQueueReceive
                0x0000000008000598      0x144 FreeRTOS/queue.o
                0x0000000008000598                xQueueReceive
 .text.prvCopyDataToQueue
                0x00000000080006dc       0xd4 FreeRTOS/queue.o
 .text.prvCopyDataFromQueue
                0x00000000080007b0       0x4c FreeRTOS/queue.o
 .text.prvUnlockQueue
                0x00000000080007fc       0xa4 FreeRTOS/queue.o
 .text.prvIsQueueEmpty
                0x00000000080008a0       0x2c FreeRTOS/queue.o
 .text.prvIsQueueFull
                0x00000000080008cc       0x30 FreeRTOS/queue.o
 .text.xTaskCreate
                0x00000000080008fc       0x8c FreeRTOS/tasks.o
                0x00000000080008fc                xTaskCreate
 .text.prvInitialiseNewTask
                0x0000000008000988       0xd0 FreeRTOS/tasks.o
 .text.prvAddNewTaskToReadyList
                0x0000000008000a58      0x124 FreeRTOS/tasks.o
 .text.vTaskStartScheduler
                0x0000000008000b7c       0x74 FreeRTOS/tasks.o
                0x0000000008000b7c                vTaskStartScheduler
 .text.vTaskSuspendAll
                0x0000000008000bf0       0x1c FreeRTOS/tasks.o
                0x0000000008000bf0                vTaskSuspendAll
 .text.xTaskResumeAll
                0x0000000008000c0c      0x1d8 FreeRTOS/tasks.o
                0x0000000008000c0c                xTaskResumeAll
 .text.xTaskIncrementTick
                0x0000000008000de4      0x20c FreeRTOS/tasks.o
                0x0000000008000de4                xTaskIncrementTick
 .text.vTaskSwitchContext
                0x0000000008000ff0       0x8c FreeRTOS/tasks.o
                0x0000000008000ff0                vTaskSwitchContext
 .text.vTaskPlaceOnEventList
                0x000000000800107c       0x2c FreeRTOS/tasks.o
                0x000000000800107c                vTaskPlaceOnEventList
 .text.xTaskRemoveFromEventList
                0x00000000080010a8      0x190 FreeRTOS/tasks.o
                0x00000000080010a8                xTaskRemoveFromEventList
 .text.vTaskInternalSetTimeOutState
                0x0000000008001238       0x2c FreeRTOS/tasks.o
                0x0000000008001238                vTaskInternalSetTimeOutState
 .text.xTaskCheckForTimeOut
                0x0000000008001264       0x94 FreeRTOS/tasks.o
                0x0000000008001264                xTaskCheckForTimeOut
 .text.vTaskMissedYield
                0x00000000080012f8       0x18 FreeRTOS/tasks.o
                0x00000000080012f8                vTaskMissedYield
 .text.prvIdleTask
                0x0000000008001310       0x30 FreeRTOS/tasks.o
 .text.prvInitialiseTaskLists
                0x0000000008001340       0x80 FreeRTOS/tasks.o
 .text.prvCheckTasksWaitingTermination
                0x00000000080013c0       0x58 FreeRTOS/tasks.o
 .text.prvDeleteTCB
                0x0000000008001418       0x20 FreeRTOS/tasks.o
 .text.prvResetNextTaskUnblockTime
                0x0000000008001438       0x34 FreeRTOS/tasks.o
 .text.xTaskPriorityDisinherit
                0x000000000800146c      0x104 FreeRTOS/tasks.o
                0x000000000800146c                xTaskPriorityDisinherit
 .text.prvAddCurrentTaskToDelayedList
                0x0000000008001570      0x100 FreeRTOS/tasks.o
 .text.pxPortInitialiseStack
                0x0000000008001670       0x58 FreeRTOS/portable/ARM_CM3/port.o
                0x0000000008001670                pxPortInitialiseStack
 .text.prvTaskExitError
                0x00000000080016c8       0x2e FreeRTOS/portable/ARM_CM3/port.o
 *fill*         0x00000000080016f6        0xa 
 .text.SVC_Handler
                0x0000000008001700       0x28 FreeRTOS/portable/ARM_CM3/port.o
                0x0000000008001700                SVC_Handler
 .text.prvPortStartFirstTask
                0x0000000008001728       0x24 FreeRTOS/portable/ARM_CM3/port.o
 .text.xPortStartScheduler
                0x000000000800174c       0x40 FreeRTOS/portable/ARM_CM3/port.o
                0x000000000800174c                xPortStartScheduler
 .text.vPortEnterCritical
                0x000000000800178c       0x30 FreeRTOS/portable/ARM_CM3/port.o
                0x000000000800178c                vPortEnterCritical
 .text.vPortExitCritical
                0x00000000080017bc       0x30 FreeRTOS/portable/ARM_CM3/port.o
                0x00000000080017bc                vPortExitCritical
 *fill*         0x00000000080017ec        0x4 
 .text.PendSV_Handler
                0x00000000080017f0       0x48 FreeRTOS/portable/ARM_CM3/port.o
                0x00000000080017f0                PendSV_Handler
 .text.SysTick_Handler
                0x0000000008001838       0x40 FreeRTOS/portable/ARM_CM3/port.o
                0x0000000008001838                SysTick_Handler
 .text.vPortSetupTimerInterrupt
                0x0000000008001878       0x34 FreeRTOS/portable/ARM_CM3/port.o
                0x0000000008001878                vPortSetupTimerInterrupt
 .text.pvPortMalloc
                0x00000000080018ac       0xa4 FreeRTOS/portable/MemMang/heap_1.o
                0x00000000080018ac                pvPortMalloc
 .text.vPortFree
                0x0000000008001950       0x12 FreeRTOS/portable/MemMang/heap_1.o
                0x0000000008001950                vPortFree
 *fill*         0x0000000008001962        0x2 
 .text.LUNA_CallBack
                0x0000000008001964      0x194 HAL/LUNA_LIDAR.o
                0x0000000008001964                LUNA_CallBack
 .text.LUNA_INIT
                0x0000000008001af8      0x250 HAL/LUNA_LIDAR.o
                0x0000000008001af8                LUNA_INIT
 .text.EXTI0_IRQHandler
                0x0000000008001d48       0x24 MCAL/EXTI_Driver.o
                0x0000000008001d48                EXTI0_IRQHandler
 .text.EXTI1_IRQHandler
                0x0000000008001d6c       0x24 MCAL/EXTI_Driver.o
                0x0000000008001d6c                EXTI1_IRQHandler
 .text.EXTI2_IRQHandler
                0x0000000008001d90       0x24 MCAL/EXTI_Driver.o
                0x0000000008001d90                EXTI2_IRQHandler
 .text.EXTI3_IRQHandler
                0x0000000008001db4       0x24 MCAL/EXTI_Driver.o
                0x0000000008001db4                EXTI3_IRQHandler
 .text.EXTI4_IRQHandler
                0x0000000008001dd8       0x24 MCAL/EXTI_Driver.o
                0x0000000008001dd8                EXTI4_IRQHandler
 .text.EXTI9_5_IRQHandler
                0x0000000008001dfc       0xa8 MCAL/EXTI_Driver.o
                0x0000000008001dfc                EXTI9_5_IRQHandler
 .text.EXTI15_10_IRQHandler
                0x0000000008001ea4       0xc4 MCAL/EXTI_Driver.o
                0x0000000008001ea4                EXTI15_10_IRQHandler
 .text.Get_PIN_Positon
                0x0000000008001f68       0x34 MCAL/GPIO_Driver.o
                0x0000000008001f68                Get_PIN_Positon
 .text.MCAL_GPIO_init
                0x0000000008001f9c      0x1d0 MCAL/GPIO_Driver.o
                0x0000000008001f9c                MCAL_GPIO_init
 .text.MCAL_write_PIN
                0x000000000800216c       0x50 MCAL/GPIO_Driver.o
                0x000000000800216c                MCAL_write_PIN
 .text.TIM2_IRQHandler
                0x00000000080021bc       0xe0 MCAL/GP_Timers.o
                0x00000000080021bc                TIM2_IRQHandler
 .text.TIM3_IRQHandler
                0x000000000800229c       0xd0 MCAL/GP_Timers.o
                0x000000000800229c                TIM3_IRQHandler
 .text.TIM4_IRQHandler
                0x000000000800236c       0xdc MCAL/GP_Timers.o
                0x000000000800236c                TIM4_IRQHandler
 .text.MCAL_GET_SYS_CLCK
                0x0000000008002448       0x3c MCAL/RCC.o
                0x0000000008002448                MCAL_GET_SYS_CLCK
 .text.MCAL_GET_H_CLCK
                0x0000000008002484       0x28 MCAL/RCC.o
                0x0000000008002484                MCAL_GET_H_CLCK
 .text.MCAL_GET_PCLCK1
                0x00000000080024ac       0x28 MCAL/RCC.o
                0x00000000080024ac                MCAL_GET_PCLCK1
 .text.MCAL_GET_PCLCK2
                0x00000000080024d4       0x28 MCAL/RCC.o
                0x00000000080024d4                MCAL_GET_PCLCK2
 .text.SPI1_IRQHandler
                0x00000000080024fc       0x28 MCAL/SPI.o
                0x00000000080024fc                SPI1_IRQHandler
 .text.get_flag_source
                0x0000000008002524       0x6e MCAL/SPI.o
                0x0000000008002524                get_flag_source
 *fill*         0x0000000008002592        0x2 
 .text.TIM1_UP_IRQHandler
                0x0000000008002594       0x24 MCAL/Timer1_8.o
                0x0000000008002594                TIM1_UP_IRQHandler
 .text.TIM1_CC_IRQHandler
                0x00000000080025b8       0x24 MCAL/Timer1_8.o
                0x00000000080025b8                TIM1_CC_IRQHandler
 .text.TIM1_BRK_IRQHandler
                0x00000000080025dc       0x24 MCAL/Timer1_8.o
                0x00000000080025dc                TIM1_BRK_IRQHandler
 .text.TIM1_TRG_COM_IRQHandler
                0x0000000008002600       0x24 MCAL/Timer1_8.o
                0x0000000008002600                TIM1_TRG_COM_IRQHandler
 .text.MCAL_USART_init
                0x0000000008002624      0x2d0 MCAL/USART_Driver.o
                0x0000000008002624                MCAL_USART_init
 .text.MCAL_USART_SendData
                0x00000000080028f4       0x80 MCAL/USART_Driver.o
                0x00000000080028f4                MCAL_USART_SendData
 .text.MCAL_USART_ReciveData
                0x0000000008002974       0x94 MCAL/USART_Driver.o
                0x0000000008002974                MCAL_USART_ReciveData
 .text.SET_GPIO
                0x0000000008002a08       0xec MCAL/USART_Driver.o
                0x0000000008002a08                SET_GPIO
 .text.USART1_IRQHandler
                0x0000000008002af4       0x14 MCAL/USART_Driver.o
                0x0000000008002af4                USART1_IRQHandler
 .text.USART2_IRQHandler
                0x0000000008002b08       0x14 MCAL/USART_Driver.o
                0x0000000008002b08                USART2_IRQHandler
 .text.USART3_IRQHandler
                0x0000000008002b1c       0x14 MCAL/USART_Driver.o
                0x0000000008002b1c                USART3_IRQHandler
 .text.Error_Handller
                0x0000000008002b30        0x6 Src/main.o
                0x0000000008002b30                Error_Handller
 *fill*         0x0000000008002b36        0x2 
 .text.TSR_START
                0x0000000008002b38       0x24 Src/main.o
                0x0000000008002b38                TSR_START
 .text.TSR_Handller_TASK
                0x0000000008002b5c       0x34 Src/main.o
                0x0000000008002b5c                TSR_Handller_TASK
 .text.TSR_Flag_Read_TASK
                0x0000000008002b90       0x1c Src/main.o
                0x0000000008002b90                TSR_Flag_Read_TASK
 .text.TSR_call_Back
                0x0000000008002bac       0xac Src/main.o
                0x0000000008002bac                TSR_call_Back
 .text.TSR_init
                0x0000000008002c58       0x2c Src/main.o
                0x0000000008002c58                TSR_init
 .text.ACC_Handller_TASK
                0x0000000008002c84       0xbc Src/main.o
                0x0000000008002c84                ACC_Handller_TASK
 .text.ACC_LUNA_READ_TASK
                0x0000000008002d40       0x34 Src/main.o
                0x0000000008002d40                ACC_LUNA_READ_TASK
 .text.HW_init  0x0000000008002d74       0x34 Src/main.o
                0x0000000008002d74                HW_init
 .text.main     0x0000000008002da8      0x100 Src/main.o
                0x0000000008002da8                main
 .text.Reset_Handler
                0x0000000008002ea8       0x50 Startup/startup_stm32f103c6tx.o
                0x0000000008002ea8                Reset_Handler
 .text.Default_Handler
                0x0000000008002ef8        0x2 Startup/startup_stm32f103c6tx.o
                0x0000000008002ef8                TIM8_TRG_COM_IRQHandler
                0x0000000008002ef8                TIM8_CC_IRQHandler
                0x0000000008002ef8                DebugMon_Handler
                0x0000000008002ef8                HardFault_Handler
                0x0000000008002ef8                TIM6_IRQHandler
                0x0000000008002ef8                PVD_IRQHandler
                0x0000000008002ef8                SDIO_IRQHandler
                0x0000000008002ef8                NMI_Handler
                0x0000000008002ef8                USB_HP_CAN_TX_IRQHandler
                0x0000000008002ef8                I2C2_EV_IRQHandler
                0x0000000008002ef8                UsageFault_Handler
                0x0000000008002ef8                ADC1_2_IRQHandler
                0x0000000008002ef8                CAN_SCE_IRQHandler
                0x0000000008002ef8                TAMPER_IRQHandler
                0x0000000008002ef8                TIM8_UP_IRQHandler
                0x0000000008002ef8                DMA2_Channel2_IRQHandler
                0x0000000008002ef8                DMA1_Channel4_IRQHandler
                0x0000000008002ef8                RTC_IRQHandler
                0x0000000008002ef8                DMA1_Channel7_IRQHandler
                0x0000000008002ef8                UART5_IRQHandler
                0x0000000008002ef8                ADC3_IRQHandler
                0x0000000008002ef8                CAN_RX1_IRQHandler
                0x0000000008002ef8                DMA2_Channel1_IRQHandler
                0x0000000008002ef8                I2C1_EV_IRQHandler
                0x0000000008002ef8                DMA1_Channel6_IRQHandler
                0x0000000008002ef8                UART4_IRQHandler
                0x0000000008002ef8                RCC_IRQHandler
                0x0000000008002ef8                DMA1_Channel1_IRQHandler
                0x0000000008002ef8                Default_Handler
                0x0000000008002ef8                TIM7_IRQHandler
                0x0000000008002ef8                TIM5_IRQHandler
                0x0000000008002ef8                SPI2_IRQHandler
                0x0000000008002ef8                USB_LP_CAN_RX0_IRQHandler
                0x0000000008002ef8                MemManage_Handler
                0x0000000008002ef8                DMA1_Channel5_IRQHandler
                0x0000000008002ef8                DMA1_Channel3_IRQHandler
                0x0000000008002ef8                FSMC_IRQHandler
                0x0000000008002ef8                WWDG_IRQHandler
                0x0000000008002ef8                RTCAlarm_IRQHandler
                0x0000000008002ef8                DMA2_Channel4_5_IRQHandler
                0x0000000008002ef8                I2C2_ER_IRQHandler
                0x0000000008002ef8                DMA1_Channel2_IRQHandler
                0x0000000008002ef8                TIM8_BRK_IRQHandler
                0x0000000008002ef8                FLASH_IRQHandler
                0x0000000008002ef8                BusFault_Handler
                0x0000000008002ef8                SPI3_IRQHandler
                0x0000000008002ef8                I2C1_ER_IRQHandler
                0x0000000008002ef8                DMA2_Channel3_IRQHandler
 *fill*         0x0000000008002efa        0x2 
 .text.__libc_init_array
                0x0000000008002efc       0x48 c:/st/stm32cubeide_1.4.0/stm32cubeide/plugins/com.st.stm32cube.ide.mcu.externaltools.gnu-tools-for-stm32.7-2018-q2-update.win32_1.4.0.202007081208/tools/bin/../lib/gcc/arm-none-eabi/7.3.1/../../../../arm-none-eabi/lib/thumb/v7-m\libc_nano.a(lib_a-init.o)
                0x0000000008002efc                __libc_init_array
 .text.memcpy   0x0000000008002f44       0x16 c:/st/stm32cubeide_1.4.0/stm32cubeide/plugins/com.st.stm32cube.ide.mcu.externaltools.gnu-tools-for-stm32.7-2018-q2-update.win32_1.4.0.202007081208/tools/bin/../lib/gcc/arm-none-eabi/7.3.1/../../../../arm-none-eabi/lib/thumb/v7-m\libc_nano.a(lib_a-memcpy-stub.o)
                0x0000000008002f44                memcpy
 .text.memset   0x0000000008002f5a       0x10 c:/st/stm32cubeide_1.4.0/stm32cubeide/plugins/com.st.stm32cube.ide.mcu.externaltools.gnu-tools-for-stm32.7-2018-q2-update.win32_1.4.0.202007081208/tools/bin/../lib/gcc/arm-none-eabi/7.3.1/../../../../arm-none-eabi/lib/thumb/v7-m\libc_nano.a(lib_a-memset.o)
                0x0000000008002f5a                memset
 *(.glue_7)
 .glue_7        0x0000000008002f6a        0x0 linker stubs
 *(.glue_7t)
 .glue_7t       0x0000000008002f6a        0x0 linker stubs
 *(.eh_frame)
 *fill*         0x0000000008002f6a        0x2 
 .eh_frame      0x0000000008002f6c        0x0 c:/st/stm32cubeide_1.4.0/stm32cubeide/plugins/com.st.stm32cube.ide.mcu.externaltools.gnu-tools-for-stm32.7-2018-q2-update.win32_1.4.0.202007081208/tools/bin/../lib/gcc/arm-none-eabi/7.3.1/thumb/v7-m/crtbegin.o
 *(.init)
 .init          0x0000000008002f6c        0x4 c:/st/stm32cubeide_1.4.0/stm32cubeide/plugins/com.st.stm32cube.ide.mcu.externaltools.gnu-tools-for-stm32.7-2018-q2-update.win32_1.4.0.202007081208/tools/bin/../lib/gcc/arm-none-eabi/7.3.1/thumb/v7-m/crti.o
                0x0000000008002f6c                _init
 .init          0x0000000008002f70        0x8 c:/st/stm32cubeide_1.4.0/stm32cubeide/plugins/com.st.stm32cube.ide.mcu.externaltools.gnu-tools-for-stm32.7-2018-q2-update.win32_1.4.0.202007081208/tools/bin/../lib/gcc/arm-none-eabi/7.3.1/thumb/v7-m/crtn.o
 *(.fini)
 .fini          0x0000000008002f78        0x4 c:/st/stm32cubeide_1.4.0/stm32cubeide/plugins/com.st.stm32cube.ide.mcu.externaltools.gnu-tools-for-stm32.7-2018-q2-update.win32_1.4.0.202007081208/tools/bin/../lib/gcc/arm-none-eabi/7.3.1/thumb/v7-m/crti.o
                0x0000000008002f78                _fini
 .fini          0x0000000008002f7c        0x8 c:/st/stm32cubeide_1.4.0/stm32cubeide/plugins/com.st.stm32cube.ide.mcu.externaltools.gnu-tools-for-stm32.7-2018-q2-update.win32_1.4.0.202007081208/tools/bin/../lib/gcc/arm-none-eabi/7.3.1/thumb/v7-m/crtn.o
                0x0000000008002f84                . = ALIGN (0x4)
                0x0000000008002f84                _etext = .

.vfp11_veneer   0x0000000008002f84        0x0
 .vfp11_veneer  0x0000000008002f84        0x0 linker stubs

.v4_bx          0x0000000008002f84        0x0
 .v4_bx         0x0000000008002f84        0x0 linker stubs

.iplt           0x0000000008002f84        0x0
 .iplt          0x0000000008002f84        0x0 c:/st/stm32cubeide_1.4.0/stm32cubeide/plugins/com.st.stm32cube.ide.mcu.externaltools.gnu-tools-for-stm32.7-2018-q2-update.win32_1.4.0.202007081208/tools/bin/../lib/gcc/arm-none-eabi/7.3.1/thumb/v7-m/crtbegin.o

.rodata         0x0000000008002f84       0x88
                0x0000000008002f84                . = ALIGN (0x4)
 *(.rodata)
 .rodata        0x0000000008002f84        0x5 FreeRTOS/tasks.o
 *fill*         0x0000000008002f89        0x3 
 .rodata        0x0000000008002f8c       0x10 HAL/LUNA_LIDAR.o
 .rodata        0x0000000008002f9c       0x18 MCAL/USART_Driver.o
 .rodata        0x0000000008002fb4       0x56 Src/main.o
 *(.rodata*)
                0x000000000800300c                . = ALIGN (0x4)
 *fill*         0x000000000800300a        0x2 

.rel.dyn        0x000000000800300c        0x0
 .rel.iplt      0x000000000800300c        0x0 c:/st/stm32cubeide_1.4.0/stm32cubeide/plugins/com.st.stm32cube.ide.mcu.externaltools.gnu-tools-for-stm32.7-2018-q2-update.win32_1.4.0.202007081208/tools/bin/../lib/gcc/arm-none-eabi/7.3.1/thumb/v7-m/crtbegin.o

.ARM.extab      0x000000000800300c        0x0
                0x000000000800300c                . = ALIGN (0x4)
 *(.ARM.extab* .gnu.linkonce.armextab.*)
                0x000000000800300c                . = ALIGN (0x4)

.ARM            0x000000000800300c        0x0
                0x000000000800300c                . = ALIGN (0x4)
                0x000000000800300c                __exidx_start = .
 *(.ARM.exidx*)
                0x000000000800300c                __exidx_end = .
                0x000000000800300c                . = ALIGN (0x4)

.preinit_array  0x000000000800300c        0x0
                0x000000000800300c                . = ALIGN (0x4)
                0x000000000800300c                PROVIDE (__preinit_array_start = .)
 *(.preinit_array*)
                0x000000000800300c                PROVIDE (__preinit_array_end = .)
                0x000000000800300c                . = ALIGN (0x4)

.init_array     0x000000000800300c        0x4
                0x000000000800300c                . = ALIGN (0x4)
                0x000000000800300c                PROVIDE (__init_array_start = .)
 *(SORT_BY_NAME(.init_array.*))
 *(.init_array*)
 .init_array    0x000000000800300c        0x4 c:/st/stm32cubeide_1.4.0/stm32cubeide/plugins/com.st.stm32cube.ide.mcu.externaltools.gnu-tools-for-stm32.7-2018-q2-update.win32_1.4.0.202007081208/tools/bin/../lib/gcc/arm-none-eabi/7.3.1/thumb/v7-m/crtbegin.o
                0x0000000008003010                PROVIDE (__init_array_end = .)
                0x0000000008003010                . = ALIGN (0x4)

.fini_array     0x0000000008003010        0x4
                0x0000000008003010                . = ALIGN (0x4)
                [!provide]                        PROVIDE (__fini_array_start = .)
 *(SORT_BY_NAME(.fini_array.*))
 *(.fini_array*)
 .fini_array    0x0000000008003010        0x4 c:/st/stm32cubeide_1.4.0/stm32cubeide/plugins/com.st.stm32cube.ide.mcu.externaltools.gnu-tools-for-stm32.7-2018-q2-update.win32_1.4.0.202007081208/tools/bin/../lib/gcc/arm-none-eabi/7.3.1/thumb/v7-m/crtbegin.o
                [!provide]                        PROVIDE (__fini_array_end = .)
                0x0000000008003014                . = ALIGN (0x4)
                0x0000000008003014                _sidata = LOADADDR (.data)

.data           0x0000000020000000       0x1c load address 0x0000000008003014
                0x0000000020000000                . = ALIGN (0x4)
                0x0000000020000000                _sdata = .
 *(.data)
 *(.data*)
 .data.uxTopUsedPriority
                0x0000000020000000        0x4 FreeRTOS/tasks.o
                0x0000000020000000                uxTopUsedPriority
 .data.uxCriticalNesting
                0x0000000020000004        0x4 FreeRTOS/portable/ARM_CM3/port.o
 .data.AHB_Prescaler
                0x0000000020000008       0x11 MCAL/RCC.o
                0x0000000020000008                AHB_Prescaler
 .data.GR_TSR_FLAG_START
                0x0000000020000019        0x1 Src/main.o
                0x0000000020000019                GR_TSR_FLAG_START
 *(.RamFunc)
 *(.RamFunc*)
                0x000000002000001c                . = ALIGN (0x4)
 *fill*         0x000000002000001a        0x2 
                0x000000002000001c                _edata = .

.igot.plt       0x000000002000001c        0x0 load address 0x0000000008003030
 .igot.plt      0x000000002000001c        0x0 c:/st/stm32cubeide_1.4.0/stm32cubeide/plugins/com.st.stm32cube.ide.mcu.externaltools.gnu-tools-for-stm32.7-2018-q2-update.win32_1.4.0.202007081208/tools/bin/../lib/gcc/arm-none-eabi/7.3.1/thumb/v7-m/crtbegin.o
                0x000000002000001c                . = ALIGN (0x4)

.bss            0x000000002000001c     0x2168 load address 0x0000000008003030
                0x000000002000001c                _sbss = .
                0x000000002000001c                __bss_start__ = _sbss
 *(.bss)
 .bss           0x000000002000001c       0x1c c:/st/stm32cubeide_1.4.0/stm32cubeide/plugins/com.st.stm32cube.ide.mcu.externaltools.gnu-tools-for-stm32.7-2018-q2-update.win32_1.4.0.202007081208/tools/bin/../lib/gcc/arm-none-eabi/7.3.1/thumb/v7-m/crtbegin.o
 *(.bss*)
 .bss.pxCurrentTCB
                0x0000000020000038        0x4 FreeRTOS/tasks.o
                0x0000000020000038                pxCurrentTCB
 .bss.pxReadyTasksLists
                0x000000002000003c       0x64 FreeRTOS/tasks.o
 .bss.xDelayedTaskList1
                0x00000000200000a0       0x14 FreeRTOS/tasks.o
 .bss.xDelayedTaskList2
                0x00000000200000b4       0x14 FreeRTOS/tasks.o
 .bss.pxDelayedTaskList
                0x00000000200000c8        0x4 FreeRTOS/tasks.o
 .bss.pxOverflowDelayedTaskList
                0x00000000200000cc        0x4 FreeRTOS/tasks.o
 .bss.xPendingReadyList
                0x00000000200000d0       0x14 FreeRTOS/tasks.o
 .bss.xTasksWaitingTermination
                0x00000000200000e4       0x14 FreeRTOS/tasks.o
 .bss.uxDeletedTasksWaitingCleanUp
                0x00000000200000f8        0x4 FreeRTOS/tasks.o
 .bss.xSuspendedTaskList
                0x00000000200000fc       0x14 FreeRTOS/tasks.o
 .bss.uxCurrentNumberOfTasks
                0x0000000020000110        0x4 FreeRTOS/tasks.o
 .bss.xTickCount
                0x0000000020000114        0x4 FreeRTOS/tasks.o
 .bss.uxTopReadyPriority
                0x0000000020000118        0x4 FreeRTOS/tasks.o
 .bss.xSchedulerRunning
                0x000000002000011c        0x4 FreeRTOS/tasks.o
 .bss.xPendedTicks
                0x0000000020000120        0x4 FreeRTOS/tasks.o
 .bss.xYieldPending
                0x0000000020000124        0x4 FreeRTOS/tasks.o
 .bss.xNumOfOverflows
                0x0000000020000128        0x4 FreeRTOS/tasks.o
 .bss.uxTaskNumber
                0x000000002000012c        0x4 FreeRTOS/tasks.o
 .bss.xNextTaskUnblockTime
                0x0000000020000130        0x4 FreeRTOS/tasks.o
 .bss.xIdleTaskHandle
                0x0000000020000134        0x4 FreeRTOS/tasks.o
 .bss.uxSchedulerSuspended
                0x0000000020000138        0x4 FreeRTOS/tasks.o
 .bss.ucHeap    0x000000002000013c     0x1f40 FreeRTOS/portable/MemMang/heap_1.o
 .bss.xNextFreeByte
                0x000000002000207c        0x4 FreeRTOS/portable/MemMang/heap_1.o
 .bss.pucAlignedHeap.5128
                0x0000000020002080        0x4 FreeRTOS/portable/MemMang/heap_1.o
 .bss.LUNA_dis  0x0000000020002084        0x2 HAL/LUNA_LIDAR.o
                0x0000000020002084                LUNA_dis
 .bss.LUNA_AMP  0x0000000020002086        0x2 HAL/LUNA_LIDAR.o
                0x0000000020002086                LUNA_AMP
 .bss.LUNA_TEMP
                0x0000000020002088        0x2 HAL/LUNA_LIDAR.o
                0x0000000020002088                LUNA_TEMP
 .bss.LUNA_CheckSum
                0x000000002000208a        0x1 HAL/LUNA_LIDAR.o
                0x000000002000208a                LUNA_CheckSum
 .bss.x.5003    0x000000002000208b        0x1 HAL/LUNA_LIDAR.o
 .bss.G_P_Config_t
                0x000000002000208c       0x20 MCAL/SPI.o
                0x000000002000208c                G_P_Config_t
 .bss.GR_TSR_FLAG_rec
                0x00000000200020ac        0x1 Src/main.o
                0x00000000200020ac                GR_TSR_FLAG_rec
 .bss.GR_TSR_FLAG_OLED
                0x00000000200020ad        0x1 Src/main.o
                0x00000000200020ad                GR_TSR_FLAG_OLED
 .bss.GR_TSR_FLAG_OLED_send
                0x00000000200020ae        0x1 Src/main.o
                0x00000000200020ae                GR_TSR_FLAG_OLED_send
 .bss.GR_TSR_FLAG_OLED_FINAL
                0x00000000200020af        0x1 Src/main.o
                0x00000000200020af                GR_TSR_FLAG_OLED_FINAL
 .bss.temp      0x00000000200020b0        0x1 Src/main.o
                0x00000000200020b0                temp
 *fill*         0x00000000200020b1        0x1 
 .bss.ACC_dis   0x00000000200020b2        0x2 Src/main.o
                0x00000000200020b2                ACC_dis
 .bss.ACC_AMP   0x00000000200020b4        0x2 Src/main.o
                0x00000000200020b4                ACC_AMP
 .bss.i.5524    0x00000000200020b6        0x1 Src/main.o
 *(COMMON)
 *fill*         0x00000000200020b7        0x1 
 COMMON         0x00000000200020b8       0x3c MCAL/EXTI_Driver.o
                0x00000000200020b8                g_P_CALLBACK_f
 COMMON         0x00000000200020f4       0x3c MCAL/GP_Timers.o
                0x00000000200020f4                g_GP_Sitting
                0x0000000020002124                g_GP_ICU_MEM
                0x000000002000212c                g_GP_TIMX
 COMMON         0x0000000020002130       0x14 MCAL/Timer1_8.o
                0x0000000020002130                g_Sitting
                0x0000000020002140                g_TIMX
 COMMON         0x0000000020002144       0x30 MCAL/USART_Driver.o
                0x0000000020002144                G_P_config
 COMMON         0x0000000020002174       0x10 Src/main.o
                0x0000000020002174                TSR__Flags_Queue
                0x0000000020002178                xSemaphore
                0x000000002000217c                ACC__dis_Queue
                0x0000000020002180                ACC__AMP_Queue
                0x0000000020002184                . = ALIGN (0x4)
                0x0000000020002184                _ebss = .
                0x0000000020002184                __bss_end__ = _ebss

._user_heap_stack
                0x0000000020002184      0x604 load address 0x0000000008003030
                0x0000000020002188                . = ALIGN (0x8)
 *fill*         0x0000000020002184        0x4 
                [!provide]                        PROVIDE (end = .)
                0x0000000020002188                PROVIDE (_end = .)
                0x0000000020002388                . = (. + _Min_Heap_Size)
 *fill*         0x0000000020002188      0x200 
                0x0000000020002788                . = (. + _Min_Stack_Size)
 *fill*         0x0000000020002388      0x400 
                0x0000000020002788                . = ALIGN (0x8)

/DISCARD/
 libc.a(*)
 libm.a(*)
 libgcc.a(*)

.ARM.attributes
                0x0000000000000000       0x29
 *(.ARM.attributes)
 .ARM.attributes
                0x0000000000000000       0x1d c:/st/stm32cubeide_1.4.0/stm32cubeide/plugins/com.st.stm32cube.ide.mcu.externaltools.gnu-tools-for-stm32.7-2018-q2-update.win32_1.4.0.202007081208/tools/bin/../lib/gcc/arm-none-eabi/7.3.1/thumb/v7-m/crti.o
 .ARM.attributes
                0x000000000000001d       0x2d c:/st/stm32cubeide_1.4.0/stm32cubeide/plugins/com.st.stm32cube.ide.mcu.externaltools.gnu-tools-for-stm32.7-2018-q2-update.win32_1.4.0.202007081208/tools/bin/../lib/gcc/arm-none-eabi/7.3.1/thumb/v7-m/crtbegin.o
 .ARM.attributes
                0x000000000000004a       0x33 FreeRTOS/list.o
 .ARM.attributes
                0x000000000000007d       0x33 FreeRTOS/queue.o
 .ARM.attributes
                0x00000000000000b0       0x33 FreeRTOS/tasks.o
 .ARM.attributes
                0x00000000000000e3       0x33 FreeRTOS/portable/ARM_CM3/port.o
 .ARM.attributes
                0x0000000000000116       0x33 FreeRTOS/portable/MemMang/heap_1.o
 .ARM.attributes
                0x0000000000000149       0x33 HAL/LUNA_LIDAR.o
 .ARM.attributes
                0x000000000000017c       0x33 MCAL/EXTI_Driver.o
 .ARM.attributes
                0x00000000000001af       0x33 MCAL/GPIO_Driver.o
 .ARM.attributes
                0x00000000000001e2       0x33 MCAL/GP_Timers.o
 .ARM.attributes
                0x0000000000000215       0x33 MCAL/RCC.o
 .ARM.attributes
                0x0000000000000248       0x33 MCAL/SPI.o
 .ARM.attributes
                0x000000000000027b       0x33 MCAL/Timer1_8.o
 .ARM.attributes
                0x00000000000002ae       0x33 MCAL/USART_Driver.o
 .ARM.attributes
                0x00000000000002e1       0x33 Src/main.o
 .ARM.attributes
                0x0000000000000314       0x21 Startup/startup_stm32f103c6tx.o
 .ARM.attributes
                0x0000000000000335       0x2d c:/st/stm32cubeide_1.4.0/stm32cubeide/plugins/com.st.stm32cube.ide.mcu.externaltools.gnu-tools-for-stm32.7-2018-q2-update.win32_1.4.0.202007081208/tools/bin/../lib/gcc/arm-none-eabi/7.3.1/../../../../arm-none-eabi/lib/thumb/v7-m\libc_nano.a(lib_a-init.o)
 .ARM.attributes
                0x0000000000000362       0x2d c:/st/stm32cubeide_1.4.0/stm32cubeide/plugins/com.st.stm32cube.ide.mcu.externaltools.gnu-tools-for-stm32.7-2018-q2-update.win32_1.4.0.202007081208/tools/bin/../lib/gcc/arm-none-eabi/7.3.1/../../../../arm-none-eabi/lib/thumb/v7-m\libc_nano.a(lib_a-memcpy-stub.o)
 .ARM.attributes
                0x000000000000038f       0x2d c:/st/stm32cubeide_1.4.0/stm32cubeide/plugins/com.st.stm32cube.ide.mcu.externaltools.gnu-tools-for-stm32.7-2018-q2-update.win32_1.4.0.202007081208/tools/bin/../lib/gcc/arm-none-eabi/7.3.1/../../../../arm-none-eabi/lib/thumb/v7-m\libc_nano.a(lib_a-memset.o)
 .ARM.attributes
                0x00000000000003bc       0x1d c:/st/stm32cubeide_1.4.0/stm32cubeide/plugins/com.st.stm32cube.ide.mcu.externaltools.gnu-tools-for-stm32.7-2018-q2-update.win32_1.4.0.202007081208/tools/bin/../lib/gcc/arm-none-eabi/7.3.1/thumb/v7-m/crtn.o
OUTPUT(Graduation_Project_Final.axf elf32-littlearm)

.debug_info     0x0000000000000000     0xb514
 .debug_info    0x0000000000000000      0xbd9 FreeRTOS/list.o
 .debug_info    0x0000000000000bd9     0x18a3 FreeRTOS/queue.o
 .debug_info    0x000000000000247c     0x23dd FreeRTOS/tasks.o
 .debug_info    0x0000000000004859      0x318 FreeRTOS/portable/ARM_CM3/port.o
 .debug_info    0x0000000000004b71      0xa8e FreeRTOS/portable/MemMang/heap_1.o
 .debug_info    0x00000000000055ff      0x3e8 HAL/LUNA_LIDAR.o
 .debug_info    0x00000000000059e7      0x523 MCAL/EXTI_Driver.o
 .debug_info    0x0000000000005f0a      0x53f MCAL/GPIO_Driver.o
 .debug_info    0x0000000000006449     0x2153 MCAL/GP_Timers.o
 .debug_info    0x000000000000859c      0x21a MCAL/RCC.o
 .debug_info    0x00000000000087b6      0xbcd MCAL/SPI.o
 .debug_info    0x0000000000009383     0x136e MCAL/Timer1_8.o
 .debug_info    0x000000000000a6f1      0x6cb MCAL/USART_Driver.o
 .debug_info    0x000000000000adbc      0x736 Src/main.o
 .debug_info    0x000000000000b4f2       0x22 Startup/startup_stm32f103c6tx.o

.debug_abbrev   0x0000000000000000     0x190d
 .debug_abbrev  0x0000000000000000      0x1c2 FreeRTOS/list.o
 .debug_abbrev  0x00000000000001c2      0x299 FreeRTOS/queue.o
 .debug_abbrev  0x000000000000045b      0x329 FreeRTOS/tasks.o
 .debug_abbrev  0x0000000000000784      0x1e5 FreeRTOS/portable/ARM_CM3/port.o
 .debug_abbrev  0x0000000000000969      0x1eb FreeRTOS/portable/MemMang/heap_1.o
 .debug_abbrev  0x0000000000000b54      0x100 HAL/LUNA_LIDAR.o
 .debug_abbrev  0x0000000000000c54      0x165 MCAL/EXTI_Driver.o
 .debug_abbrev  0x0000000000000db9      0x128 MCAL/GPIO_Driver.o
 .debug_abbrev  0x0000000000000ee1      0x2ad MCAL/GP_Timers.o
 .debug_abbrev  0x000000000000118e       0xc1 MCAL/RCC.o
 .debug_abbrev  0x000000000000124f      0x1c9 MCAL/SPI.o
 .debug_abbrev  0x0000000000001418      0x1e2 MCAL/Timer1_8.o
 .debug_abbrev  0x00000000000015fa      0x187 MCAL/USART_Driver.o
 .debug_abbrev  0x0000000000001781      0x17a Src/main.o
 .debug_abbrev  0x00000000000018fb       0x12 Startup/startup_stm32f103c6tx.o

.debug_loc      0x0000000000000000     0x3358
 .debug_loc     0x0000000000000000      0x1cc FreeRTOS/list.o
 .debug_loc     0x00000000000001cc      0x804 FreeRTOS/queue.o
 .debug_loc     0x00000000000009d0     0x103c FreeRTOS/tasks.o
 .debug_loc     0x0000000000001a0c      0x274 FreeRTOS/portable/ARM_CM3/port.o
 .debug_loc     0x0000000000001c80      0x134 FreeRTOS/portable/MemMang/heap_1.o
 .debug_loc     0x0000000000001db4       0x7c HAL/LUNA_LIDAR.o
 .debug_loc     0x0000000000001e30      0x23c MCAL/EXTI_Driver.o
 .debug_loc     0x000000000000206c      0x38c MCAL/GPIO_Driver.o
 .debug_loc     0x00000000000023f8      0x4a4 MCAL/GP_Timers.o
 .debug_loc     0x000000000000289c       0xc8 MCAL/RCC.o
 .debug_loc     0x0000000000002964      0x260 MCAL/SPI.o
 .debug_loc     0x0000000000002bc4      0x350 MCAL/Timer1_8.o
 .debug_loc     0x0000000000002f14      0x238 MCAL/USART_Driver.o
 .debug_loc     0x000000000000314c      0x20c Src/main.o

.debug_aranges  0x0000000000000000      0x6f0
 .debug_aranges
                0x0000000000000000       0x40 FreeRTOS/list.o
 .debug_aranges
                0x0000000000000040       0xe0 FreeRTOS/queue.o
 .debug_aranges
                0x0000000000000120      0x1b0 FreeRTOS/tasks.o
 .debug_aranges
                0x00000000000002d0       0x70 FreeRTOS/portable/ARM_CM3/port.o
 .debug_aranges
                0x0000000000000340       0x38 FreeRTOS/portable/MemMang/heap_1.o
 .debug_aranges
                0x0000000000000378       0x28 HAL/LUNA_LIDAR.o
 .debug_aranges
                0x00000000000003a0       0x68 MCAL/EXTI_Driver.o
 .debug_aranges
                0x0000000000000408       0x68 MCAL/GPIO_Driver.o
 .debug_aranges
                0x0000000000000470       0x90 MCAL/GP_Timers.o
 .debug_aranges
                0x0000000000000500       0x38 MCAL/RCC.o
 .debug_aranges
                0x0000000000000538       0x50 MCAL/SPI.o
 .debug_aranges
                0x0000000000000588       0x80 MCAL/Timer1_8.o
 .debug_aranges
                0x0000000000000608       0x58 MCAL/USART_Driver.o
 .debug_aranges
                0x0000000000000660       0x68 Src/main.o
 .debug_aranges
                0x00000000000006c8       0x28 Startup/startup_stm32f103c6tx.o

.debug_ranges   0x0000000000000000      0x608
 .debug_ranges  0x0000000000000000       0x30 FreeRTOS/list.o
 .debug_ranges  0x0000000000000030       0xd0 FreeRTOS/queue.o
 .debug_ranges  0x0000000000000100      0x1a0 FreeRTOS/tasks.o
 .debug_ranges  0x00000000000002a0       0x60 FreeRTOS/portable/ARM_CM3/port.o
 .debug_ranges  0x0000000000000300       0x28 FreeRTOS/portable/MemMang/heap_1.o
 .debug_ranges  0x0000000000000328       0x18 HAL/LUNA_LIDAR.o
 .debug_ranges  0x0000000000000340       0x58 MCAL/EXTI_Driver.o
 .debug_ranges  0x0000000000000398       0x58 MCAL/GPIO_Driver.o
 .debug_ranges  0x00000000000003f0       0x80 MCAL/GP_Timers.o
 .debug_ranges  0x0000000000000470       0x28 MCAL/RCC.o
 .debug_ranges  0x0000000000000498       0x40 MCAL/SPI.o
 .debug_ranges  0x00000000000004d8       0x70 MCAL/Timer1_8.o
 .debug_ranges  0x0000000000000548       0x48 MCAL/USART_Driver.o
 .debug_ranges  0x0000000000000590       0x58 Src/main.o
 .debug_ranges  0x00000000000005e8       0x20 Startup/startup_stm32f103c6tx.o

.debug_macro    0x0000000000000000     0x147f
 .debug_macro   0x0000000000000000      0x18b FreeRTOS/list.o
 .debug_macro   0x000000000000018b      0x222 FreeRTOS/queue.o
 .debug_macro   0x00000000000003ad       0x16 FreeRTOS/queue.o
 .debug_macro   0x00000000000003c3       0x35 FreeRTOS/queue.o
 .debug_macro   0x00000000000003f8       0x20 FreeRTOS/queue.o
 .debug_macro   0x0000000000000418       0x80 FreeRTOS/queue.o
 .debug_macro   0x0000000000000498      0x271 FreeRTOS/tasks.o
 .debug_macro   0x0000000000000709       0x17 FreeRTOS/tasks.o
 .debug_macro   0x0000000000000720      0x183 FreeRTOS/portable/ARM_CM3/port.o
 .debug_macro   0x00000000000008a3      0x1a0 FreeRTOS/portable/MemMang/heap_1.o
 .debug_macro   0x0000000000000a43       0xac HAL/LUNA_LIDAR.o
 .debug_macro   0x0000000000000aef       0x10 HAL/LUNA_LIDAR.o
 .debug_macro   0x0000000000000aff       0x1c HAL/LUNA_LIDAR.o
 .debug_macro   0x0000000000000b1b       0x46 HAL/LUNA_LIDAR.o
 .debug_macro   0x0000000000000b61       0x98 MCAL/EXTI_Driver.o
 .debug_macro   0x0000000000000bf9      0x346 MCAL/EXTI_Driver.o
 .debug_macro   0x0000000000000f3f       0x85 MCAL/GPIO_Driver.o
 .debug_macro   0x0000000000000fc4       0x95 MCAL/GP_Timers.o
 .debug_macro   0x0000000000001059       0x8a MCAL/RCC.o
 .debug_macro   0x00000000000010e3       0x16 MCAL/RCC.o
 .debug_macro   0x00000000000010f9       0x94 MCAL/SPI.o
 .debug_macro   0x000000000000118d       0x8f MCAL/Timer1_8.o
 .debug_macro   0x000000000000121c       0x9d MCAL/USART_Driver.o
 .debug_macro   0x00000000000012b9      0x14e Src/main.o
 .debug_macro   0x0000000000001407       0x16 Src/main.o
 .debug_macro   0x000000000000141d       0x62 Src/main.o

.debug_line     0x0000000000000000     0x64d6
 .debug_line    0x0000000000000000      0x6d1 FreeRTOS/list.o
 .debug_line    0x00000000000006d1      0xaf9 FreeRTOS/queue.o
 .debug_line    0x00000000000011ca      0xf8c FreeRTOS/tasks.o
 .debug_line    0x0000000000002156      0x646 FreeRTOS/portable/ARM_CM3/port.o
 .debug_line    0x000000000000279c      0x6c8 FreeRTOS/portable/MemMang/heap_1.o
 .debug_line    0x0000000000002e64      0x53c HAL/LUNA_LIDAR.o
 .debug_line    0x00000000000033a0      0x5a4 MCAL/EXTI_Driver.o
 .debug_line    0x0000000000003944      0x588 MCAL/GPIO_Driver.o
 .debug_line    0x0000000000003ecc      0x935 MCAL/GP_Timers.o
 .debug_line    0x0000000000004801      0x456 MCAL/RCC.o
 .debug_line    0x0000000000004c57      0x5d3 MCAL/SPI.o
 .debug_line    0x000000000000522a      0x58a MCAL/Timer1_8.o
 .debug_line    0x00000000000057b4      0x542 MCAL/USART_Driver.o
 .debug_line    0x0000000000005cf6      0x75c Src/main.o
 .debug_line    0x0000000000006452       0x84 Startup/startup_stm32f103c6tx.o

.debug_str      0x0000000000000000    0x12920
 .debug_str     0x0000000000000000     0xaaaa FreeRTOS/list.o
                                       0xad2f (size before relaxing)
 .debug_str     0x000000000000aaaa     0x2373 FreeRTOS/queue.o
                                       0xd084 (size before relaxing)
 .debug_str     0x000000000000ce1d     0x19ea FreeRTOS/tasks.o
                                       0xdab2 (size before relaxing)
 .debug_str     0x000000000000e807      0x667 FreeRTOS/portable/ARM_CM3/port.o
                                       0x94f0 (size before relaxing)
 .debug_str     0x000000000000ee6e       0xd2 FreeRTOS/portable/MemMang/heap_1.o
                                       0xbf2d (size before relaxing)
 .debug_str     0x000000000000ef40      0xc15 HAL/LUNA_LIDAR.o
                                       0x4875 (size before relaxing)
 .debug_str     0x000000000000fb55     0x1685 MCAL/EXTI_Driver.o
                                       0x5a0b (size before relaxing)
 .debug_str     0x00000000000111da      0x15b MCAL/GPIO_Driver.o
                                       0x4589 (size before relaxing)
 .debug_str     0x0000000000011335      0x84e MCAL/GP_Timers.o
                                       0x4dba (size before relaxing)
 .debug_str     0x0000000000011b83       0x6c MCAL/RCC.o
                                       0x4458 (size before relaxing)
 .debug_str     0x0000000000011bef      0x383 MCAL/SPI.o
                                       0x4883 (size before relaxing)
 .debug_str     0x0000000000011f72      0x17d MCAL/Timer1_8.o
                                       0x4b22 (size before relaxing)
 .debug_str     0x00000000000120ef       0xba MCAL/USART_Driver.o
                                       0x4997 (size before relaxing)
 .debug_str     0x00000000000121a9      0x746 Src/main.o
                                       0xa99f (size before relaxing)
 .debug_str     0x00000000000128ef       0x31 Startup/startup_stm32f103c6tx.o
                                         0xa2 (size before relaxing)

.comment        0x0000000000000000       0x7b
 .comment       0x0000000000000000       0x7b FreeRTOS/list.o
                                         0x7c (size before relaxing)
 .comment       0x000000000000007b       0x7c FreeRTOS/queue.o
 .comment       0x000000000000007b       0x7c FreeRTOS/tasks.o
 .comment       0x000000000000007b       0x7c FreeRTOS/portable/ARM_CM3/port.o
 .comment       0x000000000000007b       0x7c FreeRTOS/portable/MemMang/heap_1.o
 .comment       0x000000000000007b       0x7c HAL/LUNA_LIDAR.o
 .comment       0x000000000000007b       0x7c MCAL/EXTI_Driver.o
 .comment       0x000000000000007b       0x7c MCAL/GPIO_Driver.o
 .comment       0x000000000000007b       0x7c MCAL/GP_Timers.o
 .comment       0x000000000000007b       0x7c MCAL/RCC.o
 .comment       0x000000000000007b       0x7c MCAL/SPI.o
 .comment       0x000000000000007b       0x7c MCAL/Timer1_8.o
 .comment       0x000000000000007b       0x7c MCAL/USART_Driver.o
 .comment       0x000000000000007b       0x7c Src/main.o

.debug_frame    0x0000000000000000     0x1994
 .debug_frame   0x0000000000000000       0xd8 FreeRTOS/list.o
 .debug_frame   0x00000000000000d8      0x3ac FreeRTOS/queue.o
 .debug_frame   0x0000000000000484      0x75c FreeRTOS/tasks.o
 .debug_frame   0x0000000000000be0      0x160 FreeRTOS/portable/ARM_CM3/port.o
 .debug_frame   0x0000000000000d40       0x9c FreeRTOS/portable/MemMang/heap_1.o
 .debug_frame   0x0000000000000ddc       0x54 HAL/LUNA_LIDAR.o
 .debug_frame   0x0000000000000e30      0x148 MCAL/EXTI_Driver.o
 .debug_frame   0x0000000000000f78      0x1a0 MCAL/GPIO_Driver.o
 .debug_frame   0x0000000000001118      0x23c MCAL/GP_Timers.o
 .debug_frame   0x0000000000001354       0x84 MCAL/RCC.o
 .debug_frame   0x00000000000013d8      0x120 MCAL/SPI.o
 .debug_frame   0x00000000000014f8      0x1c0 MCAL/Timer1_8.o
 .debug_frame   0x00000000000016b8      0x12c MCAL/USART_Driver.o
 .debug_frame   0x00000000000017e4      0x13c Src/main.o
 .debug_frame   0x0000000000001920       0x2c c:/st/stm32cubeide_1.4.0/stm32cubeide/plugins/com.st.stm32cube.ide.mcu.externaltools.gnu-tools-for-stm32.7-2018-q2-update.win32_1.4.0.202007081208/tools/bin/../lib/gcc/arm-none-eabi/7.3.1/../../../../arm-none-eabi/lib/thumb/v7-m\libc_nano.a(lib_a-init.o)
 .debug_frame   0x000000000000194c       0x28 c:/st/stm32cubeide_1.4.0/stm32cubeide/plugins/com.st.stm32cube.ide.mcu.externaltools.gnu-tools-for-stm32.7-2018-q2-update.win32_1.4.0.202007081208/tools/bin/../lib/gcc/arm-none-eabi/7.3.1/../../../../arm-none-eabi/lib/thumb/v7-m\libc_nano.a(lib_a-memcpy-stub.o)
 .debug_frame   0x0000000000001974       0x20 c:/st/stm32cubeide_1.4.0/stm32cubeide/plugins/com.st.stm32cube.ide.mcu.externaltools.gnu-tools-for-stm32.7-2018-q2-update.win32_1.4.0.202007081208/tools/bin/../lib/gcc/arm-none-eabi/7.3.1/../../../../arm-none-eabi/lib/thumb/v7-m\libc_nano.a(lib_a-memset.o)
