Archive member included to satisfy reference by file (symbol)

c:/st/stm32cubeide_1.4.0/stm32cubeide/plugins/com.st.stm32cube.ide.mcu.externaltools.gnu-tools-for-stm32.7-2018-q2-update.win32_1.4.0.202007081208/tools/bin/../lib/gcc/arm-none-eabi/7.3.1/../../../../arm-none-eabi/lib/thumb/v7-m\libc_nano.a(lib_a-errno.o)
                              Src/syscalls.o (__errno)
c:/st/stm32cubeide_1.4.0/stm32cubeide/plugins/com.st.stm32cube.ide.mcu.externaltools.gnu-tools-for-stm32.7-2018-q2-update.win32_1.4.0.202007081208/tools/bin/../lib/gcc/arm-none-eabi/7.3.1/../../../../arm-none-eabi/lib/thumb/v7-m\libc_nano.a(lib_a-exit.o)
                              c:/st/stm32cubeide_1.4.0/stm32cubeide/plugins/com.st.stm32cube.ide.mcu.externaltools.gnu-tools-for-stm32.7-2018-q2-update.win32_1.4.0.202007081208/tools/bin/../lib/gcc/arm-none-eabi/7.3.1/../../../../arm-none-eabi/lib/thumb/v7-m/crt0.o (exit)
c:/st/stm32cubeide_1.4.0/stm32cubeide/plugins/com.st.stm32cube.ide.mcu.externaltools.gnu-tools-for-stm32.7-2018-q2-update.win32_1.4.0.202007081208/tools/bin/../lib/gcc/arm-none-eabi/7.3.1/../../../../arm-none-eabi/lib/thumb/v7-m\libc_nano.a(lib_a-impure.o)
                              c:/st/stm32cubeide_1.4.0/stm32cubeide/plugins/com.st.stm32cube.ide.mcu.externaltools.gnu-tools-for-stm32.7-2018-q2-update.win32_1.4.0.202007081208/tools/bin/../lib/gcc/arm-none-eabi/7.3.1/../../../../arm-none-eabi/lib/thumb/v7-m\libc_nano.a(lib_a-exit.o) (_global_impure_ptr)
c:/st/stm32cubeide_1.4.0/stm32cubeide/plugins/com.st.stm32cube.ide.mcu.externaltools.gnu-tools-for-stm32.7-2018-q2-update.win32_1.4.0.202007081208/tools/bin/../lib/gcc/arm-none-eabi/7.3.1/../../../../arm-none-eabi/lib/thumb/v7-m\libc_nano.a(lib_a-init.o)
                              c:/st/stm32cubeide_1.4.0/stm32cubeide/plugins/com.st.stm32cube.ide.mcu.externaltools.gnu-tools-for-stm32.7-2018-q2-update.win32_1.4.0.202007081208/tools/bin/../lib/gcc/arm-none-eabi/7.3.1/../../../../arm-none-eabi/lib/thumb/v7-m/crt0.o (__libc_init_array)
c:/st/stm32cubeide_1.4.0/stm32cubeide/plugins/com.st.stm32cube.ide.mcu.externaltools.gnu-tools-for-stm32.7-2018-q2-update.win32_1.4.0.202007081208/tools/bin/../lib/gcc/arm-none-eabi/7.3.1/../../../../arm-none-eabi/lib/thumb/v7-m\libc_nano.a(lib_a-itoa.o)
                              HAL/LCD.o (itoa)
c:/st/stm32cubeide_1.4.0/stm32cubeide/plugins/com.st.stm32cube.ide.mcu.externaltools.gnu-tools-for-stm32.7-2018-q2-update.win32_1.4.0.202007081208/tools/bin/../lib/gcc/arm-none-eabi/7.3.1/../../../../arm-none-eabi/lib/thumb/v7-m\libc_nano.a(lib_a-memset.o)
                              c:/st/stm32cubeide_1.4.0/stm32cubeide/plugins/com.st.stm32cube.ide.mcu.externaltools.gnu-tools-for-stm32.7-2018-q2-update.win32_1.4.0.202007081208/tools/bin/../lib/gcc/arm-none-eabi/7.3.1/../../../../arm-none-eabi/lib/thumb/v7-m/crt0.o (memset)
c:/st/stm32cubeide_1.4.0/stm32cubeide/plugins/com.st.stm32cube.ide.mcu.externaltools.gnu-tools-for-stm32.7-2018-q2-update.win32_1.4.0.202007081208/tools/bin/../lib/gcc/arm-none-eabi/7.3.1/../../../../arm-none-eabi/lib/thumb/v7-m\libc_nano.a(lib_a-utoa.o)
                              c:/st/stm32cubeide_1.4.0/stm32cubeide/plugins/com.st.stm32cube.ide.mcu.externaltools.gnu-tools-for-stm32.7-2018-q2-update.win32_1.4.0.202007081208/tools/bin/../lib/gcc/arm-none-eabi/7.3.1/../../../../arm-none-eabi/lib/thumb/v7-m\libc_nano.a(lib_a-itoa.o) (__utoa)

Allocating common symbols
Common symbol       size              file

g_GP_Sitting        0x30              MCAL/GP_Timers.o
G_P_config          0x30              MCAL/USART_Driver.o
g_GP_ICU_MEM        0x6               MCAL/GP_Timers.o
g_GP_TIMX           0x4               MCAL/GP_Timers.o
g_P_CALLBACK_f      0x3c              MCAL/EXTI_Driver.o
g_Sitting           0x10              MCAL/Timer1_8.o
G_P_CONFIG          0x28              MCAL/I2C.o
g_TIMX              0x4               MCAL/Timer1_8.o
PIN_C               0x4               HAL/LCD.o

Discarded input sections

 .text          0x0000000000000000        0x0 c:/st/stm32cubeide_1.4.0/stm32cubeide/plugins/com.st.stm32cube.ide.mcu.externaltools.gnu-tools-for-stm32.7-2018-q2-update.win32_1.4.0.202007081208/tools/bin/../lib/gcc/arm-none-eabi/7.3.1/thumb/v7-m/crti.o
 .data          0x0000000000000000        0x0 c:/st/stm32cubeide_1.4.0/stm32cubeide/plugins/com.st.stm32cube.ide.mcu.externaltools.gnu-tools-for-stm32.7-2018-q2-update.win32_1.4.0.202007081208/tools/bin/../lib/gcc/arm-none-eabi/7.3.1/thumb/v7-m/crti.o
 .bss           0x0000000000000000        0x0 c:/st/stm32cubeide_1.4.0/stm32cubeide/plugins/com.st.stm32cube.ide.mcu.externaltools.gnu-tools-for-stm32.7-2018-q2-update.win32_1.4.0.202007081208/tools/bin/../lib/gcc/arm-none-eabi/7.3.1/thumb/v7-m/crti.o
 .data          0x0000000000000000        0x4 c:/st/stm32cubeide_1.4.0/stm32cubeide/plugins/com.st.stm32cube.ide.mcu.externaltools.gnu-tools-for-stm32.7-2018-q2-update.win32_1.4.0.202007081208/tools/bin/../lib/gcc/arm-none-eabi/7.3.1/thumb/v7-m/crtbegin.o
 .text          0x0000000000000000       0x74 c:/st/stm32cubeide_1.4.0/stm32cubeide/plugins/com.st.stm32cube.ide.mcu.externaltools.gnu-tools-for-stm32.7-2018-q2-update.win32_1.4.0.202007081208/tools/bin/../lib/gcc/arm-none-eabi/7.3.1/../../../../arm-none-eabi/lib/thumb/v7-m/crt0.o
 .data          0x0000000000000000        0x0 c:/st/stm32cubeide_1.4.0/stm32cubeide/plugins/com.st.stm32cube.ide.mcu.externaltools.gnu-tools-for-stm32.7-2018-q2-update.win32_1.4.0.202007081208/tools/bin/../lib/gcc/arm-none-eabi/7.3.1/../../../../arm-none-eabi/lib/thumb/v7-m/crt0.o
 .bss           0x0000000000000000        0x0 c:/st/stm32cubeide_1.4.0/stm32cubeide/plugins/com.st.stm32cube.ide.mcu.externaltools.gnu-tools-for-stm32.7-2018-q2-update.win32_1.4.0.202007081208/tools/bin/../lib/gcc/arm-none-eabi/7.3.1/../../../../arm-none-eabi/lib/thumb/v7-m/crt0.o
 .ARM.extab     0x0000000000000000        0x0 c:/st/stm32cubeide_1.4.0/stm32cubeide/plugins/com.st.stm32cube.ide.mcu.externaltools.gnu-tools-for-stm32.7-2018-q2-update.win32_1.4.0.202007081208/tools/bin/../lib/gcc/arm-none-eabi/7.3.1/../../../../arm-none-eabi/lib/thumb/v7-m/crt0.o
 .ARM.exidx     0x0000000000000000        0x8 c:/st/stm32cubeide_1.4.0/stm32cubeide/plugins/com.st.stm32cube.ide.mcu.externaltools.gnu-tools-for-stm32.7-2018-q2-update.win32_1.4.0.202007081208/tools/bin/../lib/gcc/arm-none-eabi/7.3.1/../../../../arm-none-eabi/lib/thumb/v7-m/crt0.o
 .ARM.attributes
                0x0000000000000000       0x1b c:/st/stm32cubeide_1.4.0/stm32cubeide/plugins/com.st.stm32cube.ide.mcu.externaltools.gnu-tools-for-stm32.7-2018-q2-update.win32_1.4.0.202007081208/tools/bin/../lib/gcc/arm-none-eabi/7.3.1/../../../../arm-none-eabi/lib/thumb/v7-m/crt0.o
 .group         0x0000000000000000        0xc HAL/KEYPAD.o
 .group         0x0000000000000000        0xc HAL/KEYPAD.o
 .group         0x0000000000000000        0xc HAL/KEYPAD.o
 .group         0x0000000000000000        0xc HAL/KEYPAD.o
 .group         0x0000000000000000        0xc HAL/KEYPAD.o
 .group         0x0000000000000000        0xc HAL/KEYPAD.o
 .group         0x0000000000000000        0xc HAL/KEYPAD.o
 .group         0x0000000000000000        0xc HAL/KEYPAD.o
 .group         0x0000000000000000        0xc HAL/KEYPAD.o
 .group         0x0000000000000000        0xc HAL/KEYPAD.o
 .group         0x0000000000000000        0xc HAL/KEYPAD.o
 .text          0x0000000000000000        0x0 HAL/KEYPAD.o
 .data          0x0000000000000000        0x0 HAL/KEYPAD.o
 .bss           0x0000000000000000        0x0 HAL/KEYPAD.o
 .data.PIN      0x0000000000000000        0x4 HAL/KEYPAD.o
 .data.ROWs     0x0000000000000000        0x4 HAL/KEYPAD.o
 .data.COL_s    0x0000000000000000        0x3 HAL/KEYPAD.o
 .text.KEYPAD_init
                0x0000000000000000       0x7c HAL/KEYPAD.o
 .text.Get_Pressed_KEY
                0x0000000000000000      0x174 HAL/KEYPAD.o
 .debug_info    0x0000000000000000      0x2f7 HAL/KEYPAD.o
 .debug_abbrev  0x0000000000000000       0xfd HAL/KEYPAD.o
 .debug_loc     0x0000000000000000       0x7c HAL/KEYPAD.o
 .debug_aranges
                0x0000000000000000       0x28 HAL/KEYPAD.o
 .debug_ranges  0x0000000000000000       0x18 HAL/KEYPAD.o
 .debug_macro   0x0000000000000000       0xa7 HAL/KEYPAD.o
 .debug_macro   0x0000000000000000      0xa60 HAL/KEYPAD.o
 .debug_macro   0x0000000000000000       0x16 HAL/KEYPAD.o
 .debug_macro   0x0000000000000000       0x22 HAL/KEYPAD.o
 .debug_macro   0x0000000000000000       0x8e HAL/KEYPAD.o
 .debug_macro   0x0000000000000000       0x51 HAL/KEYPAD.o
 .debug_macro   0x0000000000000000       0xef HAL/KEYPAD.o
 .debug_macro   0x0000000000000000       0x6a HAL/KEYPAD.o
 .debug_macro   0x0000000000000000      0x1df HAL/KEYPAD.o
 .debug_macro   0x0000000000000000      0x17c HAL/KEYPAD.o
 .debug_macro   0x0000000000000000       0x40 HAL/KEYPAD.o
 .debug_macro   0x0000000000000000       0x46 HAL/KEYPAD.o
 .debug_line    0x0000000000000000      0x512 HAL/KEYPAD.o
 .debug_str     0x0000000000000000     0x46f8 HAL/KEYPAD.o
 .comment       0x0000000000000000       0x7c HAL/KEYPAD.o
 .debug_frame   0x0000000000000000       0x50 HAL/KEYPAD.o
 .ARM.attributes
                0x0000000000000000       0x33 HAL/KEYPAD.o
 .group         0x0000000000000000        0xc HAL/LCD.o
 .group         0x0000000000000000        0xc HAL/LCD.o
 .group         0x0000000000000000        0xc HAL/LCD.o
 .group         0x0000000000000000        0xc HAL/LCD.o
 .group         0x0000000000000000        0xc HAL/LCD.o
 .group         0x0000000000000000        0xc HAL/LCD.o
 .group         0x0000000000000000        0xc HAL/LCD.o
 .group         0x0000000000000000        0xc HAL/LCD.o
 .group         0x0000000000000000        0xc HAL/LCD.o
 .group         0x0000000000000000        0xc HAL/LCD.o
 .text          0x0000000000000000        0x0 HAL/LCD.o
 .data          0x0000000000000000        0x0 HAL/LCD.o
 .bss           0x0000000000000000        0x0 HAL/LCD.o
 .text.EN_PULS  0x0000000000000000       0x2c HAL/LCD.o
 .text.LCD_sendCommand
                0x0000000000000000       0xd8 HAL/LCD.o
 .text.LCD_init
                0x0000000000000000       0xc0 HAL/LCD.o
 .text.LCD_clearScreen
                0x0000000000000000        0xe HAL/LCD.o
 .text.LCD_sendCharcter
                0x0000000000000000       0xd8 HAL/LCD.o
 .text.LCD_sendString
                0x0000000000000000       0x2c HAL/LCD.o
 .text.LCD_moveCURSER
                0x0000000000000000       0x6c HAL/LCD.o
 .text.LCD_intgerToString
                0x0000000000000000       0x28 HAL/LCD.o
 .debug_info    0x0000000000000000      0xe2f HAL/LCD.o
 .debug_abbrev  0x0000000000000000      0x1b2 HAL/LCD.o
 .debug_loc     0x0000000000000000      0x216 HAL/LCD.o
 .debug_aranges
                0x0000000000000000       0x58 HAL/LCD.o
 .debug_ranges  0x0000000000000000       0x48 HAL/LCD.o
 .debug_macro   0x0000000000000000       0xac HAL/LCD.o
 .debug_macro   0x0000000000000000      0xa60 HAL/LCD.o
 .debug_macro   0x0000000000000000       0x16 HAL/LCD.o
 .debug_macro   0x0000000000000000       0x22 HAL/LCD.o
 .debug_macro   0x0000000000000000       0x8e HAL/LCD.o
 .debug_macro   0x0000000000000000       0x51 HAL/LCD.o
 .debug_macro   0x0000000000000000       0xef HAL/LCD.o
 .debug_macro   0x0000000000000000       0x6a HAL/LCD.o
 .debug_macro   0x0000000000000000      0x1df HAL/LCD.o
 .debug_macro   0x0000000000000000      0x17c HAL/LCD.o
 .debug_macro   0x0000000000000000       0x94 HAL/LCD.o
 .debug_line    0x0000000000000000      0x51b HAL/LCD.o
 .debug_str     0x0000000000000000     0x4a6c HAL/LCD.o
 .comment       0x0000000000000000       0x7c HAL/LCD.o
 .debug_frame   0x0000000000000000      0x118 HAL/LCD.o
 .ARM.attributes
                0x0000000000000000       0x33 HAL/LCD.o
 COMMON         0x0000000000000000        0x4 HAL/LCD.o
 .group         0x0000000000000000        0xc HAL/SPI_EEPROM.o
 .group         0x0000000000000000        0xc HAL/SPI_EEPROM.o
 .group         0x0000000000000000        0xc HAL/SPI_EEPROM.o
 .group         0x0000000000000000        0xc HAL/SPI_EEPROM.o
 .group         0x0000000000000000        0xc HAL/SPI_EEPROM.o
 .group         0x0000000000000000        0xc HAL/SPI_EEPROM.o
 .group         0x0000000000000000        0xc HAL/SPI_EEPROM.o
 .group         0x0000000000000000        0xc HAL/SPI_EEPROM.o
 .group         0x0000000000000000        0xc HAL/SPI_EEPROM.o
 .group         0x0000000000000000        0xc HAL/SPI_EEPROM.o
 .group         0x0000000000000000        0xc HAL/SPI_EEPROM.o
 .group         0x0000000000000000        0xc HAL/SPI_EEPROM.o
 .text          0x0000000000000000        0x0 HAL/SPI_EEPROM.o
 .data          0x0000000000000000        0x0 HAL/SPI_EEPROM.o
 .bss           0x0000000000000000        0x0 HAL/SPI_EEPROM.o
 .text.Start_TX_RX
                0x0000000000000000       0x12 HAL/SPI_EEPROM.o
 .data.SPI_config_v
                0x0000000000000000       0x10 HAL/SPI_EEPROM.o
 .text.EEPROM_readStatus
                0x0000000000000000       0x44 HAL/SPI_EEPROM.o
 .text.SPI_EEPROM_init
                0x0000000000000000       0x58 HAL/SPI_EEPROM.o
 .text.SPI_EEPROM_WRITE
                0x0000000000000000       0xb4 HAL/SPI_EEPROM.o
 .text.SPI_EEPROM_READ
                0x0000000000000000       0x78 HAL/SPI_EEPROM.o
 .debug_info    0x0000000000000000      0x9e0 HAL/SPI_EEPROM.o
 .debug_abbrev  0x0000000000000000      0x19f HAL/SPI_EEPROM.o
 .debug_loc     0x0000000000000000      0x19c HAL/SPI_EEPROM.o
 .debug_aranges
                0x0000000000000000       0x40 HAL/SPI_EEPROM.o
 .debug_ranges  0x0000000000000000       0x30 HAL/SPI_EEPROM.o
 .debug_macro   0x0000000000000000       0xac HAL/SPI_EEPROM.o
 .debug_macro   0x0000000000000000      0xa60 HAL/SPI_EEPROM.o
 .debug_macro   0x0000000000000000       0x16 HAL/SPI_EEPROM.o
 .debug_macro   0x0000000000000000       0x22 HAL/SPI_EEPROM.o
 .debug_macro   0x0000000000000000       0x8e HAL/SPI_EEPROM.o
 .debug_macro   0x0000000000000000       0x51 HAL/SPI_EEPROM.o
 .debug_macro   0x0000000000000000       0xef HAL/SPI_EEPROM.o
 .debug_macro   0x0000000000000000       0x6a HAL/SPI_EEPROM.o
 .debug_macro   0x0000000000000000      0x1df HAL/SPI_EEPROM.o
 .debug_macro   0x0000000000000000      0x17c HAL/SPI_EEPROM.o
 .debug_macro   0x0000000000000000       0x16 HAL/SPI_EEPROM.o
 .debug_macro   0x0000000000000000       0x46 HAL/SPI_EEPROM.o
 .debug_macro   0x0000000000000000       0x28 HAL/SPI_EEPROM.o
 .debug_line    0x0000000000000000      0x504 HAL/SPI_EEPROM.o
 .debug_str     0x0000000000000000     0x49dd HAL/SPI_EEPROM.o
 .comment       0x0000000000000000       0x7c HAL/SPI_EEPROM.o
 .debug_frame   0x0000000000000000       0xc8 HAL/SPI_EEPROM.o
 .ARM.attributes
                0x0000000000000000       0x33 HAL/SPI_EEPROM.o
 .group         0x0000000000000000        0xc HAL/Servo.o
 .group         0x0000000000000000        0xc HAL/Servo.o
 .group         0x0000000000000000        0xc HAL/Servo.o
 .group         0x0000000000000000        0xc HAL/Servo.o
 .group         0x0000000000000000        0xc HAL/Servo.o
 .group         0x0000000000000000        0xc HAL/Servo.o
 .group         0x0000000000000000        0xc HAL/Servo.o
 .group         0x0000000000000000        0xc HAL/Servo.o
 .group         0x0000000000000000        0xc HAL/Servo.o
 .text          0x0000000000000000        0x0 HAL/Servo.o
 .data          0x0000000000000000        0x0 HAL/Servo.o
 .bss           0x0000000000000000        0x0 HAL/Servo.o
 .rodata        0x0000000000000000        0x3 HAL/Servo.o
 .text.servo_degree
                0x0000000000000000       0xdc HAL/Servo.o
 .debug_info    0x0000000000000000      0xd72 HAL/Servo.o
 .debug_abbrev  0x0000000000000000      0x197 HAL/Servo.o
 .debug_loc     0x0000000000000000       0x50 HAL/Servo.o
 .debug_aranges
                0x0000000000000000       0x20 HAL/Servo.o
 .debug_ranges  0x0000000000000000       0x10 HAL/Servo.o
 .debug_macro   0x0000000000000000       0x9f HAL/Servo.o
 .debug_macro   0x0000000000000000      0xa60 HAL/Servo.o
 .debug_macro   0x0000000000000000       0x16 HAL/Servo.o
 .debug_macro   0x0000000000000000       0x22 HAL/Servo.o
 .debug_macro   0x0000000000000000       0x8e HAL/Servo.o
 .debug_macro   0x0000000000000000       0x51 HAL/Servo.o
 .debug_macro   0x0000000000000000       0xef HAL/Servo.o
 .debug_macro   0x0000000000000000       0x6a HAL/Servo.o
 .debug_macro   0x0000000000000000      0x1df HAL/Servo.o
 .debug_macro   0x0000000000000000      0x17c HAL/Servo.o
 .debug_line    0x0000000000000000      0x46f HAL/Servo.o
 .debug_str     0x0000000000000000     0x4865 HAL/Servo.o
 .comment       0x0000000000000000       0x7c HAL/Servo.o
 .debug_frame   0x0000000000000000       0x34 HAL/Servo.o
 .ARM.attributes
                0x0000000000000000       0x33 HAL/Servo.o
 .group         0x0000000000000000        0xc MCAL/EEPROM.o
 .group         0x0000000000000000        0xc MCAL/EEPROM.o
 .group         0x0000000000000000        0xc MCAL/EEPROM.o
 .group         0x0000000000000000        0xc MCAL/EEPROM.o
 .group         0x0000000000000000        0xc MCAL/EEPROM.o
 .group         0x0000000000000000        0xc MCAL/EEPROM.o
 .group         0x0000000000000000        0xc MCAL/EEPROM.o
 .group         0x0000000000000000        0xc MCAL/EEPROM.o
 .group         0x0000000000000000        0xc MCAL/EEPROM.o
 .group         0x0000000000000000        0xc MCAL/EEPROM.o
 .group         0x0000000000000000        0xc MCAL/EEPROM.o
 .text          0x0000000000000000        0x0 MCAL/EEPROM.o
 .data          0x0000000000000000        0x0 MCAL/EEPROM.o
 .bss           0x0000000000000000        0x0 MCAL/EEPROM.o
 .text.EPPROM_write
                0x0000000000000000       0x9a MCAL/EEPROM.o
 .text.EPPROM_READ
                0x0000000000000000       0xbe MCAL/EEPROM.o
 .debug_info    0x0000000000000000      0x8e6 MCAL/EEPROM.o
 .debug_abbrev  0x0000000000000000      0x1c4 MCAL/EEPROM.o
 .debug_loc     0x0000000000000000       0xa0 MCAL/EEPROM.o
 .debug_aranges
                0x0000000000000000       0x28 MCAL/EEPROM.o
 .debug_ranges  0x0000000000000000       0x18 MCAL/EEPROM.o
 .debug_macro   0x0000000000000000       0xa7 MCAL/EEPROM.o
 .debug_macro   0x0000000000000000      0xa60 MCAL/EEPROM.o
 .debug_macro   0x0000000000000000       0x16 MCAL/EEPROM.o
 .debug_macro   0x0000000000000000       0x22 MCAL/EEPROM.o
 .debug_macro   0x0000000000000000       0x8e MCAL/EEPROM.o
 .debug_macro   0x0000000000000000       0x51 MCAL/EEPROM.o
 .debug_macro   0x0000000000000000       0xef MCAL/EEPROM.o
 .debug_macro   0x0000000000000000       0x6a MCAL/EEPROM.o
 .debug_macro   0x0000000000000000      0x1df MCAL/EEPROM.o
 .debug_macro   0x0000000000000000      0x17c MCAL/EEPROM.o
 .debug_macro   0x0000000000000000       0x1c MCAL/EEPROM.o
 .debug_macro   0x0000000000000000       0x34 MCAL/EEPROM.o
 .debug_line    0x0000000000000000      0x46f MCAL/EEPROM.o
 .debug_str     0x0000000000000000     0x467b MCAL/EEPROM.o
 .comment       0x0000000000000000       0x7c MCAL/EEPROM.o
 .debug_frame   0x0000000000000000       0x58 MCAL/EEPROM.o
 .ARM.attributes
                0x0000000000000000       0x33 MCAL/EEPROM.o
 .group         0x0000000000000000        0xc MCAL/EXTI_Driver.o
 .group         0x0000000000000000        0xc MCAL/EXTI_Driver.o
 .group         0x0000000000000000        0xc MCAL/EXTI_Driver.o
 .group         0x0000000000000000        0xc MCAL/EXTI_Driver.o
 .group         0x0000000000000000        0xc MCAL/EXTI_Driver.o
 .group         0x0000000000000000        0xc MCAL/EXTI_Driver.o
 .group         0x0000000000000000        0xc MCAL/EXTI_Driver.o
 .group         0x0000000000000000        0xc MCAL/EXTI_Driver.o
 .group         0x0000000000000000        0xc MCAL/EXTI_Driver.o
 .group         0x0000000000000000        0xc MCAL/EXTI_Driver.o
 .text          0x0000000000000000        0x0 MCAL/EXTI_Driver.o
 .data          0x0000000000000000        0x0 MCAL/EXTI_Driver.o
 .bss           0x0000000000000000        0x0 MCAL/EXTI_Driver.o
 .text.NVIC_ENABLE
                0x0000000000000000       0xcc MCAL/EXTI_Driver.o
 .text.NVIC_DISABLE
                0x0000000000000000       0xcc MCAL/EXTI_Driver.o
 .text.MCAL_EXTI_init
                0x0000000000000000      0x1b0 MCAL/EXTI_Driver.o
 .debug_macro   0x0000000000000000      0xa60 MCAL/EXTI_Driver.o
 .debug_macro   0x0000000000000000       0x16 MCAL/EXTI_Driver.o
 .debug_macro   0x0000000000000000       0x22 MCAL/EXTI_Driver.o
 .debug_macro   0x0000000000000000       0x8e MCAL/EXTI_Driver.o
 .debug_macro   0x0000000000000000       0x51 MCAL/EXTI_Driver.o
 .debug_macro   0x0000000000000000       0xef MCAL/EXTI_Driver.o
 .debug_macro   0x0000000000000000       0x6a MCAL/EXTI_Driver.o
 .debug_macro   0x0000000000000000      0x1df MCAL/EXTI_Driver.o
 .debug_macro   0x0000000000000000      0x17c MCAL/EXTI_Driver.o
 .group         0x0000000000000000        0xc MCAL/GPIO_Driver.o
 .group         0x0000000000000000        0xc MCAL/GPIO_Driver.o
 .group         0x0000000000000000        0xc MCAL/GPIO_Driver.o
 .group         0x0000000000000000        0xc MCAL/GPIO_Driver.o
 .group         0x0000000000000000        0xc MCAL/GPIO_Driver.o
 .group         0x0000000000000000        0xc MCAL/GPIO_Driver.o
 .group         0x0000000000000000        0xc MCAL/GPIO_Driver.o
 .group         0x0000000000000000        0xc MCAL/GPIO_Driver.o
 .group         0x0000000000000000        0xc MCAL/GPIO_Driver.o
 .text          0x0000000000000000        0x0 MCAL/GPIO_Driver.o
 .data          0x0000000000000000        0x0 MCAL/GPIO_Driver.o
 .bss           0x0000000000000000        0x0 MCAL/GPIO_Driver.o
 .text.MCAL_GPIO_Deinit
                0x0000000000000000       0xd4 MCAL/GPIO_Driver.o
 .text.MCAL_write_PORT
                0x0000000000000000       0x20 MCAL/GPIO_Driver.o
 .text.MCAL_Read_PIN
                0x0000000000000000       0x2c MCAL/GPIO_Driver.o
 .text.MCAL_Read_PORT
                0x0000000000000000       0x18 MCAL/GPIO_Driver.o
 .text.MCAL_TOGGLE_PIN
                0x0000000000000000       0x2c MCAL/GPIO_Driver.o
 .text.MCAL_LOCK_PIN
                0x0000000000000000       0x88 MCAL/GPIO_Driver.o
 .text.MCAL_SET_PORT_DIR
                0x0000000000000000       0x3e MCAL/GPIO_Driver.o
 .debug_macro   0x0000000000000000      0xa60 MCAL/GPIO_Driver.o
 .debug_macro   0x0000000000000000       0x16 MCAL/GPIO_Driver.o
 .debug_macro   0x0000000000000000       0x22 MCAL/GPIO_Driver.o
 .debug_macro   0x0000000000000000       0x8e MCAL/GPIO_Driver.o
 .debug_macro   0x0000000000000000       0x51 MCAL/GPIO_Driver.o
 .debug_macro   0x0000000000000000       0xef MCAL/GPIO_Driver.o
 .debug_macro   0x0000000000000000       0x6a MCAL/GPIO_Driver.o
 .debug_macro   0x0000000000000000      0x1df MCAL/GPIO_Driver.o
 .debug_macro   0x0000000000000000      0x17c MCAL/GPIO_Driver.o
 .group         0x0000000000000000        0xc MCAL/GP_Timers.o
 .group         0x0000000000000000        0xc MCAL/GP_Timers.o
 .group         0x0000000000000000        0xc MCAL/GP_Timers.o
 .group         0x0000000000000000        0xc MCAL/GP_Timers.o
 .group         0x0000000000000000        0xc MCAL/GP_Timers.o
 .group         0x0000000000000000        0xc MCAL/GP_Timers.o
 .group         0x0000000000000000        0xc MCAL/GP_Timers.o
 .group         0x0000000000000000        0xc MCAL/GP_Timers.o
 .group         0x0000000000000000        0xc MCAL/GP_Timers.o
 .text          0x0000000000000000        0x0 MCAL/GP_Timers.o
 .data          0x0000000000000000        0x0 MCAL/GP_Timers.o
 .bss           0x0000000000000000        0x0 MCAL/GP_Timers.o
 .text.GP_TIMx__CTC_start
                0x0000000000000000      0xc00 MCAL/GP_Timers.o
 .text.GP_TIMx_ICU_init
                0x0000000000000000      0x288 MCAL/GP_Timers.o
 .text.GP_TIMx_Icu_setEdgeDetectionType
                0x0000000000000000      0x2a0 MCAL/GP_Timers.o
 .text.GP_TIMx_getTime
                0x0000000000000000       0x60 MCAL/GP_Timers.o
 .text.GP_TIMX_Clear
                0x0000000000000000       0x18 MCAL/GP_Timers.o
 .debug_macro   0x0000000000000000      0xa60 MCAL/GP_Timers.o
 .debug_macro   0x0000000000000000       0x16 MCAL/GP_Timers.o
 .debug_macro   0x0000000000000000       0x22 MCAL/GP_Timers.o
 .debug_macro   0x0000000000000000       0x8e MCAL/GP_Timers.o
 .debug_macro   0x0000000000000000       0x51 MCAL/GP_Timers.o
 .debug_macro   0x0000000000000000       0xef MCAL/GP_Timers.o
 .debug_macro   0x0000000000000000       0x6a MCAL/GP_Timers.o
 .debug_macro   0x0000000000000000      0x1df MCAL/GP_Timers.o
 .debug_macro   0x0000000000000000      0x17c MCAL/GP_Timers.o
 .group         0x0000000000000000        0xc MCAL/I2C.o
 .group         0x0000000000000000        0xc MCAL/I2C.o
 .group         0x0000000000000000        0xc MCAL/I2C.o
 .group         0x0000000000000000        0xc MCAL/I2C.o
 .group         0x0000000000000000        0xc MCAL/I2C.o
 .group         0x0000000000000000        0xc MCAL/I2C.o
 .group         0x0000000000000000        0xc MCAL/I2C.o
 .group         0x0000000000000000        0xc MCAL/I2C.o
 .group         0x0000000000000000        0xc MCAL/I2C.o
 .group         0x0000000000000000        0xc MCAL/I2C.o
 .group         0x0000000000000000        0xc MCAL/I2C.o
 .text          0x0000000000000000        0x0 MCAL/I2C.o
 .data          0x0000000000000000        0x0 MCAL/I2C.o
 .bss           0x0000000000000000        0x0 MCAL/I2C.o
 .rodata        0x0000000000000000       0x10 MCAL/I2C.o
 .text.MCAL_I2C_SET_GPIO
                0x0000000000000000       0xa4 MCAL/I2C.o
 .text.GET_flag_status
                0x0000000000000000       0x84 MCAL/I2C.o
 .text.I2C_init
                0x0000000000000000      0x19c MCAL/I2C.o
 .text.I2C_Deinit
                0x0000000000000000       0x84 MCAL/I2C.o
 .text.I2C_Start_BIT
                0x0000000000000000       0x3c MCAL/I2C.o
 .text.I2C_REPATED_Start_BIT
                0x0000000000000000       0x2c MCAL/I2C.o
 .text.I2C_Stop_BIT
                0x0000000000000000       0x1c MCAL/I2C.o
 .text.I2C_WriteADDRESS
                0x0000000000000000       0x4e MCAL/I2C.o
 .text.I2C_WriteByte
                0x0000000000000000       0x2c MCAL/I2C.o
 .text.I2C_ReciveByte
                0x0000000000000000       0x2e MCAL/I2C.o
 .text.I2C_MASTER_Transsimte
                0x0000000000000000       0xa0 MCAL/I2C.o
 .debug_info    0x0000000000000000      0xe9f MCAL/I2C.o
 .debug_abbrev  0x0000000000000000      0x258 MCAL/I2C.o
 .debug_loc     0x0000000000000000      0x3d0 MCAL/I2C.o
 .debug_aranges
                0x0000000000000000       0x70 MCAL/I2C.o
 .debug_ranges  0x0000000000000000       0x60 MCAL/I2C.o
 .debug_macro   0x0000000000000000       0x9d MCAL/I2C.o
 .debug_macro   0x0000000000000000      0xa60 MCAL/I2C.o
 .debug_macro   0x0000000000000000       0x16 MCAL/I2C.o
 .debug_macro   0x0000000000000000       0x22 MCAL/I2C.o
 .debug_macro   0x0000000000000000       0x8e MCAL/I2C.o
 .debug_macro   0x0000000000000000       0x51 MCAL/I2C.o
 .debug_macro   0x0000000000000000       0xef MCAL/I2C.o
 .debug_macro   0x0000000000000000       0x6a MCAL/I2C.o
 .debug_macro   0x0000000000000000      0x1df MCAL/I2C.o
 .debug_macro   0x0000000000000000      0x17c MCAL/I2C.o
 .debug_macro   0x0000000000000000       0x1c MCAL/I2C.o
 .debug_macro   0x0000000000000000       0x34 MCAL/I2C.o
 .debug_line    0x0000000000000000      0x599 MCAL/I2C.o
 .debug_str     0x0000000000000000     0x495d MCAL/I2C.o
 .comment       0x0000000000000000       0x7c MCAL/I2C.o
 .debug_frame   0x0000000000000000      0x1c0 MCAL/I2C.o
 .ARM.attributes
                0x0000000000000000       0x33 MCAL/I2C.o
 COMMON         0x0000000000000000       0x28 MCAL/I2C.o
 .group         0x0000000000000000        0xc MCAL/RCC.o
 .group         0x0000000000000000        0xc MCAL/RCC.o
 .group         0x0000000000000000        0xc MCAL/RCC.o
 .group         0x0000000000000000        0xc MCAL/RCC.o
 .group         0x0000000000000000        0xc MCAL/RCC.o
 .group         0x0000000000000000        0xc MCAL/RCC.o
 .group         0x0000000000000000        0xc MCAL/RCC.o
 .group         0x0000000000000000        0xc MCAL/RCC.o
 .group         0x0000000000000000        0xc MCAL/RCC.o
 .group         0x0000000000000000        0xc MCAL/RCC.o
 .text          0x0000000000000000        0x0 MCAL/RCC.o
 .data          0x0000000000000000        0x0 MCAL/RCC.o
 .bss           0x0000000000000000        0x0 MCAL/RCC.o
 .data.APB_Prescaler
                0x0000000000000000        0x8 MCAL/RCC.o
 .debug_macro   0x0000000000000000      0xa60 MCAL/RCC.o
 .debug_macro   0x0000000000000000       0x22 MCAL/RCC.o
 .debug_macro   0x0000000000000000       0x8e MCAL/RCC.o
 .debug_macro   0x0000000000000000       0x51 MCAL/RCC.o
 .debug_macro   0x0000000000000000       0xef MCAL/RCC.o
 .debug_macro   0x0000000000000000       0x6a MCAL/RCC.o
 .debug_macro   0x0000000000000000      0x1df MCAL/RCC.o
 .debug_macro   0x0000000000000000       0x16 MCAL/RCC.o
 .debug_macro   0x0000000000000000      0x17c MCAL/RCC.o
 .group         0x0000000000000000        0xc MCAL/SPI.o
 .group         0x0000000000000000        0xc MCAL/SPI.o
 .group         0x0000000000000000        0xc MCAL/SPI.o
 .group         0x0000000000000000        0xc MCAL/SPI.o
 .group         0x0000000000000000        0xc MCAL/SPI.o
 .group         0x0000000000000000        0xc MCAL/SPI.o
 .group         0x0000000000000000        0xc MCAL/SPI.o
 .group         0x0000000000000000        0xc MCAL/SPI.o
 .group         0x0000000000000000        0xc MCAL/SPI.o
 .group         0x0000000000000000        0xc MCAL/SPI.o
 .text          0x0000000000000000        0x0 MCAL/SPI.o
 .data          0x0000000000000000        0x0 MCAL/SPI.o
 .bss           0x0000000000000000        0x0 MCAL/SPI.o
 .text.MCAL_SPI_init
                0x0000000000000000      0x180 MCAL/SPI.o
 .text.MCAL_SPI_Deinit
                0x0000000000000000       0x64 MCAL/SPI.o
 .text.MCAL_SPI_SendData
                0x0000000000000000       0x74 MCAL/SPI.o
 .text.MCAL_SPI_ReciveData
                0x0000000000000000       0x78 MCAL/SPI.o
 .rodata        0x0000000000000000       0x44 MCAL/SPI.o
 .text.MCAL_SET_GPIO
                0x0000000000000000      0x21c MCAL/SPI.o
 .debug_macro   0x0000000000000000      0xa60 MCAL/SPI.o
 .debug_macro   0x0000000000000000       0x16 MCAL/SPI.o
 .debug_macro   0x0000000000000000       0x22 MCAL/SPI.o
 .debug_macro   0x0000000000000000       0x8e MCAL/SPI.o
 .debug_macro   0x0000000000000000       0x51 MCAL/SPI.o
 .debug_macro   0x0000000000000000       0xef MCAL/SPI.o
 .debug_macro   0x0000000000000000       0x6a MCAL/SPI.o
 .debug_macro   0x0000000000000000      0x1df MCAL/SPI.o
 .debug_macro   0x0000000000000000      0x17c MCAL/SPI.o
 .debug_macro   0x0000000000000000       0x16 MCAL/SPI.o
 .group         0x0000000000000000        0xc MCAL/Timer.o
 .group         0x0000000000000000        0xc MCAL/Timer.o
 .group         0x0000000000000000        0xc MCAL/Timer.o
 .group         0x0000000000000000        0xc MCAL/Timer.o
 .group         0x0000000000000000        0xc MCAL/Timer.o
 .group         0x0000000000000000        0xc MCAL/Timer.o
 .group         0x0000000000000000        0xc MCAL/Timer.o
 .group         0x0000000000000000        0xc MCAL/Timer.o
 .group         0x0000000000000000        0xc MCAL/Timer.o
 .group         0x0000000000000000        0xc MCAL/Timer.o
 .text          0x0000000000000000        0x0 MCAL/Timer.o
 .data          0x0000000000000000        0x0 MCAL/Timer.o
 .bss           0x0000000000000000        0x0 MCAL/Timer.o
 .text.Timer2_init
                0x0000000000000000       0x50 MCAL/Timer.o
 .text.dus      0x0000000000000000       0x28 MCAL/Timer.o
 .text.dms      0x0000000000000000       0x30 MCAL/Timer.o
 .debug_info    0x0000000000000000      0x103 MCAL/Timer.o
 .debug_abbrev  0x0000000000000000       0xa6 MCAL/Timer.o
 .debug_loc     0x0000000000000000       0xf0 MCAL/Timer.o
 .debug_aranges
                0x0000000000000000       0x30 MCAL/Timer.o
 .debug_ranges  0x0000000000000000       0x20 MCAL/Timer.o
 .debug_macro   0x0000000000000000       0x94 MCAL/Timer.o
 .debug_macro   0x0000000000000000      0xa60 MCAL/Timer.o
 .debug_macro   0x0000000000000000       0x16 MCAL/Timer.o
 .debug_macro   0x0000000000000000       0x22 MCAL/Timer.o
 .debug_macro   0x0000000000000000       0x8e MCAL/Timer.o
 .debug_macro   0x0000000000000000       0x51 MCAL/Timer.o
 .debug_macro   0x0000000000000000       0xef MCAL/Timer.o
 .debug_macro   0x0000000000000000       0x6a MCAL/Timer.o
 .debug_macro   0x0000000000000000      0x1df MCAL/Timer.o
 .debug_macro   0x0000000000000000      0x17c MCAL/Timer.o
 .debug_macro   0x0000000000000000       0x40 MCAL/Timer.o
 .debug_line    0x0000000000000000      0x453 MCAL/Timer.o
 .debug_str     0x0000000000000000     0x451b MCAL/Timer.o
 .comment       0x0000000000000000       0x7c MCAL/Timer.o
 .debug_frame   0x0000000000000000       0x7c MCAL/Timer.o
 .ARM.attributes
                0x0000000000000000       0x33 MCAL/Timer.o
 .group         0x0000000000000000        0xc MCAL/Timer1_8.o
 .group         0x0000000000000000        0xc MCAL/Timer1_8.o
 .group         0x0000000000000000        0xc MCAL/Timer1_8.o
 .group         0x0000000000000000        0xc MCAL/Timer1_8.o
 .group         0x0000000000000000        0xc MCAL/Timer1_8.o
 .group         0x0000000000000000        0xc MCAL/Timer1_8.o
 .group         0x0000000000000000        0xc MCAL/Timer1_8.o
 .group         0x0000000000000000        0xc MCAL/Timer1_8.o
 .group         0x0000000000000000        0xc MCAL/Timer1_8.o
 .text          0x0000000000000000        0x0 MCAL/Timer1_8.o
 .data          0x0000000000000000        0x0 MCAL/Timer1_8.o
 .bss           0x0000000000000000        0x0 MCAL/Timer1_8.o
 .rodata        0x0000000000000000        0x4 MCAL/Timer1_8.o
 .text.MCAL_SET_TIMx_GPIO
                0x0000000000000000       0x2c MCAL/Timer1_8.o
 .text.TIMER_1_8_start
                0x0000000000000000      0x104 MCAL/Timer1_8.o
 .text.TIMER_1_CTC_start
                0x0000000000000000      0x120 MCAL/Timer1_8.o
 .text.TIMER_1_ICU_init
                0x0000000000000000       0xb4 MCAL/Timer1_8.o
 .text.Icu_setEdgeDetectionType
                0x0000000000000000       0x38 MCAL/Timer1_8.o
 .text.TIMER_1_getTime
                0x0000000000000000       0x18 MCAL/Timer1_8.o
 .text.TIMER_1_Clear
                0x0000000000000000       0x18 MCAL/Timer1_8.o
 .text.TIMER_1_Deint
                0x0000000000000000       0x74 MCAL/Timer1_8.o
 .debug_macro   0x0000000000000000      0xa60 MCAL/Timer1_8.o
 .debug_macro   0x0000000000000000       0x16 MCAL/Timer1_8.o
 .debug_macro   0x0000000000000000       0x22 MCAL/Timer1_8.o
 .debug_macro   0x0000000000000000       0x8e MCAL/Timer1_8.o
 .debug_macro   0x0000000000000000       0x51 MCAL/Timer1_8.o
 .debug_macro   0x0000000000000000       0xef MCAL/Timer1_8.o
 .debug_macro   0x0000000000000000       0x6a MCAL/Timer1_8.o
 .debug_macro   0x0000000000000000      0x1df MCAL/Timer1_8.o
 .debug_macro   0x0000000000000000      0x17c MCAL/Timer1_8.o
 .group         0x0000000000000000        0xc MCAL/USART_Driver.o
 .group         0x0000000000000000        0xc MCAL/USART_Driver.o
 .group         0x0000000000000000        0xc MCAL/USART_Driver.o
 .group         0x0000000000000000        0xc MCAL/USART_Driver.o
 .group         0x0000000000000000        0xc MCAL/USART_Driver.o
 .group         0x0000000000000000        0xc MCAL/USART_Driver.o
 .group         0x0000000000000000        0xc MCAL/USART_Driver.o
 .group         0x0000000000000000        0xc MCAL/USART_Driver.o
 .group         0x0000000000000000        0xc MCAL/USART_Driver.o
 .group         0x0000000000000000        0xc MCAL/USART_Driver.o
 .group         0x0000000000000000        0xc MCAL/USART_Driver.o
 .text          0x0000000000000000        0x0 MCAL/USART_Driver.o
 .data          0x0000000000000000        0x0 MCAL/USART_Driver.o
 .bss           0x0000000000000000        0x0 MCAL/USART_Driver.o
 .text.MCAL_USART_Deinit
                0x0000000000000000       0x8c MCAL/USART_Driver.o
 .debug_macro   0x0000000000000000      0xa60 MCAL/USART_Driver.o
 .debug_macro   0x0000000000000000       0x16 MCAL/USART_Driver.o
 .debug_macro   0x0000000000000000       0x22 MCAL/USART_Driver.o
 .debug_macro   0x0000000000000000       0x8e MCAL/USART_Driver.o
 .debug_macro   0x0000000000000000       0x51 MCAL/USART_Driver.o
 .debug_macro   0x0000000000000000       0xef MCAL/USART_Driver.o
 .debug_macro   0x0000000000000000       0x6a MCAL/USART_Driver.o
 .debug_macro   0x0000000000000000      0x1df MCAL/USART_Driver.o
 .debug_macro   0x0000000000000000      0x17c MCAL/USART_Driver.o
 .debug_macro   0x0000000000000000       0x1c MCAL/USART_Driver.o
 .group         0x0000000000000000        0xc Src/main.o
 .group         0x0000000000000000        0xc Src/main.o
 .group         0x0000000000000000        0xc Src/main.o
 .group         0x0000000000000000        0xc Src/main.o
 .group         0x0000000000000000        0xc Src/main.o
 .group         0x0000000000000000        0xc Src/main.o
 .group         0x0000000000000000        0xc Src/main.o
 .group         0x0000000000000000        0xc Src/main.o
 .group         0x0000000000000000        0xc Src/main.o
 .group         0x0000000000000000        0xc Src/main.o
 .group         0x0000000000000000        0xc Src/main.o
 .group         0x0000000000000000        0xc Src/main.o
 .text          0x0000000000000000        0x0 Src/main.o
 .data          0x0000000000000000        0x0 Src/main.o
 .bss           0x0000000000000000        0x0 Src/main.o
 .bss.temp      0x0000000000000000        0x1 Src/main.o
 .bss.temp2     0x0000000000000000        0x1 Src/main.o
 .bss.i         0x0000000000000000        0x1 Src/main.o
 .bss.y         0x0000000000000000        0x1 Src/main.o
 .debug_macro   0x0000000000000000      0xa60 Src/main.o
 .debug_macro   0x0000000000000000       0x16 Src/main.o
 .debug_macro   0x0000000000000000       0x22 Src/main.o
 .debug_macro   0x0000000000000000       0x8e Src/main.o
 .debug_macro   0x0000000000000000       0x51 Src/main.o
 .debug_macro   0x0000000000000000       0xef Src/main.o
 .debug_macro   0x0000000000000000       0x6a Src/main.o
 .debug_macro   0x0000000000000000      0x1df Src/main.o
 .debug_macro   0x0000000000000000      0x17c Src/main.o
 .debug_macro   0x0000000000000000       0x1c Src/main.o
 .debug_macro   0x0000000000000000       0x46 Src/main.o
 .group         0x0000000000000000        0xc Src/syscalls.o
 .group         0x0000000000000000        0xc Src/syscalls.o
 .group         0x0000000000000000        0xc Src/syscalls.o
 .group         0x0000000000000000        0xc Src/syscalls.o
 .group         0x0000000000000000        0xc Src/syscalls.o
 .group         0x0000000000000000        0xc Src/syscalls.o
 .group         0x0000000000000000        0xc Src/syscalls.o
 .group         0x0000000000000000        0xc Src/syscalls.o
 .group         0x0000000000000000        0xc Src/syscalls.o
 .group         0x0000000000000000        0xc Src/syscalls.o
 .group         0x0000000000000000        0xc Src/syscalls.o
 .group         0x0000000000000000        0xc Src/syscalls.o
 .group         0x0000000000000000        0xc Src/syscalls.o
 .group         0x0000000000000000        0xc Src/syscalls.o
 .group         0x0000000000000000        0xc Src/syscalls.o
 .group         0x0000000000000000        0xc Src/syscalls.o
 .group         0x0000000000000000        0xc Src/syscalls.o
 .group         0x0000000000000000        0xc Src/syscalls.o
 .group         0x0000000000000000        0xc Src/syscalls.o
 .group         0x0000000000000000        0xc Src/syscalls.o
 .group         0x0000000000000000        0xc Src/syscalls.o
 .group         0x0000000000000000        0xc Src/syscalls.o
 .group         0x0000000000000000        0xc Src/syscalls.o
 .group         0x0000000000000000        0xc Src/syscalls.o
 .group         0x0000000000000000        0xc Src/syscalls.o
 .group         0x0000000000000000        0xc Src/syscalls.o
 .group         0x0000000000000000        0xc Src/syscalls.o
 .group         0x0000000000000000        0xc Src/syscalls.o
 .group         0x0000000000000000        0xc Src/syscalls.o
 .group         0x0000000000000000        0xc Src/syscalls.o
 .group         0x0000000000000000        0xc Src/syscalls.o
 .group         0x0000000000000000        0xc Src/syscalls.o
 .group         0x0000000000000000        0xc Src/syscalls.o
 .group         0x0000000000000000        0xc Src/syscalls.o
 .group         0x0000000000000000        0xc Src/syscalls.o
 .group         0x0000000000000000        0xc Src/syscalls.o
 .group         0x0000000000000000        0xc Src/syscalls.o
 .group         0x0000000000000000        0xc Src/syscalls.o
 .group         0x0000000000000000        0xc Src/syscalls.o
 .group         0x0000000000000000        0xc Src/syscalls.o
 .group         0x0000000000000000        0xc Src/syscalls.o
 .group         0x0000000000000000        0xc Src/syscalls.o
 .group         0x0000000000000000        0xc Src/syscalls.o
 .group         0x0000000000000000        0xc Src/syscalls.o
 .text          0x0000000000000000        0x0 Src/syscalls.o
 .data          0x0000000000000000        0x0 Src/syscalls.o
 .bss           0x0000000000000000        0x0 Src/syscalls.o
 .bss.__env     0x0000000000000000        0x4 Src/syscalls.o
 .data.environ  0x0000000000000000        0x4 Src/syscalls.o
 .text.initialise_monitor_handles
                0x0000000000000000        0xc Src/syscalls.o
 .text._getpid  0x0000000000000000        0xe Src/syscalls.o
 .text._kill    0x0000000000000000       0x20 Src/syscalls.o
 .text._exit    0x0000000000000000       0x14 Src/syscalls.o
 .text._read    0x0000000000000000       0x3a Src/syscalls.o
 .text._write   0x0000000000000000       0x38 Src/syscalls.o
 .text._close   0x0000000000000000       0x16 Src/syscalls.o
 .text._fstat   0x0000000000000000       0x1e Src/syscalls.o
 .text._isatty  0x0000000000000000       0x14 Src/syscalls.o
 .text._lseek   0x0000000000000000       0x18 Src/syscalls.o
 .text._open    0x0000000000000000       0x1a Src/syscalls.o
 .text._wait    0x0000000000000000       0x1e Src/syscalls.o
 .text._unlink  0x0000000000000000       0x1e Src/syscalls.o
 .text._times   0x0000000000000000       0x16 Src/syscalls.o
 .text._stat    0x0000000000000000       0x1e Src/syscalls.o
 .text._link    0x0000000000000000       0x20 Src/syscalls.o
 .text._fork    0x0000000000000000       0x16 Src/syscalls.o
 .text._execve  0x0000000000000000       0x22 Src/syscalls.o
 .debug_info    0x0000000000000000     0x102c Src/syscalls.o
 .debug_abbrev  0x0000000000000000      0x245 Src/syscalls.o
 .debug_loc     0x0000000000000000      0x5b8 Src/syscalls.o
 .debug_aranges
                0x0000000000000000       0xa8 Src/syscalls.o
 .debug_ranges  0x0000000000000000       0x98 Src/syscalls.o
 .debug_macro   0x0000000000000000      0x243 Src/syscalls.o
 .debug_macro   0x0000000000000000      0xa60 Src/syscalls.o
 .debug_macro   0x0000000000000000       0x22 Src/syscalls.o
 .debug_macro   0x0000000000000000       0x40 Src/syscalls.o
 .debug_macro   0x0000000000000000       0x18 Src/syscalls.o
 .debug_macro   0x0000000000000000       0x94 Src/syscalls.o
 .debug_macro   0x0000000000000000       0x3c Src/syscalls.o
 .debug_macro   0x0000000000000000       0x34 Src/syscalls.o
 .debug_macro   0x0000000000000000       0x57 Src/syscalls.o
 .debug_macro   0x0000000000000000      0x174 Src/syscalls.o
 .debug_macro   0x0000000000000000      0x330 Src/syscalls.o
 .debug_macro   0x0000000000000000       0x52 Src/syscalls.o
 .debug_macro   0x0000000000000000       0x1f Src/syscalls.o
 .debug_macro   0x0000000000000000       0x43 Src/syscalls.o
 .debug_macro   0x0000000000000000       0x20 Src/syscalls.o
 .debug_macro   0x0000000000000000      0x1a3 Src/syscalls.o
 .debug_macro   0x0000000000000000       0x10 Src/syscalls.o
 .debug_macro   0x0000000000000000       0x35 Src/syscalls.o
 .debug_macro   0x0000000000000000       0x10 Src/syscalls.o
 .debug_macro   0x0000000000000000       0x10 Src/syscalls.o
 .debug_macro   0x0000000000000000       0x10 Src/syscalls.o
 .debug_macro   0x0000000000000000       0x6a Src/syscalls.o
 .debug_macro   0x0000000000000000       0x1c Src/syscalls.o
 .debug_macro   0x0000000000000000       0x52 Src/syscalls.o
 .debug_macro   0x0000000000000000       0x40 Src/syscalls.o
 .debug_macro   0x0000000000000000       0x10 Src/syscalls.o
 .debug_macro   0x0000000000000000       0x40 Src/syscalls.o
 .debug_macro   0x0000000000000000       0xd7 Src/syscalls.o
 .debug_macro   0x0000000000000000       0x1c Src/syscalls.o
 .debug_macro   0x0000000000000000       0x3d Src/syscalls.o
 .debug_macro   0x0000000000000000       0x35 Src/syscalls.o
 .debug_macro   0x0000000000000000      0x122 Src/syscalls.o
 .debug_macro   0x0000000000000000       0x16 Src/syscalls.o
 .debug_macro   0x0000000000000000       0x16 Src/syscalls.o
 .debug_macro   0x0000000000000000       0x29 Src/syscalls.o
 .debug_macro   0x0000000000000000       0x10 Src/syscalls.o
 .debug_macro   0x0000000000000000      0x241 Src/syscalls.o
 .debug_macro   0x0000000000000000       0x1c Src/syscalls.o
 .debug_macro   0x0000000000000000       0x10 Src/syscalls.o
 .debug_macro   0x0000000000000000       0x10 Src/syscalls.o
 .debug_macro   0x0000000000000000       0x16 Src/syscalls.o
 .debug_macro   0x0000000000000000      0x145 Src/syscalls.o
 .debug_macro   0x0000000000000000      0x189 Src/syscalls.o
 .debug_macro   0x0000000000000000       0x16 Src/syscalls.o
 .debug_macro   0x0000000000000000       0x88 Src/syscalls.o
 .debug_line    0x0000000000000000      0x739 Src/syscalls.o
 .debug_str     0x0000000000000000     0x887e Src/syscalls.o
 .comment       0x0000000000000000       0x7c Src/syscalls.o
 .debug_frame   0x0000000000000000      0x2ac Src/syscalls.o
 .ARM.attributes
                0x0000000000000000       0x33 Src/syscalls.o
 .group         0x0000000000000000        0xc Src/sysmem.o
 .group         0x0000000000000000        0xc Src/sysmem.o
 .group         0x0000000000000000        0xc Src/sysmem.o
 .group         0x0000000000000000        0xc Src/sysmem.o
 .group         0x0000000000000000        0xc Src/sysmem.o
 .group         0x0000000000000000        0xc Src/sysmem.o
 .group         0x0000000000000000        0xc Src/sysmem.o
 .group         0x0000000000000000        0xc Src/sysmem.o
 .group         0x0000000000000000        0xc Src/sysmem.o
 .group         0x0000000000000000        0xc Src/sysmem.o
 .group         0x0000000000000000        0xc Src/sysmem.o
 .group         0x0000000000000000        0xc Src/sysmem.o
 .group         0x0000000000000000        0xc Src/sysmem.o
 .group         0x0000000000000000        0xc Src/sysmem.o
 .group         0x0000000000000000        0xc Src/sysmem.o
 .group         0x0000000000000000        0xc Src/sysmem.o
 .group         0x0000000000000000        0xc Src/sysmem.o
 .group         0x0000000000000000        0xc Src/sysmem.o
 .group         0x0000000000000000        0xc Src/sysmem.o
 .text          0x0000000000000000        0x0 Src/sysmem.o
 .data          0x0000000000000000        0x0 Src/sysmem.o
 .bss           0x0000000000000000        0x0 Src/sysmem.o
 .bss.__sbrk_heap_end
                0x0000000000000000        0x4 Src/sysmem.o
 .text._sbrk    0x0000000000000000       0x6c Src/sysmem.o
 .debug_info    0x0000000000000000      0xa7c Src/sysmem.o
 .debug_abbrev  0x0000000000000000      0x18e Src/sysmem.o
 .debug_loc     0x0000000000000000       0x50 Src/sysmem.o
 .debug_aranges
                0x0000000000000000       0x20 Src/sysmem.o
 .debug_ranges  0x0000000000000000       0x10 Src/sysmem.o
 .debug_macro   0x0000000000000000       0xee Src/sysmem.o
 .debug_macro   0x0000000000000000      0xa60 Src/sysmem.o
 .debug_macro   0x0000000000000000       0x10 Src/sysmem.o
 .debug_macro   0x0000000000000000       0x22 Src/sysmem.o
 .debug_macro   0x0000000000000000       0x40 Src/sysmem.o
 .debug_macro   0x0000000000000000       0x18 Src/sysmem.o
 .debug_macro   0x0000000000000000       0x94 Src/sysmem.o
 .debug_macro   0x0000000000000000       0x3c Src/sysmem.o
 .debug_macro   0x0000000000000000       0x34 Src/sysmem.o
 .debug_macro   0x0000000000000000      0x174 Src/sysmem.o
 .debug_macro   0x0000000000000000       0x57 Src/sysmem.o
 .debug_macro   0x0000000000000000       0x52 Src/sysmem.o
 .debug_macro   0x0000000000000000       0x1f Src/sysmem.o
 .debug_macro   0x0000000000000000       0x43 Src/sysmem.o
 .debug_macro   0x0000000000000000       0x20 Src/sysmem.o
 .debug_macro   0x0000000000000000      0x1a3 Src/sysmem.o
 .debug_macro   0x0000000000000000      0x23b Src/sysmem.o
 .debug_macro   0x0000000000000000       0xef Src/sysmem.o
 .debug_macro   0x0000000000000000       0x6a Src/sysmem.o
 .debug_macro   0x0000000000000000      0x1df Src/sysmem.o
 .debug_line    0x0000000000000000      0x4c2 Src/sysmem.o
 .debug_str     0x0000000000000000     0x5f56 Src/sysmem.o
 .comment       0x0000000000000000       0x7c Src/sysmem.o
 .debug_frame   0x0000000000000000       0x34 Src/sysmem.o
 .ARM.attributes
                0x0000000000000000       0x33 Src/sysmem.o
 .text          0x0000000000000000       0x14 Startup/startup_stm32f103c6tx.o
 .data          0x0000000000000000        0x0 Startup/startup_stm32f103c6tx.o
 .bss           0x0000000000000000        0x0 Startup/startup_stm32f103c6tx.o
 .text          0x0000000000000000        0x0 c:/st/stm32cubeide_1.4.0/stm32cubeide/plugins/com.st.stm32cube.ide.mcu.externaltools.gnu-tools-for-stm32.7-2018-q2-update.win32_1.4.0.202007081208/tools/bin/../lib/gcc/arm-none-eabi/7.3.1/../../../../arm-none-eabi/lib/thumb/v7-m\libc_nano.a(lib_a-errno.o)
 .data          0x0000000000000000        0x0 c:/st/stm32cubeide_1.4.0/stm32cubeide/plugins/com.st.stm32cube.ide.mcu.externaltools.gnu-tools-for-stm32.7-2018-q2-update.win32_1.4.0.202007081208/tools/bin/../lib/gcc/arm-none-eabi/7.3.1/../../../../arm-none-eabi/lib/thumb/v7-m\libc_nano.a(lib_a-errno.o)
 .bss           0x0000000000000000        0x0 c:/st/stm32cubeide_1.4.0/stm32cubeide/plugins/com.st.stm32cube.ide.mcu.externaltools.gnu-tools-for-stm32.7-2018-q2-update.win32_1.4.0.202007081208/tools/bin/../lib/gcc/arm-none-eabi/7.3.1/../../../../arm-none-eabi/lib/thumb/v7-m\libc_nano.a(lib_a-errno.o)
 .text.__errno  0x0000000000000000        0xc c:/st/stm32cubeide_1.4.0/stm32cubeide/plugins/com.st.stm32cube.ide.mcu.externaltools.gnu-tools-for-stm32.7-2018-q2-update.win32_1.4.0.202007081208/tools/bin/../lib/gcc/arm-none-eabi/7.3.1/../../../../arm-none-eabi/lib/thumb/v7-m\libc_nano.a(lib_a-errno.o)
 .debug_frame   0x0000000000000000       0x20 c:/st/stm32cubeide_1.4.0/stm32cubeide/plugins/com.st.stm32cube.ide.mcu.externaltools.gnu-tools-for-stm32.7-2018-q2-update.win32_1.4.0.202007081208/tools/bin/../lib/gcc/arm-none-eabi/7.3.1/../../../../arm-none-eabi/lib/thumb/v7-m\libc_nano.a(lib_a-errno.o)
 .ARM.attributes
                0x0000000000000000       0x2d c:/st/stm32cubeide_1.4.0/stm32cubeide/plugins/com.st.stm32cube.ide.mcu.externaltools.gnu-tools-for-stm32.7-2018-q2-update.win32_1.4.0.202007081208/tools/bin/../lib/gcc/arm-none-eabi/7.3.1/../../../../arm-none-eabi/lib/thumb/v7-m\libc_nano.a(lib_a-errno.o)
 .text          0x0000000000000000        0x0 c:/st/stm32cubeide_1.4.0/stm32cubeide/plugins/com.st.stm32cube.ide.mcu.externaltools.gnu-tools-for-stm32.7-2018-q2-update.win32_1.4.0.202007081208/tools/bin/../lib/gcc/arm-none-eabi/7.3.1/../../../../arm-none-eabi/lib/thumb/v7-m\libc_nano.a(lib_a-exit.o)
 .data          0x0000000000000000        0x0 c:/st/stm32cubeide_1.4.0/stm32cubeide/plugins/com.st.stm32cube.ide.mcu.externaltools.gnu-tools-for-stm32.7-2018-q2-update.win32_1.4.0.202007081208/tools/bin/../lib/gcc/arm-none-eabi/7.3.1/../../../../arm-none-eabi/lib/thumb/v7-m\libc_nano.a(lib_a-exit.o)
 .bss           0x0000000000000000        0x0 c:/st/stm32cubeide_1.4.0/stm32cubeide/plugins/com.st.stm32cube.ide.mcu.externaltools.gnu-tools-for-stm32.7-2018-q2-update.win32_1.4.0.202007081208/tools/bin/../lib/gcc/arm-none-eabi/7.3.1/../../../../arm-none-eabi/lib/thumb/v7-m\libc_nano.a(lib_a-exit.o)
 .text.exit     0x0000000000000000       0x28 c:/st/stm32cubeide_1.4.0/stm32cubeide/plugins/com.st.stm32cube.ide.mcu.externaltools.gnu-tools-for-stm32.7-2018-q2-update.win32_1.4.0.202007081208/tools/bin/../lib/gcc/arm-none-eabi/7.3.1/../../../../arm-none-eabi/lib/thumb/v7-m\libc_nano.a(lib_a-exit.o)
 .debug_frame   0x0000000000000000       0x28 c:/st/stm32cubeide_1.4.0/stm32cubeide/plugins/com.st.stm32cube.ide.mcu.externaltools.gnu-tools-for-stm32.7-2018-q2-update.win32_1.4.0.202007081208/tools/bin/../lib/gcc/arm-none-eabi/7.3.1/../../../../arm-none-eabi/lib/thumb/v7-m\libc_nano.a(lib_a-exit.o)
 .ARM.attributes
                0x0000000000000000       0x2d c:/st/stm32cubeide_1.4.0/stm32cubeide/plugins/com.st.stm32cube.ide.mcu.externaltools.gnu-tools-for-stm32.7-2018-q2-update.win32_1.4.0.202007081208/tools/bin/../lib/gcc/arm-none-eabi/7.3.1/../../../../arm-none-eabi/lib/thumb/v7-m\libc_nano.a(lib_a-exit.o)
 .text          0x0000000000000000        0x0 c:/st/stm32cubeide_1.4.0/stm32cubeide/plugins/com.st.stm32cube.ide.mcu.externaltools.gnu-tools-for-stm32.7-2018-q2-update.win32_1.4.0.202007081208/tools/bin/../lib/gcc/arm-none-eabi/7.3.1/../../../../arm-none-eabi/lib/thumb/v7-m\libc_nano.a(lib_a-impure.o)
 .data          0x0000000000000000        0x0 c:/st/stm32cubeide_1.4.0/stm32cubeide/plugins/com.st.stm32cube.ide.mcu.externaltools.gnu-tools-for-stm32.7-2018-q2-update.win32_1.4.0.202007081208/tools/bin/../lib/gcc/arm-none-eabi/7.3.1/../../../../arm-none-eabi/lib/thumb/v7-m\libc_nano.a(lib_a-impure.o)
 .bss           0x0000000000000000        0x0 c:/st/stm32cubeide_1.4.0/stm32cubeide/plugins/com.st.stm32cube.ide.mcu.externaltools.gnu-tools-for-stm32.7-2018-q2-update.win32_1.4.0.202007081208/tools/bin/../lib/gcc/arm-none-eabi/7.3.1/../../../../arm-none-eabi/lib/thumb/v7-m\libc_nano.a(lib_a-impure.o)
 .data._impure_ptr
                0x0000000000000000        0x4 c:/st/stm32cubeide_1.4.0/stm32cubeide/plugins/com.st.stm32cube.ide.mcu.externaltools.gnu-tools-for-stm32.7-2018-q2-update.win32_1.4.0.202007081208/tools/bin/../lib/gcc/arm-none-eabi/7.3.1/../../../../arm-none-eabi/lib/thumb/v7-m\libc_nano.a(lib_a-impure.o)
 .data.impure_data
                0x0000000000000000       0x60 c:/st/stm32cubeide_1.4.0/stm32cubeide/plugins/com.st.stm32cube.ide.mcu.externaltools.gnu-tools-for-stm32.7-2018-q2-update.win32_1.4.0.202007081208/tools/bin/../lib/gcc/arm-none-eabi/7.3.1/../../../../arm-none-eabi/lib/thumb/v7-m\libc_nano.a(lib_a-impure.o)
 .rodata._global_impure_ptr
                0x0000000000000000        0x4 c:/st/stm32cubeide_1.4.0/stm32cubeide/plugins/com.st.stm32cube.ide.mcu.externaltools.gnu-tools-for-stm32.7-2018-q2-update.win32_1.4.0.202007081208/tools/bin/../lib/gcc/arm-none-eabi/7.3.1/../../../../arm-none-eabi/lib/thumb/v7-m\libc_nano.a(lib_a-impure.o)
 .ARM.attributes
                0x0000000000000000       0x2d c:/st/stm32cubeide_1.4.0/stm32cubeide/plugins/com.st.stm32cube.ide.mcu.externaltools.gnu-tools-for-stm32.7-2018-q2-update.win32_1.4.0.202007081208/tools/bin/../lib/gcc/arm-none-eabi/7.3.1/../../../../arm-none-eabi/lib/thumb/v7-m\libc_nano.a(lib_a-impure.o)
 .text          0x0000000000000000        0x0 c:/st/stm32cubeide_1.4.0/stm32cubeide/plugins/com.st.stm32cube.ide.mcu.externaltools.gnu-tools-for-stm32.7-2018-q2-update.win32_1.4.0.202007081208/tools/bin/../lib/gcc/arm-none-eabi/7.3.1/../../../../arm-none-eabi/lib/thumb/v7-m\libc_nano.a(lib_a-init.o)
 .data          0x0000000000000000        0x0 c:/st/stm32cubeide_1.4.0/stm32cubeide/plugins/com.st.stm32cube.ide.mcu.externaltools.gnu-tools-for-stm32.7-2018-q2-update.win32_1.4.0.202007081208/tools/bin/../lib/gcc/arm-none-eabi/7.3.1/../../../../arm-none-eabi/lib/thumb/v7-m\libc_nano.a(lib_a-init.o)
 .bss           0x0000000000000000        0x0 c:/st/stm32cubeide_1.4.0/stm32cubeide/plugins/com.st.stm32cube.ide.mcu.externaltools.gnu-tools-for-stm32.7-2018-q2-update.win32_1.4.0.202007081208/tools/bin/../lib/gcc/arm-none-eabi/7.3.1/../../../../arm-none-eabi/lib/thumb/v7-m\libc_nano.a(lib_a-init.o)
 .text          0x0000000000000000        0x0 c:/st/stm32cubeide_1.4.0/stm32cubeide/plugins/com.st.stm32cube.ide.mcu.externaltools.gnu-tools-for-stm32.7-2018-q2-update.win32_1.4.0.202007081208/tools/bin/../lib/gcc/arm-none-eabi/7.3.1/../../../../arm-none-eabi/lib/thumb/v7-m\libc_nano.a(lib_a-itoa.o)
 .data          0x0000000000000000        0x0 c:/st/stm32cubeide_1.4.0/stm32cubeide/plugins/com.st.stm32cube.ide.mcu.externaltools.gnu-tools-for-stm32.7-2018-q2-update.win32_1.4.0.202007081208/tools/bin/../lib/gcc/arm-none-eabi/7.3.1/../../../../arm-none-eabi/lib/thumb/v7-m\libc_nano.a(lib_a-itoa.o)
 .bss           0x0000000000000000        0x0 c:/st/stm32cubeide_1.4.0/stm32cubeide/plugins/com.st.stm32cube.ide.mcu.externaltools.gnu-tools-for-stm32.7-2018-q2-update.win32_1.4.0.202007081208/tools/bin/../lib/gcc/arm-none-eabi/7.3.1/../../../../arm-none-eabi/lib/thumb/v7-m\libc_nano.a(lib_a-itoa.o)
 .text.__itoa   0x0000000000000000       0x30 c:/st/stm32cubeide_1.4.0/stm32cubeide/plugins/com.st.stm32cube.ide.mcu.externaltools.gnu-tools-for-stm32.7-2018-q2-update.win32_1.4.0.202007081208/tools/bin/../lib/gcc/arm-none-eabi/7.3.1/../../../../arm-none-eabi/lib/thumb/v7-m\libc_nano.a(lib_a-itoa.o)
 .text.itoa     0x0000000000000000        0x4 c:/st/stm32cubeide_1.4.0/stm32cubeide/plugins/com.st.stm32cube.ide.mcu.externaltools.gnu-tools-for-stm32.7-2018-q2-update.win32_1.4.0.202007081208/tools/bin/../lib/gcc/arm-none-eabi/7.3.1/../../../../arm-none-eabi/lib/thumb/v7-m\libc_nano.a(lib_a-itoa.o)
 .debug_frame   0x0000000000000000       0x38 c:/st/stm32cubeide_1.4.0/stm32cubeide/plugins/com.st.stm32cube.ide.mcu.externaltools.gnu-tools-for-stm32.7-2018-q2-update.win32_1.4.0.202007081208/tools/bin/../lib/gcc/arm-none-eabi/7.3.1/../../../../arm-none-eabi/lib/thumb/v7-m\libc_nano.a(lib_a-itoa.o)
 .ARM.attributes
                0x0000000000000000       0x2d c:/st/stm32cubeide_1.4.0/stm32cubeide/plugins/com.st.stm32cube.ide.mcu.externaltools.gnu-tools-for-stm32.7-2018-q2-update.win32_1.4.0.202007081208/tools/bin/../lib/gcc/arm-none-eabi/7.3.1/../../../../arm-none-eabi/lib/thumb/v7-m\libc_nano.a(lib_a-itoa.o)
 .text          0x0000000000000000        0x0 c:/st/stm32cubeide_1.4.0/stm32cubeide/plugins/com.st.stm32cube.ide.mcu.externaltools.gnu-tools-for-stm32.7-2018-q2-update.win32_1.4.0.202007081208/tools/bin/../lib/gcc/arm-none-eabi/7.3.1/../../../../arm-none-eabi/lib/thumb/v7-m\libc_nano.a(lib_a-memset.o)
 .data          0x0000000000000000        0x0 c:/st/stm32cubeide_1.4.0/stm32cubeide/plugins/com.st.stm32cube.ide.mcu.externaltools.gnu-tools-for-stm32.7-2018-q2-update.win32_1.4.0.202007081208/tools/bin/../lib/gcc/arm-none-eabi/7.3.1/../../../../arm-none-eabi/lib/thumb/v7-m\libc_nano.a(lib_a-memset.o)
 .bss           0x0000000000000000        0x0 c:/st/stm32cubeide_1.4.0/stm32cubeide/plugins/com.st.stm32cube.ide.mcu.externaltools.gnu-tools-for-stm32.7-2018-q2-update.win32_1.4.0.202007081208/tools/bin/../lib/gcc/arm-none-eabi/7.3.1/../../../../arm-none-eabi/lib/thumb/v7-m\libc_nano.a(lib_a-memset.o)
 .text.memset   0x0000000000000000       0x10 c:/st/stm32cubeide_1.4.0/stm32cubeide/plugins/com.st.stm32cube.ide.mcu.externaltools.gnu-tools-for-stm32.7-2018-q2-update.win32_1.4.0.202007081208/tools/bin/../lib/gcc/arm-none-eabi/7.3.1/../../../../arm-none-eabi/lib/thumb/v7-m\libc_nano.a(lib_a-memset.o)
 .debug_frame   0x0000000000000000       0x20 c:/st/stm32cubeide_1.4.0/stm32cubeide/plugins/com.st.stm32cube.ide.mcu.externaltools.gnu-tools-for-stm32.7-2018-q2-update.win32_1.4.0.202007081208/tools/bin/../lib/gcc/arm-none-eabi/7.3.1/../../../../arm-none-eabi/lib/thumb/v7-m\libc_nano.a(lib_a-memset.o)
 .ARM.attributes
                0x0000000000000000       0x2d c:/st/stm32cubeide_1.4.0/stm32cubeide/plugins/com.st.stm32cube.ide.mcu.externaltools.gnu-tools-for-stm32.7-2018-q2-update.win32_1.4.0.202007081208/tools/bin/../lib/gcc/arm-none-eabi/7.3.1/../../../../arm-none-eabi/lib/thumb/v7-m\libc_nano.a(lib_a-memset.o)
 .text          0x0000000000000000        0x0 c:/st/stm32cubeide_1.4.0/stm32cubeide/plugins/com.st.stm32cube.ide.mcu.externaltools.gnu-tools-for-stm32.7-2018-q2-update.win32_1.4.0.202007081208/tools/bin/../lib/gcc/arm-none-eabi/7.3.1/../../../../arm-none-eabi/lib/thumb/v7-m\libc_nano.a(lib_a-utoa.o)
 .data          0x0000000000000000        0x0 c:/st/stm32cubeide_1.4.0/stm32cubeide/plugins/com.st.stm32cube.ide.mcu.externaltools.gnu-tools-for-stm32.7-2018-q2-update.win32_1.4.0.202007081208/tools/bin/../lib/gcc/arm-none-eabi/7.3.1/../../../../arm-none-eabi/lib/thumb/v7-m\libc_nano.a(lib_a-utoa.o)
 .bss           0x0000000000000000        0x0 c:/st/stm32cubeide_1.4.0/stm32cubeide/plugins/com.st.stm32cube.ide.mcu.externaltools.gnu-tools-for-stm32.7-2018-q2-update.win32_1.4.0.202007081208/tools/bin/../lib/gcc/arm-none-eabi/7.3.1/../../../../arm-none-eabi/lib/thumb/v7-m\libc_nano.a(lib_a-utoa.o)
 .text.__utoa   0x0000000000000000       0x7c c:/st/stm32cubeide_1.4.0/stm32cubeide/plugins/com.st.stm32cube.ide.mcu.externaltools.gnu-tools-for-stm32.7-2018-q2-update.win32_1.4.0.202007081208/tools/bin/../lib/gcc/arm-none-eabi/7.3.1/../../../../arm-none-eabi/lib/thumb/v7-m\libc_nano.a(lib_a-utoa.o)
 .text.utoa     0x0000000000000000        0x4 c:/st/stm32cubeide_1.4.0/stm32cubeide/plugins/com.st.stm32cube.ide.mcu.externaltools.gnu-tools-for-stm32.7-2018-q2-update.win32_1.4.0.202007081208/tools/bin/../lib/gcc/arm-none-eabi/7.3.1/../../../../arm-none-eabi/lib/thumb/v7-m\libc_nano.a(lib_a-utoa.o)
 .rodata.__utoa.str1.1
                0x0000000000000000       0x25 c:/st/stm32cubeide_1.4.0/stm32cubeide/plugins/com.st.stm32cube.ide.mcu.externaltools.gnu-tools-for-stm32.7-2018-q2-update.win32_1.4.0.202007081208/tools/bin/../lib/gcc/arm-none-eabi/7.3.1/../../../../arm-none-eabi/lib/thumb/v7-m\libc_nano.a(lib_a-utoa.o)
 .debug_frame   0x0000000000000000       0x48 c:/st/stm32cubeide_1.4.0/stm32cubeide/plugins/com.st.stm32cube.ide.mcu.externaltools.gnu-tools-for-stm32.7-2018-q2-update.win32_1.4.0.202007081208/tools/bin/../lib/gcc/arm-none-eabi/7.3.1/../../../../arm-none-eabi/lib/thumb/v7-m\libc_nano.a(lib_a-utoa.o)
 .ARM.attributes
                0x0000000000000000       0x2d c:/st/stm32cubeide_1.4.0/stm32cubeide/plugins/com.st.stm32cube.ide.mcu.externaltools.gnu-tools-for-stm32.7-2018-q2-update.win32_1.4.0.202007081208/tools/bin/../lib/gcc/arm-none-eabi/7.3.1/../../../../arm-none-eabi/lib/thumb/v7-m\libc_nano.a(lib_a-utoa.o)
 .text          0x0000000000000000        0x0 c:/st/stm32cubeide_1.4.0/stm32cubeide/plugins/com.st.stm32cube.ide.mcu.externaltools.gnu-tools-for-stm32.7-2018-q2-update.win32_1.4.0.202007081208/tools/bin/../lib/gcc/arm-none-eabi/7.3.1/thumb/v7-m/crtend.o
 .data          0x0000000000000000        0x0 c:/st/stm32cubeide_1.4.0/stm32cubeide/plugins/com.st.stm32cube.ide.mcu.externaltools.gnu-tools-for-stm32.7-2018-q2-update.win32_1.4.0.202007081208/tools/bin/../lib/gcc/arm-none-eabi/7.3.1/thumb/v7-m/crtend.o
 .bss           0x0000000000000000        0x0 c:/st/stm32cubeide_1.4.0/stm32cubeide/plugins/com.st.stm32cube.ide.mcu.externaltools.gnu-tools-for-stm32.7-2018-q2-update.win32_1.4.0.202007081208/tools/bin/../lib/gcc/arm-none-eabi/7.3.1/thumb/v7-m/crtend.o
 .eh_frame      0x0000000000000000        0x4 c:/st/stm32cubeide_1.4.0/stm32cubeide/plugins/com.st.stm32cube.ide.mcu.externaltools.gnu-tools-for-stm32.7-2018-q2-update.win32_1.4.0.202007081208/tools/bin/../lib/gcc/arm-none-eabi/7.3.1/thumb/v7-m/crtend.o
 .ARM.attributes
                0x0000000000000000       0x2d c:/st/stm32cubeide_1.4.0/stm32cubeide/plugins/com.st.stm32cube.ide.mcu.externaltools.gnu-tools-for-stm32.7-2018-q2-update.win32_1.4.0.202007081208/tools/bin/../lib/gcc/arm-none-eabi/7.3.1/thumb/v7-m/crtend.o
 .text          0x0000000000000000        0x0 c:/st/stm32cubeide_1.4.0/stm32cubeide/plugins/com.st.stm32cube.ide.mcu.externaltools.gnu-tools-for-stm32.7-2018-q2-update.win32_1.4.0.202007081208/tools/bin/../lib/gcc/arm-none-eabi/7.3.1/thumb/v7-m/crtn.o
 .data          0x0000000000000000        0x0 c:/st/stm32cubeide_1.4.0/stm32cubeide/plugins/com.st.stm32cube.ide.mcu.externaltools.gnu-tools-for-stm32.7-2018-q2-update.win32_1.4.0.202007081208/tools/bin/../lib/gcc/arm-none-eabi/7.3.1/thumb/v7-m/crtn.o
 .bss           0x0000000000000000        0x0 c:/st/stm32cubeide_1.4.0/stm32cubeide/plugins/com.st.stm32cube.ide.mcu.externaltools.gnu-tools-for-stm32.7-2018-q2-update.win32_1.4.0.202007081208/tools/bin/../lib/gcc/arm-none-eabi/7.3.1/thumb/v7-m/crtn.o

Memory Configuration

Name             Origin             Length             Attributes
RAM              0x0000000020000000 0x0000000000002800 xrw
FLASH            0x0000000008000000 0x0000000000008000 xr
*default*        0x0000000000000000 0xffffffffffffffff

Linker script and memory map

LOAD c:/st/stm32cubeide_1.4.0/stm32cubeide/plugins/com.st.stm32cube.ide.mcu.externaltools.gnu-tools-for-stm32.7-2018-q2-update.win32_1.4.0.202007081208/tools/bin/../lib/gcc/arm-none-eabi/7.3.1/thumb/v7-m/crti.o
LOAD c:/st/stm32cubeide_1.4.0/stm32cubeide/plugins/com.st.stm32cube.ide.mcu.externaltools.gnu-tools-for-stm32.7-2018-q2-update.win32_1.4.0.202007081208/tools/bin/../lib/gcc/arm-none-eabi/7.3.1/thumb/v7-m/crtbegin.o
LOAD c:/st/stm32cubeide_1.4.0/stm32cubeide/plugins/com.st.stm32cube.ide.mcu.externaltools.gnu-tools-for-stm32.7-2018-q2-update.win32_1.4.0.202007081208/tools/bin/../lib/gcc/arm-none-eabi/7.3.1/../../../../arm-none-eabi/lib/thumb/v7-m/crt0.o
LOAD HAL/KEYPAD.o
LOAD HAL/LCD.o
LOAD HAL/SPI_EEPROM.o
LOAD HAL/Servo.o
LOAD MCAL/EEPROM.o
LOAD MCAL/EXTI_Driver.o
LOAD MCAL/GPIO_Driver.o
LOAD MCAL/GP_Timers.o
LOAD MCAL/I2C.o
LOAD MCAL/RCC.o
LOAD MCAL/SPI.o
LOAD MCAL/Timer.o
LOAD MCAL/Timer1_8.o
LOAD MCAL/USART_Driver.o
LOAD Src/main.o
LOAD Src/syscalls.o
LOAD Src/sysmem.o
LOAD Startup/startup_stm32f103c6tx.o
START GROUP
LOAD c:/st/stm32cubeide_1.4.0/stm32cubeide/plugins/com.st.stm32cube.ide.mcu.externaltools.gnu-tools-for-stm32.7-2018-q2-update.win32_1.4.0.202007081208/tools/bin/../lib/gcc/arm-none-eabi/7.3.1/../../../../arm-none-eabi/lib/thumb/v7-m\libc_nano.a
LOAD c:/st/stm32cubeide_1.4.0/stm32cubeide/plugins/com.st.stm32cube.ide.mcu.externaltools.gnu-tools-for-stm32.7-2018-q2-update.win32_1.4.0.202007081208/tools/bin/../lib/gcc/arm-none-eabi/7.3.1/../../../../arm-none-eabi/lib/thumb/v7-m\libm.a
END GROUP
START GROUP
LOAD c:/st/stm32cubeide_1.4.0/stm32cubeide/plugins/com.st.stm32cube.ide.mcu.externaltools.gnu-tools-for-stm32.7-2018-q2-update.win32_1.4.0.202007081208/tools/bin/../lib/gcc/arm-none-eabi/7.3.1/thumb/v7-m\libgcc.a
LOAD c:/st/stm32cubeide_1.4.0/stm32cubeide/plugins/com.st.stm32cube.ide.mcu.externaltools.gnu-tools-for-stm32.7-2018-q2-update.win32_1.4.0.202007081208/tools/bin/../lib/gcc/arm-none-eabi/7.3.1/../../../../arm-none-eabi/lib/thumb/v7-m\libg_nano.a
LOAD c:/st/stm32cubeide_1.4.0/stm32cubeide/plugins/com.st.stm32cube.ide.mcu.externaltools.gnu-tools-for-stm32.7-2018-q2-update.win32_1.4.0.202007081208/tools/bin/../lib/gcc/arm-none-eabi/7.3.1/../../../../arm-none-eabi/lib/thumb/v7-m\libc_nano.a
END GROUP
START GROUP
LOAD c:/st/stm32cubeide_1.4.0/stm32cubeide/plugins/com.st.stm32cube.ide.mcu.externaltools.gnu-tools-for-stm32.7-2018-q2-update.win32_1.4.0.202007081208/tools/bin/../lib/gcc/arm-none-eabi/7.3.1/thumb/v7-m\libgcc.a
LOAD c:/st/stm32cubeide_1.4.0/stm32cubeide/plugins/com.st.stm32cube.ide.mcu.externaltools.gnu-tools-for-stm32.7-2018-q2-update.win32_1.4.0.202007081208/tools/bin/../lib/gcc/arm-none-eabi/7.3.1/../../../../arm-none-eabi/lib/thumb/v7-m\libc_nano.a
LOAD c:/st/stm32cubeide_1.4.0/stm32cubeide/plugins/com.st.stm32cube.ide.mcu.externaltools.gnu-tools-for-stm32.7-2018-q2-update.win32_1.4.0.202007081208/tools/bin/../lib/gcc/arm-none-eabi/7.3.1/../../../../arm-none-eabi/lib/thumb/v7-m\libnosys.a
END GROUP
START GROUP
LOAD c:/st/stm32cubeide_1.4.0/stm32cubeide/plugins/com.st.stm32cube.ide.mcu.externaltools.gnu-tools-for-stm32.7-2018-q2-update.win32_1.4.0.202007081208/tools/bin/../lib/gcc/arm-none-eabi/7.3.1/thumb/v7-m\libgcc.a
LOAD c:/st/stm32cubeide_1.4.0/stm32cubeide/plugins/com.st.stm32cube.ide.mcu.externaltools.gnu-tools-for-stm32.7-2018-q2-update.win32_1.4.0.202007081208/tools/bin/../lib/gcc/arm-none-eabi/7.3.1/../../../../arm-none-eabi/lib/thumb/v7-m\libc_nano.a
LOAD c:/st/stm32cubeide_1.4.0/stm32cubeide/plugins/com.st.stm32cube.ide.mcu.externaltools.gnu-tools-for-stm32.7-2018-q2-update.win32_1.4.0.202007081208/tools/bin/../lib/gcc/arm-none-eabi/7.3.1/../../../../arm-none-eabi/lib/thumb/v7-m\libnosys.a
END GROUP
LOAD c:/st/stm32cubeide_1.4.0/stm32cubeide/plugins/com.st.stm32cube.ide.mcu.externaltools.gnu-tools-for-stm32.7-2018-q2-update.win32_1.4.0.202007081208/tools/bin/../lib/gcc/arm-none-eabi/7.3.1/thumb/v7-m/crtend.o
LOAD c:/st/stm32cubeide_1.4.0/stm32cubeide/plugins/com.st.stm32cube.ide.mcu.externaltools.gnu-tools-for-stm32.7-2018-q2-update.win32_1.4.0.202007081208/tools/bin/../lib/gcc/arm-none-eabi/7.3.1/thumb/v7-m/crtn.o
                0x0000000020002800                _estack = (ORIGIN (RAM) + LENGTH (RAM))
                0x0000000000000200                _Min_Heap_Size = 0x200
                0x0000000000000400                _Min_Stack_Size = 0x400

.isr_vector     0x0000000008000000      0x130
                0x0000000008000000                . = ALIGN (0x4)
 *(.isr_vector)
 .isr_vector    0x0000000008000000      0x130 Startup/startup_stm32f103c6tx.o
                0x0000000008000000                g_pfnVectors
                0x0000000008000130                . = ALIGN (0x4)

.text           0x0000000008000130     0x173c
                0x0000000008000130                . = ALIGN (0x4)
 *(.text)
 .text          0x0000000008000130       0x40 c:/st/stm32cubeide_1.4.0/stm32cubeide/plugins/com.st.stm32cube.ide.mcu.externaltools.gnu-tools-for-stm32.7-2018-q2-update.win32_1.4.0.202007081208/tools/bin/../lib/gcc/arm-none-eabi/7.3.1/thumb/v7-m/crtbegin.o
 *(.text*)
 .text.EXTI0_IRQHandler
                0x0000000008000170       0x24 MCAL/EXTI_Driver.o
                0x0000000008000170                EXTI0_IRQHandler
 .text.EXTI1_IRQHandler
                0x0000000008000194       0x24 MCAL/EXTI_Driver.o
                0x0000000008000194                EXTI1_IRQHandler
 .text.EXTI2_IRQHandler
                0x00000000080001b8       0x24 MCAL/EXTI_Driver.o
                0x00000000080001b8                EXTI2_IRQHandler
 .text.EXTI3_IRQHandler
                0x00000000080001dc       0x24 MCAL/EXTI_Driver.o
                0x00000000080001dc                EXTI3_IRQHandler
 .text.EXTI4_IRQHandler
                0x0000000008000200       0x24 MCAL/EXTI_Driver.o
                0x0000000008000200                EXTI4_IRQHandler
 .text.EXTI9_5_IRQHandler
                0x0000000008000224       0xa8 MCAL/EXTI_Driver.o
                0x0000000008000224                EXTI9_5_IRQHandler
 .text.EXTI15_10_IRQHandler
                0x00000000080002cc       0xc4 MCAL/EXTI_Driver.o
                0x00000000080002cc                EXTI15_10_IRQHandler
 .text.Get_PIN_Positon
                0x0000000008000390       0x34 MCAL/GPIO_Driver.o
                0x0000000008000390                Get_PIN_Positon
 .text.MCAL_GPIO_init
                0x00000000080003c4      0x1d0 MCAL/GPIO_Driver.o
                0x00000000080003c4                MCAL_GPIO_init
 .text.MCAL_write_PIN
                0x0000000008000594       0x50 MCAL/GPIO_Driver.o
                0x0000000008000594                MCAL_write_PIN
 .text.GP_ERROR_HANDLER
                0x00000000080005e4        0x6 MCAL/GP_Timers.o
                0x00000000080005e4                GP_ERROR_HANDLER
 *fill*         0x00000000080005ea        0x2 
 .text.MCAL_SET_GP_TIMx_GPIO
                0x00000000080005ec      0x3a4 MCAL/GP_Timers.o
                0x00000000080005ec                MCAL_SET_GP_TIMx_GPIO
 .text.GP_TIMx_start
                0x0000000008000990      0x1b4 MCAL/GP_Timers.o
                0x0000000008000990                GP_TIMx_start
 .text.GP_TIMx_Deint
                0x0000000008000b44      0x10c MCAL/GP_Timers.o
                0x0000000008000b44                GP_TIMx_Deint
 .text.TIM2_IRQHandler
                0x0000000008000c50       0xe0 MCAL/GP_Timers.o
                0x0000000008000c50                TIM2_IRQHandler
 .text.TIM3_IRQHandler
                0x0000000008000d30       0xd0 MCAL/GP_Timers.o
                0x0000000008000d30                TIM3_IRQHandler
 .text.TIM4_IRQHandler
                0x0000000008000e00       0xdc MCAL/GP_Timers.o
                0x0000000008000e00                TIM4_IRQHandler
 .text._delay_us
                0x0000000008000edc       0x54 MCAL/GP_Timers.o
                0x0000000008000edc                _delay_us
 .text._delay_ms
                0x0000000008000f30       0x32 MCAL/GP_Timers.o
                0x0000000008000f30                _delay_ms
 .text._delay_s
                0x0000000008000f62       0x32 MCAL/GP_Timers.o
                0x0000000008000f62                _delay_s
 .text.MCAL_GET_SYS_CLCK
                0x0000000008000f94       0x3c MCAL/RCC.o
                0x0000000008000f94                MCAL_GET_SYS_CLCK
 .text.MCAL_GET_H_CLCK
                0x0000000008000fd0       0x28 MCAL/RCC.o
                0x0000000008000fd0                MCAL_GET_H_CLCK
 .text.MCAL_GET_PCLCK1
                0x0000000008000ff8       0x28 MCAL/RCC.o
                0x0000000008000ff8                MCAL_GET_PCLCK1
 .text.MCAL_GET_PCLCK2
                0x0000000008001020       0x28 MCAL/RCC.o
                0x0000000008001020                MCAL_GET_PCLCK2
 .text.SPI1_IRQHandler
                0x0000000008001048       0x28 MCAL/SPI.o
                0x0000000008001048                SPI1_IRQHandler
 .text.get_flag_source
                0x0000000008001070       0x6e MCAL/SPI.o
                0x0000000008001070                get_flag_source
 .text.ERROR_HANDLER
                0x00000000080010de        0x6 MCAL/Timer1_8.o
                0x00000000080010de                ERROR_HANDLER
 .text.TIM1_UP_IRQHandler
                0x00000000080010e4       0x24 MCAL/Timer1_8.o
                0x00000000080010e4                TIM1_UP_IRQHandler
 .text.TIM1_CC_IRQHandler
                0x0000000008001108       0x24 MCAL/Timer1_8.o
                0x0000000008001108                TIM1_CC_IRQHandler
 .text.TIM1_BRK_IRQHandler
                0x000000000800112c       0x24 MCAL/Timer1_8.o
                0x000000000800112c                TIM1_BRK_IRQHandler
 .text.TIM1_TRG_COM_IRQHandler
                0x0000000008001150       0x24 MCAL/Timer1_8.o
                0x0000000008001150                TIM1_TRG_COM_IRQHandler
 .text.MCAL_USART_init
                0x0000000008001174      0x2d0 MCAL/USART_Driver.o
                0x0000000008001174                MCAL_USART_init
 .text.MCAL_USART_SendData
                0x0000000008001444       0x84 MCAL/USART_Driver.o
                0x0000000008001444                MCAL_USART_SendData
 .text.MCAL_USART_ReciveData
                0x00000000080014c8       0x94 MCAL/USART_Driver.o
                0x00000000080014c8                MCAL_USART_ReciveData
 .text.SET_GPIO
                0x000000000800155c       0xec MCAL/USART_Driver.o
                0x000000000800155c                SET_GPIO
 .text.USART1_IRQHandler
                0x0000000008001648       0x14 MCAL/USART_Driver.o
                0x0000000008001648                USART1_IRQHandler
 .text.USART2_IRQHandler
                0x000000000800165c       0x14 MCAL/USART_Driver.o
                0x000000000800165c                USART2_IRQHandler
 .text.USART3_IRQHandler
                0x0000000008001670       0x14 MCAL/USART_Driver.o
                0x0000000008001670                USART3_IRQHandler
 .text.call_Back
                0x0000000008001684       0x90 Src/main.o
                0x0000000008001684                call_Back
 .text.TSR_START
                0x0000000008001714       0x1c Src/main.o
                0x0000000008001714                TSR_START
 .text.main     0x0000000008001730       0x88 Src/main.o
                0x0000000008001730                main
 .text.Reset_Handler
                0x00000000080017b8       0x50 Startup/startup_stm32f103c6tx.o
                0x00000000080017b8                Reset_Handler
 .text.Default_Handler
                0x0000000008001808        0x2 Startup/startup_stm32f103c6tx.o
                0x0000000008001808                TIM8_TRG_COM_IRQHandler
                0x0000000008001808                TIM8_CC_IRQHandler
                0x0000000008001808                DebugMon_Handler
                0x0000000008001808                HardFault_Handler
                0x0000000008001808                TIM6_IRQHandler
                0x0000000008001808                SysTick_Handler
                0x0000000008001808                PVD_IRQHandler
                0x0000000008001808                SDIO_IRQHandler
                0x0000000008001808                PendSV_Handler
                0x0000000008001808                NMI_Handler
                0x0000000008001808                USB_HP_CAN_TX_IRQHandler
                0x0000000008001808                I2C2_EV_IRQHandler
                0x0000000008001808                UsageFault_Handler
                0x0000000008001808                ADC1_2_IRQHandler
                0x0000000008001808                CAN_SCE_IRQHandler
                0x0000000008001808                TAMPER_IRQHandler
                0x0000000008001808                TIM8_UP_IRQHandler
                0x0000000008001808                DMA2_Channel2_IRQHandler
                0x0000000008001808                DMA1_Channel4_IRQHandler
                0x0000000008001808                RTC_IRQHandler
                0x0000000008001808                DMA1_Channel7_IRQHandler
                0x0000000008001808                UART5_IRQHandler
                0x0000000008001808                ADC3_IRQHandler
                0x0000000008001808                CAN_RX1_IRQHandler
                0x0000000008001808                DMA2_Channel1_IRQHandler
                0x0000000008001808                I2C1_EV_IRQHandler
                0x0000000008001808                DMA1_Channel6_IRQHandler
                0x0000000008001808                UART4_IRQHandler
                0x0000000008001808                RCC_IRQHandler
                0x0000000008001808                DMA1_Channel1_IRQHandler
                0x0000000008001808                Default_Handler
                0x0000000008001808                TIM7_IRQHandler
                0x0000000008001808                TIM5_IRQHandler
                0x0000000008001808                SPI2_IRQHandler
                0x0000000008001808                USB_LP_CAN_RX0_IRQHandler
                0x0000000008001808                MemManage_Handler
                0x0000000008001808                SVC_Handler
                0x0000000008001808                DMA1_Channel5_IRQHandler
                0x0000000008001808                DMA1_Channel3_IRQHandler
                0x0000000008001808                FSMC_IRQHandler
                0x0000000008001808                WWDG_IRQHandler
                0x0000000008001808                RTCAlarm_IRQHandler
                0x0000000008001808                DMA2_Channel4_5_IRQHandler
                0x0000000008001808                I2C2_ER_IRQHandler
                0x0000000008001808                DMA1_Channel2_IRQHandler
                0x0000000008001808                TIM8_BRK_IRQHandler
                0x0000000008001808                FLASH_IRQHandler
                0x0000000008001808                BusFault_Handler
                0x0000000008001808                SPI3_IRQHandler
                0x0000000008001808                I2C1_ER_IRQHandler
                0x0000000008001808                DMA2_Channel3_IRQHandler
 *fill*         0x000000000800180a        0x2 
 .text.__libc_init_array
                0x000000000800180c       0x48 c:/st/stm32cubeide_1.4.0/stm32cubeide/plugins/com.st.stm32cube.ide.mcu.externaltools.gnu-tools-for-stm32.7-2018-q2-update.win32_1.4.0.202007081208/tools/bin/../lib/gcc/arm-none-eabi/7.3.1/../../../../arm-none-eabi/lib/thumb/v7-m\libc_nano.a(lib_a-init.o)
                0x000000000800180c                __libc_init_array
 *(.glue_7)
 .glue_7        0x0000000008001854        0x0 linker stubs
 *(.glue_7t)
 .glue_7t       0x0000000008001854        0x0 linker stubs
 *(.eh_frame)
 .eh_frame      0x0000000008001854        0x0 c:/st/stm32cubeide_1.4.0/stm32cubeide/plugins/com.st.stm32cube.ide.mcu.externaltools.gnu-tools-for-stm32.7-2018-q2-update.win32_1.4.0.202007081208/tools/bin/../lib/gcc/arm-none-eabi/7.3.1/thumb/v7-m/crtbegin.o
 *(.init)
 .init          0x0000000008001854        0x4 c:/st/stm32cubeide_1.4.0/stm32cubeide/plugins/com.st.stm32cube.ide.mcu.externaltools.gnu-tools-for-stm32.7-2018-q2-update.win32_1.4.0.202007081208/tools/bin/../lib/gcc/arm-none-eabi/7.3.1/thumb/v7-m/crti.o
                0x0000000008001854                _init
 .init          0x0000000008001858        0x8 c:/st/stm32cubeide_1.4.0/stm32cubeide/plugins/com.st.stm32cube.ide.mcu.externaltools.gnu-tools-for-stm32.7-2018-q2-update.win32_1.4.0.202007081208/tools/bin/../lib/gcc/arm-none-eabi/7.3.1/thumb/v7-m/crtn.o
 *(.fini)
 .fini          0x0000000008001860        0x4 c:/st/stm32cubeide_1.4.0/stm32cubeide/plugins/com.st.stm32cube.ide.mcu.externaltools.gnu-tools-for-stm32.7-2018-q2-update.win32_1.4.0.202007081208/tools/bin/../lib/gcc/arm-none-eabi/7.3.1/thumb/v7-m/crti.o
                0x0000000008001860                _fini
 .fini          0x0000000008001864        0x8 c:/st/stm32cubeide_1.4.0/stm32cubeide/plugins/com.st.stm32cube.ide.mcu.externaltools.gnu-tools-for-stm32.7-2018-q2-update.win32_1.4.0.202007081208/tools/bin/../lib/gcc/arm-none-eabi/7.3.1/thumb/v7-m/crtn.o
                0x000000000800186c                . = ALIGN (0x4)
                0x000000000800186c                _etext = .

.vfp11_veneer   0x000000000800186c        0x0
 .vfp11_veneer  0x000000000800186c        0x0 linker stubs

.v4_bx          0x000000000800186c        0x0
 .v4_bx         0x000000000800186c        0x0 linker stubs

.iplt           0x000000000800186c        0x0
 .iplt          0x000000000800186c        0x0 c:/st/stm32cubeide_1.4.0/stm32cubeide/plugins/com.st.stm32cube.ide.mcu.externaltools.gnu-tools-for-stm32.7-2018-q2-update.win32_1.4.0.202007081208/tools/bin/../lib/gcc/arm-none-eabi/7.3.1/thumb/v7-m/crtbegin.o

.rodata         0x000000000800186c       0x68
                0x000000000800186c                . = ALIGN (0x4)
 *(.rodata)
 .rodata        0x000000000800186c       0x3c MCAL/GP_Timers.o
 .rodata        0x00000000080018a8       0x18 MCAL/USART_Driver.o
 .rodata        0x00000000080018c0       0x14 Src/main.o
 *(.rodata*)
                0x00000000080018d4                . = ALIGN (0x4)

.rel.dyn        0x00000000080018d4        0x0
 .rel.iplt      0x00000000080018d4        0x0 c:/st/stm32cubeide_1.4.0/stm32cubeide/plugins/com.st.stm32cube.ide.mcu.externaltools.gnu-tools-for-stm32.7-2018-q2-update.win32_1.4.0.202007081208/tools/bin/../lib/gcc/arm-none-eabi/7.3.1/thumb/v7-m/crtbegin.o

.ARM.extab      0x00000000080018d4        0x0
                0x00000000080018d4                . = ALIGN (0x4)
 *(.ARM.extab* .gnu.linkonce.armextab.*)
                0x00000000080018d4                . = ALIGN (0x4)

.ARM            0x00000000080018d4        0x0
                0x00000000080018d4                . = ALIGN (0x4)
                0x00000000080018d4                __exidx_start = .
 *(.ARM.exidx*)
                0x00000000080018d4                __exidx_end = .
                0x00000000080018d4                . = ALIGN (0x4)

.preinit_array  0x00000000080018d4        0x0
                0x00000000080018d4                . = ALIGN (0x4)
                0x00000000080018d4                PROVIDE (__preinit_array_start = .)
 *(.preinit_array*)
                0x00000000080018d4                PROVIDE (__preinit_array_end = .)
                0x00000000080018d4                . = ALIGN (0x4)

.init_array     0x00000000080018d4        0x4
                0x00000000080018d4                . = ALIGN (0x4)
                0x00000000080018d4                PROVIDE (__init_array_start = .)
 *(SORT_BY_NAME(.init_array.*))
 *(.init_array*)
 .init_array    0x00000000080018d4        0x4 c:/st/stm32cubeide_1.4.0/stm32cubeide/plugins/com.st.stm32cube.ide.mcu.externaltools.gnu-tools-for-stm32.7-2018-q2-update.win32_1.4.0.202007081208/tools/bin/../lib/gcc/arm-none-eabi/7.3.1/thumb/v7-m/crtbegin.o
                0x00000000080018d8                PROVIDE (__init_array_end = .)
                0x00000000080018d8                . = ALIGN (0x4)

.fini_array     0x00000000080018d8        0x4
                0x00000000080018d8                . = ALIGN (0x4)
                [!provide]                        PROVIDE (__fini_array_start = .)
 *(SORT_BY_NAME(.fini_array.*))
 *(.fini_array*)
 .fini_array    0x00000000080018d8        0x4 c:/st/stm32cubeide_1.4.0/stm32cubeide/plugins/com.st.stm32cube.ide.mcu.externaltools.gnu-tools-for-stm32.7-2018-q2-update.win32_1.4.0.202007081208/tools/bin/../lib/gcc/arm-none-eabi/7.3.1/thumb/v7-m/crtbegin.o
                [!provide]                        PROVIDE (__fini_array_end = .)
                0x00000000080018dc                . = ALIGN (0x4)
                0x00000000080018dc                _sidata = LOADADDR (.data)

.data           0x0000000020000000       0x14 load address 0x00000000080018dc
                0x0000000020000000                . = ALIGN (0x4)
                0x0000000020000000                _sdata = .
 *(.data)
 *(.data*)
 .data.AHB_Prescaler
                0x0000000020000000       0x11 MCAL/RCC.o
                0x0000000020000000                AHB_Prescaler
 .data.GR_TSR_FLAG_START
                0x0000000020000011        0x1 Src/main.o
                0x0000000020000011                GR_TSR_FLAG_START
 *(.RamFunc)
 *(.RamFunc*)
                0x0000000020000014                . = ALIGN (0x4)
 *fill*         0x0000000020000012        0x2 
                0x0000000020000014                _edata = .

.igot.plt       0x0000000020000014        0x0 load address 0x00000000080018f0
 .igot.plt      0x0000000020000014        0x0 c:/st/stm32cubeide_1.4.0/stm32cubeide/plugins/com.st.stm32cube.ide.mcu.externaltools.gnu-tools-for-stm32.7-2018-q2-update.win32_1.4.0.202007081208/tools/bin/../lib/gcc/arm-none-eabi/7.3.1/thumb/v7-m/crtbegin.o
                0x0000000020000014                . = ALIGN (0x4)

.bss            0x0000000020000014      0x100 load address 0x00000000080018f0
                0x0000000020000014                _sbss = .
                0x0000000020000014                __bss_start__ = _sbss
 *(.bss)
 .bss           0x0000000020000014       0x1c c:/st/stm32cubeide_1.4.0/stm32cubeide/plugins/com.st.stm32cube.ide.mcu.externaltools.gnu-tools-for-stm32.7-2018-q2-update.win32_1.4.0.202007081208/tools/bin/../lib/gcc/arm-none-eabi/7.3.1/thumb/v7-m/crtbegin.o
 *(.bss*)
 .bss.G_P_Config_t
                0x0000000020000030       0x20 MCAL/SPI.o
                0x0000000020000030                G_P_Config_t
 .bss.GR_TSR_FLAG_rec
                0x0000000020000050        0x1 Src/main.o
                0x0000000020000050                GR_TSR_FLAG_rec
 *fill*         0x0000000020000051        0x1 
 .bss.GR_TSR_FLAG_OLED
                0x0000000020000052        0x2 Src/main.o
                0x0000000020000052                GR_TSR_FLAG_OLED
 .bss.GR_TSR_FLAG_OLED_send
                0x0000000020000054        0x1 Src/main.o
                0x0000000020000054                GR_TSR_FLAG_OLED_send
 *(COMMON)
 *fill*         0x0000000020000055        0x3 
 COMMON         0x0000000020000058       0x3c MCAL/EXTI_Driver.o
                0x0000000020000058                g_P_CALLBACK_f
 COMMON         0x0000000020000094       0x3c MCAL/GP_Timers.o
                0x0000000020000094                g_GP_Sitting
                0x00000000200000c4                g_GP_ICU_MEM
                0x00000000200000cc                g_GP_TIMX
 COMMON         0x00000000200000d0       0x14 MCAL/Timer1_8.o
                0x00000000200000d0                g_Sitting
                0x00000000200000e0                g_TIMX
 COMMON         0x00000000200000e4       0x30 MCAL/USART_Driver.o
                0x00000000200000e4                G_P_config
                0x0000000020000114                . = ALIGN (0x4)
                0x0000000020000114                _ebss = .
                0x0000000020000114                __bss_end__ = _ebss

._user_heap_stack
                0x0000000020000114      0x604 load address 0x00000000080018f0
                0x0000000020000118                . = ALIGN (0x8)
 *fill*         0x0000000020000114        0x4 
                [!provide]                        PROVIDE (end = .)
                0x0000000020000118                PROVIDE (_end = .)
                0x0000000020000318                . = (. + _Min_Heap_Size)
 *fill*         0x0000000020000118      0x200 
                0x0000000020000718                . = (. + _Min_Stack_Size)
 *fill*         0x0000000020000318      0x400 
                0x0000000020000718                . = ALIGN (0x8)

/DISCARD/
 libc.a(*)
 libm.a(*)
 libgcc.a(*)

.ARM.attributes
                0x0000000000000000       0x29
 *(.ARM.attributes)
 .ARM.attributes
                0x0000000000000000       0x1d c:/st/stm32cubeide_1.4.0/stm32cubeide/plugins/com.st.stm32cube.ide.mcu.externaltools.gnu-tools-for-stm32.7-2018-q2-update.win32_1.4.0.202007081208/tools/bin/../lib/gcc/arm-none-eabi/7.3.1/thumb/v7-m/crti.o
 .ARM.attributes
                0x000000000000001d       0x2d c:/st/stm32cubeide_1.4.0/stm32cubeide/plugins/com.st.stm32cube.ide.mcu.externaltools.gnu-tools-for-stm32.7-2018-q2-update.win32_1.4.0.202007081208/tools/bin/../lib/gcc/arm-none-eabi/7.3.1/thumb/v7-m/crtbegin.o
 .ARM.attributes
                0x000000000000004a       0x33 MCAL/EXTI_Driver.o
 .ARM.attributes
                0x000000000000007d       0x33 MCAL/GPIO_Driver.o
 .ARM.attributes
                0x00000000000000b0       0x33 MCAL/GP_Timers.o
 .ARM.attributes
                0x00000000000000e3       0x33 MCAL/RCC.o
 .ARM.attributes
                0x0000000000000116       0x33 MCAL/SPI.o
 .ARM.attributes
                0x0000000000000149       0x33 MCAL/Timer1_8.o
 .ARM.attributes
                0x000000000000017c       0x33 MCAL/USART_Driver.o
 .ARM.attributes
                0x00000000000001af       0x33 Src/main.o
 .ARM.attributes
                0x00000000000001e2       0x21 Startup/startup_stm32f103c6tx.o
 .ARM.attributes
                0x0000000000000203       0x2d c:/st/stm32cubeide_1.4.0/stm32cubeide/plugins/com.st.stm32cube.ide.mcu.externaltools.gnu-tools-for-stm32.7-2018-q2-update.win32_1.4.0.202007081208/tools/bin/../lib/gcc/arm-none-eabi/7.3.1/../../../../arm-none-eabi/lib/thumb/v7-m\libc_nano.a(lib_a-init.o)
 .ARM.attributes
                0x0000000000000230       0x1d c:/st/stm32cubeide_1.4.0/stm32cubeide/plugins/com.st.stm32cube.ide.mcu.externaltools.gnu-tools-for-stm32.7-2018-q2-update.win32_1.4.0.202007081208/tools/bin/../lib/gcc/arm-none-eabi/7.3.1/thumb/v7-m/crtn.o
OUTPUT(uart_bug.axf elf32-littlearm)

.debug_info     0x0000000000000000     0x63ab
 .debug_info    0x0000000000000000      0x523 MCAL/EXTI_Driver.o
 .debug_info    0x0000000000000523      0x53f MCAL/GPIO_Driver.o
 .debug_info    0x0000000000000a62     0x2153 MCAL/GP_Timers.o
 .debug_info    0x0000000000002bb5      0x21a MCAL/RCC.o
 .debug_info    0x0000000000002dcf      0xbcd MCAL/SPI.o
 .debug_info    0x000000000000399c     0x136e MCAL/Timer1_8.o
 .debug_info    0x0000000000004d0a      0x6cb MCAL/USART_Driver.o
 .debug_info    0x00000000000053d5      0xfb4 Src/main.o
 .debug_info    0x0000000000006389       0x22 Startup/startup_stm32f103c6tx.o

.debug_abbrev   0x0000000000000000      0xcd0
 .debug_abbrev  0x0000000000000000      0x165 MCAL/EXTI_Driver.o
 .debug_abbrev  0x0000000000000165      0x128 MCAL/GPIO_Driver.o
 .debug_abbrev  0x000000000000028d      0x2ad MCAL/GP_Timers.o
 .debug_abbrev  0x000000000000053a       0xc1 MCAL/RCC.o
 .debug_abbrev  0x00000000000005fb      0x1c9 MCAL/SPI.o
 .debug_abbrev  0x00000000000007c4      0x1e2 MCAL/Timer1_8.o
 .debug_abbrev  0x00000000000009a6      0x187 MCAL/USART_Driver.o
 .debug_abbrev  0x0000000000000b2d      0x191 Src/main.o
 .debug_abbrev  0x0000000000000cbe       0x12 Startup/startup_stm32f103c6tx.o

.debug_loc      0x0000000000000000     0x13ac
 .debug_loc     0x0000000000000000      0x23c MCAL/EXTI_Driver.o
 .debug_loc     0x000000000000023c      0x38c MCAL/GPIO_Driver.o
 .debug_loc     0x00000000000005c8      0x4a4 MCAL/GP_Timers.o
 .debug_loc     0x0000000000000a6c       0xc8 MCAL/RCC.o
 .debug_loc     0x0000000000000b34      0x260 MCAL/SPI.o
 .debug_loc     0x0000000000000d94      0x350 MCAL/Timer1_8.o
 .debug_loc     0x00000000000010e4      0x238 MCAL/USART_Driver.o
 .debug_loc     0x000000000000131c       0x90 Src/main.o

.debug_aranges  0x0000000000000000      0x318
 .debug_aranges
                0x0000000000000000       0x68 MCAL/EXTI_Driver.o
 .debug_aranges
                0x0000000000000068       0x68 MCAL/GPIO_Driver.o
 .debug_aranges
                0x00000000000000d0       0x90 MCAL/GP_Timers.o
 .debug_aranges
                0x0000000000000160       0x38 MCAL/RCC.o
 .debug_aranges
                0x0000000000000198       0x50 MCAL/SPI.o
 .debug_aranges
                0x00000000000001e8       0x80 MCAL/Timer1_8.o
 .debug_aranges
                0x0000000000000268       0x58 MCAL/USART_Driver.o
 .debug_aranges
                0x00000000000002c0       0x30 Src/main.o
 .debug_aranges
                0x00000000000002f0       0x28 Startup/startup_stm32f103c6tx.o

.debug_ranges   0x0000000000000000      0x290
 .debug_ranges  0x0000000000000000       0x58 MCAL/EXTI_Driver.o
 .debug_ranges  0x0000000000000058       0x58 MCAL/GPIO_Driver.o
 .debug_ranges  0x00000000000000b0       0x80 MCAL/GP_Timers.o
 .debug_ranges  0x0000000000000130       0x28 MCAL/RCC.o
 .debug_ranges  0x0000000000000158       0x40 MCAL/SPI.o
 .debug_ranges  0x0000000000000198       0x70 MCAL/Timer1_8.o
 .debug_ranges  0x0000000000000208       0x48 MCAL/USART_Driver.o
 .debug_ranges  0x0000000000000250       0x20 Src/main.o
 .debug_ranges  0x0000000000000270       0x20 Startup/startup_stm32f103c6tx.o

.debug_macro    0x0000000000000000      0x854
 .debug_macro   0x0000000000000000       0x98 MCAL/EXTI_Driver.o
 .debug_macro   0x0000000000000098      0x346 MCAL/EXTI_Driver.o
 .debug_macro   0x00000000000003de       0x85 MCAL/GPIO_Driver.o
 .debug_macro   0x0000000000000463       0x95 MCAL/GP_Timers.o
 .debug_macro   0x00000000000004f8       0x8a MCAL/RCC.o
 .debug_macro   0x0000000000000582       0x16 MCAL/RCC.o
 .debug_macro   0x0000000000000598       0x94 MCAL/SPI.o
 .debug_macro   0x000000000000062c       0x8f MCAL/Timer1_8.o
 .debug_macro   0x00000000000006bb       0x9d MCAL/USART_Driver.o
 .debug_macro   0x0000000000000758       0x46 MCAL/USART_Driver.o
 .debug_macro   0x000000000000079e       0xa6 Src/main.o
 .debug_macro   0x0000000000000844       0x10 Src/main.o

.debug_line     0x0000000000000000     0x2d22
 .debug_line    0x0000000000000000      0x57b MCAL/EXTI_Driver.o
 .debug_line    0x000000000000057b      0x55f MCAL/GPIO_Driver.o
 .debug_line    0x0000000000000ada      0x90c MCAL/GP_Timers.o
 .debug_line    0x00000000000013e6      0x42d MCAL/RCC.o
 .debug_line    0x0000000000001813      0x5aa MCAL/SPI.o
 .debug_line    0x0000000000001dbd      0x561 MCAL/Timer1_8.o
 .debug_line    0x000000000000231e      0x519 MCAL/USART_Driver.o
 .debug_line    0x0000000000002837      0x467 Src/main.o
 .debug_line    0x0000000000002c9e       0x84 Startup/startup_stm32f103c6tx.o

.debug_str      0x0000000000000000     0x6ccc
 .debug_str     0x0000000000000000     0x5847 MCAL/EXTI_Driver.o
                                       0x59e2 (size before relaxing)
 .debug_str     0x0000000000005847      0x161 MCAL/GPIO_Driver.o
                                       0x4560 (size before relaxing)
 .debug_str     0x00000000000059a8      0x86e MCAL/GP_Timers.o
                                       0x4d91 (size before relaxing)
 .debug_str     0x0000000000006216       0xb6 MCAL/RCC.o
                                       0x442f (size before relaxing)
 .debug_str     0x00000000000062cc      0x396 MCAL/SPI.o
                                       0x485a (size before relaxing)
 .debug_str     0x0000000000006662      0x17d MCAL/Timer1_8.o
                                       0x4af9 (size before relaxing)
 .debug_str     0x00000000000067df      0x437 MCAL/USART_Driver.o
                                       0x496e (size before relaxing)
 .debug_str     0x0000000000006c16       0x85 Src/main.o
                                       0x4c61 (size before relaxing)
 .debug_str     0x0000000000006c9b       0x31 Startup/startup_stm32f103c6tx.o
                                         0x79 (size before relaxing)

.comment        0x0000000000000000       0x7b
 .comment       0x0000000000000000       0x7b MCAL/EXTI_Driver.o
                                         0x7c (size before relaxing)
 .comment       0x000000000000007b       0x7c MCAL/GPIO_Driver.o
 .comment       0x000000000000007b       0x7c MCAL/GP_Timers.o
 .comment       0x000000000000007b       0x7c MCAL/RCC.o
 .comment       0x000000000000007b       0x7c MCAL/SPI.o
 .comment       0x000000000000007b       0x7c MCAL/Timer1_8.o
 .comment       0x000000000000007b       0x7c MCAL/USART_Driver.o
 .comment       0x000000000000007b       0x7c Src/main.o

.debug_frame    0x0000000000000000      0xa48
 .debug_frame   0x0000000000000000      0x148 MCAL/EXTI_Driver.o
 .debug_frame   0x0000000000000148      0x1a0 MCAL/GPIO_Driver.o
 .debug_frame   0x00000000000002e8      0x23c MCAL/GP_Timers.o
 .debug_frame   0x0000000000000524       0x84 MCAL/RCC.o
 .debug_frame   0x00000000000005a8      0x120 MCAL/SPI.o
 .debug_frame   0x00000000000006c8      0x1c0 MCAL/Timer1_8.o
 .debug_frame   0x0000000000000888      0x12c MCAL/USART_Driver.o
 .debug_frame   0x00000000000009b4       0x68 Src/main.o
 .debug_frame   0x0000000000000a1c       0x2c c:/st/stm32cubeide_1.4.0/stm32cubeide/plugins/com.st.stm32cube.ide.mcu.externaltools.gnu-tools-for-stm32.7-2018-q2-update.win32_1.4.0.202007081208/tools/bin/../lib/gcc/arm-none-eabi/7.3.1/../../../../arm-none-eabi/lib/thumb/v7-m\libc_nano.a(lib_a-init.o)
