main.c:48:6:Error_Handller	4	static
main.c:53:6:Sys_Clk_init	4	static
main.c:78:6:DMS_Handller_TASK	8	static
main.c:89:6:DMS_read_TASK	8	static
main.c:134:6:ACC_ADC_CallBack	8	static
main.c:139:6:ACC_throtel_init	32	static
main.c:148:6:ACC_DAC_init	16	static
main.c:180:6:ACC_FROM_ADC_TO_DAC	16	static
main.c:207:6:ACC_Handller_TASK	4	static
main.c:245:6:ACC_throttel_Handller_TASK	16	static
main.c:293:6:ACC_STATE_READ_TASK	8	static
main.c:349:6:TSR_Handller_TASK	8	static
main.c:367:6:TSR_call_Back	8	static
main.c:478:6:TSR_init	32	static
main.c:502:6:CAR_ON_Handler	8	static
main.c:525:6:CAR_ON_init	32	static
main.c:531:6:FACE_ID_TASK	8	static
main.c:583:6:HW_init	8	static
main.c:608:5:main	16	static
