../Src/main.c:48:6:Error_Handller	4	static
../Src/main.c:53:6:Sys_Clk_init	4	static
../Src/main.c:79:6:DMS_Handller_TASK	8	static
../Src/main.c:90:6:DMS_read_TASK	8	static
../Src/main.c:135:9:ACC_CONVERT_ADC_TODICMAL	24	static
../Src/main.c:141:6:ACC_ADC_CallBack	8	static
../Src/main.c:146:6:ACC_throtel_init	32	static
../Src/main.c:155:6:ACC_DAC_init	40	static
../Src/main.c:187:6:ACC_FROM_ADC_TO_DAC	16	static
../Src/main.c:214:6:ACC_Handller_TASK	4	static
../Src/main.c:259:6:ACC_throttel_Handller_TASK	16	static
../Src/main.c:307:6:ACC_STATE_READ_TASK	8	static
../Src/main.c:371:6:TSR_Handller_TASK	8	static
../Src/main.c:390:6:TSR_call_Back	8	static
../Src/main.c:501:6:TSR_init	32	static
../Src/main.c:525:6:CAR_ON_Handler	8	static
../Src/main.c:548:6:CAR_ON_init	48	static
../Src/main.c:554:6:FACE_ID_TASK	8	static
../Src/main.c:606:6:HW_init	8	static
../Src/main.c:631:5:main	16	static
