Archive member included to satisfy reference by file (symbol)

c:/st/stm32cubeide_1.4.0/stm32cubeide/plugins/com.st.stm32cube.ide.mcu.externaltools.gnu-tools-for-stm32.7-2018-q2-update.win32_1.4.0.202007081208/tools/bin/../lib/gcc/arm-none-eabi/7.3.1/../../../../arm-none-eabi/lib/thumb/v7-m\libc_nano.a(lib_a-errno.o)
                              Src/syscalls.o (__errno)
c:/st/stm32cubeide_1.4.0/stm32cubeide/plugins/com.st.stm32cube.ide.mcu.externaltools.gnu-tools-for-stm32.7-2018-q2-update.win32_1.4.0.202007081208/tools/bin/../lib/gcc/arm-none-eabi/7.3.1/../../../../arm-none-eabi/lib/thumb/v7-m\libc_nano.a(lib_a-exit.o)
                              c:/st/stm32cubeide_1.4.0/stm32cubeide/plugins/com.st.stm32cube.ide.mcu.externaltools.gnu-tools-for-stm32.7-2018-q2-update.win32_1.4.0.202007081208/tools/bin/../lib/gcc/arm-none-eabi/7.3.1/../../../../arm-none-eabi/lib/thumb/v7-m/crt0.o (exit)
c:/st/stm32cubeide_1.4.0/stm32cubeide/plugins/com.st.stm32cube.ide.mcu.externaltools.gnu-tools-for-stm32.7-2018-q2-update.win32_1.4.0.202007081208/tools/bin/../lib/gcc/arm-none-eabi/7.3.1/../../../../arm-none-eabi/lib/thumb/v7-m\libc_nano.a(lib_a-impure.o)
                              c:/st/stm32cubeide_1.4.0/stm32cubeide/plugins/com.st.stm32cube.ide.mcu.externaltools.gnu-tools-for-stm32.7-2018-q2-update.win32_1.4.0.202007081208/tools/bin/../lib/gcc/arm-none-eabi/7.3.1/../../../../arm-none-eabi/lib/thumb/v7-m\libc_nano.a(lib_a-exit.o) (_global_impure_ptr)
c:/st/stm32cubeide_1.4.0/stm32cubeide/plugins/com.st.stm32cube.ide.mcu.externaltools.gnu-tools-for-stm32.7-2018-q2-update.win32_1.4.0.202007081208/tools/bin/../lib/gcc/arm-none-eabi/7.3.1/../../../../arm-none-eabi/lib/thumb/v7-m\libc_nano.a(lib_a-init.o)
                              c:/st/stm32cubeide_1.4.0/stm32cubeide/plugins/com.st.stm32cube.ide.mcu.externaltools.gnu-tools-for-stm32.7-2018-q2-update.win32_1.4.0.202007081208/tools/bin/../lib/gcc/arm-none-eabi/7.3.1/../../../../arm-none-eabi/lib/thumb/v7-m/crt0.o (__libc_init_array)
c:/st/stm32cubeide_1.4.0/stm32cubeide/plugins/com.st.stm32cube.ide.mcu.externaltools.gnu-tools-for-stm32.7-2018-q2-update.win32_1.4.0.202007081208/tools/bin/../lib/gcc/arm-none-eabi/7.3.1/../../../../arm-none-eabi/lib/thumb/v7-m\libc_nano.a(lib_a-memset.o)
                              c:/st/stm32cubeide_1.4.0/stm32cubeide/plugins/com.st.stm32cube.ide.mcu.externaltools.gnu-tools-for-stm32.7-2018-q2-update.win32_1.4.0.202007081208/tools/bin/../lib/gcc/arm-none-eabi/7.3.1/../../../../arm-none-eabi/lib/thumb/v7-m/crt0.o (memset)

Allocating common symbols
Common symbol       size              file

read_data           0x5               Src/main.o
g_P_CALLBACK_f      0x3c              MCAL/EXTI_Driver.o

Discarded input sections

 .text          0x0000000000000000        0x0 c:/st/stm32cubeide_1.4.0/stm32cubeide/plugins/com.st.stm32cube.ide.mcu.externaltools.gnu-tools-for-stm32.7-2018-q2-update.win32_1.4.0.202007081208/tools/bin/../lib/gcc/arm-none-eabi/7.3.1/thumb/v7-m/crti.o
 .data          0x0000000000000000        0x0 c:/st/stm32cubeide_1.4.0/stm32cubeide/plugins/com.st.stm32cube.ide.mcu.externaltools.gnu-tools-for-stm32.7-2018-q2-update.win32_1.4.0.202007081208/tools/bin/../lib/gcc/arm-none-eabi/7.3.1/thumb/v7-m/crti.o
 .bss           0x0000000000000000        0x0 c:/st/stm32cubeide_1.4.0/stm32cubeide/plugins/com.st.stm32cube.ide.mcu.externaltools.gnu-tools-for-stm32.7-2018-q2-update.win32_1.4.0.202007081208/tools/bin/../lib/gcc/arm-none-eabi/7.3.1/thumb/v7-m/crti.o
 .data          0x0000000000000000        0x4 c:/st/stm32cubeide_1.4.0/stm32cubeide/plugins/com.st.stm32cube.ide.mcu.externaltools.gnu-tools-for-stm32.7-2018-q2-update.win32_1.4.0.202007081208/tools/bin/../lib/gcc/arm-none-eabi/7.3.1/thumb/v7-m/crtbegin.o
 .text          0x0000000000000000       0x74 c:/st/stm32cubeide_1.4.0/stm32cubeide/plugins/com.st.stm32cube.ide.mcu.externaltools.gnu-tools-for-stm32.7-2018-q2-update.win32_1.4.0.202007081208/tools/bin/../lib/gcc/arm-none-eabi/7.3.1/../../../../arm-none-eabi/lib/thumb/v7-m/crt0.o
 .data          0x0000000000000000        0x0 c:/st/stm32cubeide_1.4.0/stm32cubeide/plugins/com.st.stm32cube.ide.mcu.externaltools.gnu-tools-for-stm32.7-2018-q2-update.win32_1.4.0.202007081208/tools/bin/../lib/gcc/arm-none-eabi/7.3.1/../../../../arm-none-eabi/lib/thumb/v7-m/crt0.o
 .bss           0x0000000000000000        0x0 c:/st/stm32cubeide_1.4.0/stm32cubeide/plugins/com.st.stm32cube.ide.mcu.externaltools.gnu-tools-for-stm32.7-2018-q2-update.win32_1.4.0.202007081208/tools/bin/../lib/gcc/arm-none-eabi/7.3.1/../../../../arm-none-eabi/lib/thumb/v7-m/crt0.o
 .ARM.extab     0x0000000000000000        0x0 c:/st/stm32cubeide_1.4.0/stm32cubeide/plugins/com.st.stm32cube.ide.mcu.externaltools.gnu-tools-for-stm32.7-2018-q2-update.win32_1.4.0.202007081208/tools/bin/../lib/gcc/arm-none-eabi/7.3.1/../../../../arm-none-eabi/lib/thumb/v7-m/crt0.o
 .ARM.exidx     0x0000000000000000        0x8 c:/st/stm32cubeide_1.4.0/stm32cubeide/plugins/com.st.stm32cube.ide.mcu.externaltools.gnu-tools-for-stm32.7-2018-q2-update.win32_1.4.0.202007081208/tools/bin/../lib/gcc/arm-none-eabi/7.3.1/../../../../arm-none-eabi/lib/thumb/v7-m/crt0.o
 .ARM.attributes
                0x0000000000000000       0x1b c:/st/stm32cubeide_1.4.0/stm32cubeide/plugins/com.st.stm32cube.ide.mcu.externaltools.gnu-tools-for-stm32.7-2018-q2-update.win32_1.4.0.202007081208/tools/bin/../lib/gcc/arm-none-eabi/7.3.1/../../../../arm-none-eabi/lib/thumb/v7-m/crt0.o
 .group         0x0000000000000000        0xc MCAL/EEPROM.o
 .group         0x0000000000000000        0xc MCAL/EEPROM.o
 .group         0x0000000000000000        0xc MCAL/EEPROM.o
 .group         0x0000000000000000        0xc MCAL/EEPROM.o
 .group         0x0000000000000000        0xc MCAL/EEPROM.o
 .group         0x0000000000000000        0xc MCAL/EEPROM.o
 .group         0x0000000000000000        0xc MCAL/EEPROM.o
 .group         0x0000000000000000        0xc MCAL/EEPROM.o
 .group         0x0000000000000000        0xc MCAL/EEPROM.o
 .group         0x0000000000000000        0xc MCAL/EEPROM.o
 .group         0x0000000000000000        0xc MCAL/EEPROM.o
 .text          0x0000000000000000        0x0 MCAL/EEPROM.o
 .data          0x0000000000000000        0x0 MCAL/EEPROM.o
 .bss           0x0000000000000000        0x0 MCAL/EEPROM.o
 .group         0x0000000000000000        0xc MCAL/EXTI_Driver.o
 .group         0x0000000000000000        0xc MCAL/EXTI_Driver.o
 .group         0x0000000000000000        0xc MCAL/EXTI_Driver.o
 .group         0x0000000000000000        0xc MCAL/EXTI_Driver.o
 .text          0x0000000000000000        0x0 MCAL/EXTI_Driver.o
 .data          0x0000000000000000        0x0 MCAL/EXTI_Driver.o
 .bss           0x0000000000000000        0x0 MCAL/EXTI_Driver.o
 .text.NVIC_ENABLE
                0x0000000000000000       0xcc MCAL/EXTI_Driver.o
 .text.NVIC_DISABLE
                0x0000000000000000       0xcc MCAL/EXTI_Driver.o
 .text.MCAL_EXTI_init
                0x0000000000000000      0x1b0 MCAL/EXTI_Driver.o
 .debug_macro   0x0000000000000000      0xa60 MCAL/EXTI_Driver.o
 .debug_macro   0x0000000000000000       0x16 MCAL/EXTI_Driver.o
 .debug_macro   0x0000000000000000      0x148 MCAL/EXTI_Driver.o
 .group         0x0000000000000000        0xc MCAL/GPIO_Driver.o
 .group         0x0000000000000000        0xc MCAL/GPIO_Driver.o
 .group         0x0000000000000000        0xc MCAL/GPIO_Driver.o
 .text          0x0000000000000000        0x0 MCAL/GPIO_Driver.o
 .data          0x0000000000000000        0x0 MCAL/GPIO_Driver.o
 .bss           0x0000000000000000        0x0 MCAL/GPIO_Driver.o
 .text.MCAL_GPIO_Deinit
                0x0000000000000000       0xd4 MCAL/GPIO_Driver.o
 .text.MCAL_write_PIN
                0x0000000000000000       0x50 MCAL/GPIO_Driver.o
 .text.MCAL_write_PORT
                0x0000000000000000       0x20 MCAL/GPIO_Driver.o
 .text.MCAL_Read_PIN
                0x0000000000000000       0x2c MCAL/GPIO_Driver.o
 .text.MCAL_Read_PORT
                0x0000000000000000       0x18 MCAL/GPIO_Driver.o
 .text.MCAL_TOGGLE_PIN
                0x0000000000000000       0x2c MCAL/GPIO_Driver.o
 .text.MCAL_LOCK_PIN
                0x0000000000000000       0x88 MCAL/GPIO_Driver.o
 .text.MCAL_SET_PORT_DIR
                0x0000000000000000       0x3e MCAL/GPIO_Driver.o
 .debug_macro   0x0000000000000000      0xa60 MCAL/GPIO_Driver.o
 .debug_macro   0x0000000000000000       0x16 MCAL/GPIO_Driver.o
 .debug_macro   0x0000000000000000      0x148 MCAL/GPIO_Driver.o
 .group         0x0000000000000000        0xc MCAL/I2C.o
 .group         0x0000000000000000        0xc MCAL/I2C.o
 .group         0x0000000000000000        0xc MCAL/I2C.o
 .group         0x0000000000000000        0xc MCAL/I2C.o
 .group         0x0000000000000000        0xc MCAL/I2C.o
 .group         0x0000000000000000        0xc MCAL/I2C.o
 .group         0x0000000000000000        0xc MCAL/I2C.o
 .group         0x0000000000000000        0xc MCAL/I2C.o
 .group         0x0000000000000000        0xc MCAL/I2C.o
 .group         0x0000000000000000        0xc MCAL/I2C.o
 .group         0x0000000000000000        0xc MCAL/I2C.o
 .text          0x0000000000000000        0x0 MCAL/I2C.o
 .data          0x0000000000000000        0x0 MCAL/I2C.o
 .bss           0x0000000000000000        0x0 MCAL/I2C.o
 .text.I2C_Deinit
                0x0000000000000000       0x84 MCAL/I2C.o
 .text.I2C_MASTER_Transsimte
                0x0000000000000000       0xa0 MCAL/I2C.o
 .debug_macro   0x0000000000000000      0xa60 MCAL/I2C.o
 .debug_macro   0x0000000000000000       0x16 MCAL/I2C.o
 .debug_macro   0x0000000000000000      0x148 MCAL/I2C.o
 .debug_macro   0x0000000000000000       0x22 MCAL/I2C.o
 .debug_macro   0x0000000000000000       0x8e MCAL/I2C.o
 .debug_macro   0x0000000000000000       0x51 MCAL/I2C.o
 .debug_macro   0x0000000000000000       0xef MCAL/I2C.o
 .debug_macro   0x0000000000000000       0x6a MCAL/I2C.o
 .debug_macro   0x0000000000000000      0x1df MCAL/I2C.o
 .debug_macro   0x0000000000000000       0x1c MCAL/I2C.o
 .debug_macro   0x0000000000000000       0x34 MCAL/I2C.o
 .group         0x0000000000000000        0xc MCAL/RCC.o
 .group         0x0000000000000000        0xc MCAL/RCC.o
 .group         0x0000000000000000        0xc MCAL/RCC.o
 .group         0x0000000000000000        0xc MCAL/RCC.o
 .group         0x0000000000000000        0xc MCAL/RCC.o
 .group         0x0000000000000000        0xc MCAL/RCC.o
 .group         0x0000000000000000        0xc MCAL/RCC.o
 .group         0x0000000000000000        0xc MCAL/RCC.o
 .group         0x0000000000000000        0xc MCAL/RCC.o
 .group         0x0000000000000000        0xc MCAL/RCC.o
 .text          0x0000000000000000        0x0 MCAL/RCC.o
 .data          0x0000000000000000        0x0 MCAL/RCC.o
 .bss           0x0000000000000000        0x0 MCAL/RCC.o
 .data.APB_Prescaler
                0x0000000000000000        0x8 MCAL/RCC.o
 .text.MCAL_GET_PCLCK2
                0x0000000000000000       0x28 MCAL/RCC.o
 .debug_macro   0x0000000000000000      0xa60 MCAL/RCC.o
 .debug_macro   0x0000000000000000       0x22 MCAL/RCC.o
 .debug_macro   0x0000000000000000       0x8e MCAL/RCC.o
 .debug_macro   0x0000000000000000       0x51 MCAL/RCC.o
 .debug_macro   0x0000000000000000       0xef MCAL/RCC.o
 .debug_macro   0x0000000000000000       0x6a MCAL/RCC.o
 .debug_macro   0x0000000000000000      0x1df MCAL/RCC.o
 .debug_macro   0x0000000000000000       0x16 MCAL/RCC.o
 .debug_macro   0x0000000000000000      0x148 MCAL/RCC.o
 .group         0x0000000000000000        0xc MCAL/SPI.o
 .group         0x0000000000000000        0xc MCAL/SPI.o
 .group         0x0000000000000000        0xc MCAL/SPI.o
 .group         0x0000000000000000        0xc MCAL/SPI.o
 .group         0x0000000000000000        0xc MCAL/SPI.o
 .group         0x0000000000000000        0xc MCAL/SPI.o
 .group         0x0000000000000000        0xc MCAL/SPI.o
 .group         0x0000000000000000        0xc MCAL/SPI.o
 .group         0x0000000000000000        0xc MCAL/SPI.o
 .group         0x0000000000000000        0xc MCAL/SPI.o
 .text          0x0000000000000000        0x0 MCAL/SPI.o
 .data          0x0000000000000000        0x0 MCAL/SPI.o
 .bss           0x0000000000000000        0x0 MCAL/SPI.o
 .bss.G_P_Config_t
                0x0000000000000000        0x8 MCAL/SPI.o
 .text.MCAL_SPI_init
                0x0000000000000000      0x178 MCAL/SPI.o
 .text.MCAL_SPI_Deinit
                0x0000000000000000       0x64 MCAL/SPI.o
 .text.MCAL_SPI_SendData
                0x0000000000000000       0x64 MCAL/SPI.o
 .text.MCAL_SPI_ReciveData
                0x0000000000000000       0x60 MCAL/SPI.o
 .rodata        0x0000000000000000       0x44 MCAL/SPI.o
 .text.MCAL_SET_GPIO
                0x0000000000000000      0x21c MCAL/SPI.o
 .debug_info    0x0000000000000000      0xb09 MCAL/SPI.o
 .debug_abbrev  0x0000000000000000      0x1c0 MCAL/SPI.o
 .debug_loc     0x0000000000000000      0x1b4 MCAL/SPI.o
 .debug_aranges
                0x0000000000000000       0x40 MCAL/SPI.o
 .debug_ranges  0x0000000000000000       0x30 MCAL/SPI.o
 .debug_macro   0x0000000000000000       0x94 MCAL/SPI.o
 .debug_macro   0x0000000000000000      0xa60 MCAL/SPI.o
 .debug_macro   0x0000000000000000       0x16 MCAL/SPI.o
 .debug_macro   0x0000000000000000      0x148 MCAL/SPI.o
 .debug_macro   0x0000000000000000       0x22 MCAL/SPI.o
 .debug_macro   0x0000000000000000       0x8e MCAL/SPI.o
 .debug_macro   0x0000000000000000       0x51 MCAL/SPI.o
 .debug_macro   0x0000000000000000       0xef MCAL/SPI.o
 .debug_macro   0x0000000000000000       0x6a MCAL/SPI.o
 .debug_macro   0x0000000000000000      0x1df MCAL/SPI.o
 .debug_macro   0x0000000000000000       0x16 MCAL/SPI.o
 .debug_line    0x0000000000000000      0x568 MCAL/SPI.o
 .debug_str     0x0000000000000000     0x471a MCAL/SPI.o
 .comment       0x0000000000000000       0x7c MCAL/SPI.o
 .debug_frame   0x0000000000000000       0xd0 MCAL/SPI.o
 .ARM.attributes
                0x0000000000000000       0x33 MCAL/SPI.o
 .group         0x0000000000000000        0xc MCAL/USART_Driver.o
 .group         0x0000000000000000        0xc MCAL/USART_Driver.o
 .group         0x0000000000000000        0xc MCAL/USART_Driver.o
 .group         0x0000000000000000        0xc MCAL/USART_Driver.o
 .group         0x0000000000000000        0xc MCAL/USART_Driver.o
 .group         0x0000000000000000        0xc MCAL/USART_Driver.o
 .group         0x0000000000000000        0xc MCAL/USART_Driver.o
 .group         0x0000000000000000        0xc MCAL/USART_Driver.o
 .group         0x0000000000000000        0xc MCAL/USART_Driver.o
 .group         0x0000000000000000        0xc MCAL/USART_Driver.o
 .group         0x0000000000000000        0xc MCAL/USART_Driver.o
 .text          0x0000000000000000        0x0 MCAL/USART_Driver.o
 .data          0x0000000000000000        0x0 MCAL/USART_Driver.o
 .bss           0x0000000000000000        0x0 MCAL/USART_Driver.o
 .text.MCAL_USART_init
                0x0000000000000000      0x2b8 MCAL/USART_Driver.o
 .text.MCAL_USART_Deinit
                0x0000000000000000       0x8c MCAL/USART_Driver.o
 .text.MCAL_USART_SendData
                0x0000000000000000       0x8c MCAL/USART_Driver.o
 .text.MCAL_USART_ReciveData
                0x0000000000000000       0x8c MCAL/USART_Driver.o
 .rodata        0x0000000000000000       0x18 MCAL/USART_Driver.o
 .text.SET_GPIO
                0x0000000000000000       0xec MCAL/USART_Driver.o
 .debug_macro   0x0000000000000000      0xa60 MCAL/USART_Driver.o
 .debug_macro   0x0000000000000000       0x16 MCAL/USART_Driver.o
 .debug_macro   0x0000000000000000      0x148 MCAL/USART_Driver.o
 .debug_macro   0x0000000000000000       0x22 MCAL/USART_Driver.o
 .debug_macro   0x0000000000000000       0x8e MCAL/USART_Driver.o
 .debug_macro   0x0000000000000000       0x51 MCAL/USART_Driver.o
 .debug_macro   0x0000000000000000       0xef MCAL/USART_Driver.o
 .debug_macro   0x0000000000000000       0x6a MCAL/USART_Driver.o
 .debug_macro   0x0000000000000000      0x1df MCAL/USART_Driver.o
 .debug_macro   0x0000000000000000       0x1c MCAL/USART_Driver.o
 .group         0x0000000000000000        0xc Src/main.o
 .group         0x0000000000000000        0xc Src/main.o
 .group         0x0000000000000000        0xc Src/main.o
 .group         0x0000000000000000        0xc Src/main.o
 .group         0x0000000000000000        0xc Src/main.o
 .group         0x0000000000000000        0xc Src/main.o
 .group         0x0000000000000000        0xc Src/main.o
 .group         0x0000000000000000        0xc Src/main.o
 .group         0x0000000000000000        0xc Src/main.o
 .group         0x0000000000000000        0xc Src/main.o
 .group         0x0000000000000000        0xc Src/main.o
 .text          0x0000000000000000        0x0 Src/main.o
 .data          0x0000000000000000        0x0 Src/main.o
 .bss           0x0000000000000000        0x0 Src/main.o
 .debug_macro   0x0000000000000000      0xa60 Src/main.o
 .debug_macro   0x0000000000000000       0x16 Src/main.o
 .debug_macro   0x0000000000000000      0x148 Src/main.o
 .debug_macro   0x0000000000000000       0x22 Src/main.o
 .debug_macro   0x0000000000000000       0x8e Src/main.o
 .debug_macro   0x0000000000000000       0x51 Src/main.o
 .debug_macro   0x0000000000000000       0xef Src/main.o
 .debug_macro   0x0000000000000000       0x6a Src/main.o
 .debug_macro   0x0000000000000000      0x1df Src/main.o
 .debug_macro   0x0000000000000000       0x1c Src/main.o
 .debug_macro   0x0000000000000000       0x34 Src/main.o
 .group         0x0000000000000000        0xc Src/syscalls.o
 .group         0x0000000000000000        0xc Src/syscalls.o
 .group         0x0000000000000000        0xc Src/syscalls.o
 .group         0x0000000000000000        0xc Src/syscalls.o
 .group         0x0000000000000000        0xc Src/syscalls.o
 .group         0x0000000000000000        0xc Src/syscalls.o
 .group         0x0000000000000000        0xc Src/syscalls.o
 .group         0x0000000000000000        0xc Src/syscalls.o
 .group         0x0000000000000000        0xc Src/syscalls.o
 .group         0x0000000000000000        0xc Src/syscalls.o
 .group         0x0000000000000000        0xc Src/syscalls.o
 .group         0x0000000000000000        0xc Src/syscalls.o
 .group         0x0000000000000000        0xc Src/syscalls.o
 .group         0x0000000000000000        0xc Src/syscalls.o
 .group         0x0000000000000000        0xc Src/syscalls.o
 .group         0x0000000000000000        0xc Src/syscalls.o
 .group         0x0000000000000000        0xc Src/syscalls.o
 .group         0x0000000000000000        0xc Src/syscalls.o
 .group         0x0000000000000000        0xc Src/syscalls.o
 .group         0x0000000000000000        0xc Src/syscalls.o
 .group         0x0000000000000000        0xc Src/syscalls.o
 .group         0x0000000000000000        0xc Src/syscalls.o
 .group         0x0000000000000000        0xc Src/syscalls.o
 .group         0x0000000000000000        0xc Src/syscalls.o
 .group         0x0000000000000000        0xc Src/syscalls.o
 .group         0x0000000000000000        0xc Src/syscalls.o
 .group         0x0000000000000000        0xc Src/syscalls.o
 .group         0x0000000000000000        0xc Src/syscalls.o
 .group         0x0000000000000000        0xc Src/syscalls.o
 .group         0x0000000000000000        0xc Src/syscalls.o
 .group         0x0000000000000000        0xc Src/syscalls.o
 .group         0x0000000000000000        0xc Src/syscalls.o
 .group         0x0000000000000000        0xc Src/syscalls.o
 .group         0x0000000000000000        0xc Src/syscalls.o
 .group         0x0000000000000000        0xc Src/syscalls.o
 .group         0x0000000000000000        0xc Src/syscalls.o
 .group         0x0000000000000000        0xc Src/syscalls.o
 .group         0x0000000000000000        0xc Src/syscalls.o
 .group         0x0000000000000000        0xc Src/syscalls.o
 .group         0x0000000000000000        0xc Src/syscalls.o
 .group         0x0000000000000000        0xc Src/syscalls.o
 .group         0x0000000000000000        0xc Src/syscalls.o
 .group         0x0000000000000000        0xc Src/syscalls.o
 .group         0x0000000000000000        0xc Src/syscalls.o
 .text          0x0000000000000000        0x0 Src/syscalls.o
 .data          0x0000000000000000        0x0 Src/syscalls.o
 .bss           0x0000000000000000        0x0 Src/syscalls.o
 .bss.__env     0x0000000000000000        0x4 Src/syscalls.o
 .data.environ  0x0000000000000000        0x4 Src/syscalls.o
 .text.initialise_monitor_handles
                0x0000000000000000        0xc Src/syscalls.o
 .text._getpid  0x0000000000000000        0xe Src/syscalls.o
 .text._kill    0x0000000000000000       0x20 Src/syscalls.o
 .text._exit    0x0000000000000000       0x14 Src/syscalls.o
 .text._read    0x0000000000000000       0x3a Src/syscalls.o
 .text._write   0x0000000000000000       0x38 Src/syscalls.o
 .text._close   0x0000000000000000       0x16 Src/syscalls.o
 .text._fstat   0x0000000000000000       0x1e Src/syscalls.o
 .text._isatty  0x0000000000000000       0x14 Src/syscalls.o
 .text._lseek   0x0000000000000000       0x18 Src/syscalls.o
 .text._open    0x0000000000000000       0x1a Src/syscalls.o
 .text._wait    0x0000000000000000       0x1e Src/syscalls.o
 .text._unlink  0x0000000000000000       0x1e Src/syscalls.o
 .text._times   0x0000000000000000       0x16 Src/syscalls.o
 .text._stat    0x0000000000000000       0x1e Src/syscalls.o
 .text._link    0x0000000000000000       0x20 Src/syscalls.o
 .text._fork    0x0000000000000000       0x16 Src/syscalls.o
 .text._execve  0x0000000000000000       0x22 Src/syscalls.o
 .debug_info    0x0000000000000000     0x1038 Src/syscalls.o
 .debug_abbrev  0x0000000000000000      0x254 Src/syscalls.o
 .debug_loc     0x0000000000000000      0x5b8 Src/syscalls.o
 .debug_aranges
                0x0000000000000000       0xa8 Src/syscalls.o
 .debug_ranges  0x0000000000000000       0x98 Src/syscalls.o
 .debug_macro   0x0000000000000000      0x243 Src/syscalls.o
 .debug_macro   0x0000000000000000      0xa60 Src/syscalls.o
 .debug_macro   0x0000000000000000       0x22 Src/syscalls.o
 .debug_macro   0x0000000000000000       0x40 Src/syscalls.o
 .debug_macro   0x0000000000000000       0x18 Src/syscalls.o
 .debug_macro   0x0000000000000000       0x94 Src/syscalls.o
 .debug_macro   0x0000000000000000       0x3c Src/syscalls.o
 .debug_macro   0x0000000000000000       0x34 Src/syscalls.o
 .debug_macro   0x0000000000000000       0x57 Src/syscalls.o
 .debug_macro   0x0000000000000000      0x174 Src/syscalls.o
 .debug_macro   0x0000000000000000      0x330 Src/syscalls.o
 .debug_macro   0x0000000000000000       0x52 Src/syscalls.o
 .debug_macro   0x0000000000000000       0x1f Src/syscalls.o
 .debug_macro   0x0000000000000000       0x43 Src/syscalls.o
 .debug_macro   0x0000000000000000       0x20 Src/syscalls.o
 .debug_macro   0x0000000000000000      0x1a3 Src/syscalls.o
 .debug_macro   0x0000000000000000       0x10 Src/syscalls.o
 .debug_macro   0x0000000000000000       0x35 Src/syscalls.o
 .debug_macro   0x0000000000000000       0x10 Src/syscalls.o
 .debug_macro   0x0000000000000000       0x10 Src/syscalls.o
 .debug_macro   0x0000000000000000       0x10 Src/syscalls.o
 .debug_macro   0x0000000000000000       0x6a Src/syscalls.o
 .debug_macro   0x0000000000000000       0x1c Src/syscalls.o
 .debug_macro   0x0000000000000000       0x52 Src/syscalls.o
 .debug_macro   0x0000000000000000       0x40 Src/syscalls.o
 .debug_macro   0x0000000000000000       0x10 Src/syscalls.o
 .debug_macro   0x0000000000000000       0x40 Src/syscalls.o
 .debug_macro   0x0000000000000000       0xd7 Src/syscalls.o
 .debug_macro   0x0000000000000000       0x1c Src/syscalls.o
 .debug_macro   0x0000000000000000       0x3d Src/syscalls.o
 .debug_macro   0x0000000000000000       0x35 Src/syscalls.o
 .debug_macro   0x0000000000000000      0x122 Src/syscalls.o
 .debug_macro   0x0000000000000000       0x16 Src/syscalls.o
 .debug_macro   0x0000000000000000       0x16 Src/syscalls.o
 .debug_macro   0x0000000000000000       0x29 Src/syscalls.o
 .debug_macro   0x0000000000000000       0x10 Src/syscalls.o
 .debug_macro   0x0000000000000000      0x241 Src/syscalls.o
 .debug_macro   0x0000000000000000       0x1c Src/syscalls.o
 .debug_macro   0x0000000000000000       0x10 Src/syscalls.o
 .debug_macro   0x0000000000000000       0x10 Src/syscalls.o
 .debug_macro   0x0000000000000000       0x16 Src/syscalls.o
 .debug_macro   0x0000000000000000      0x145 Src/syscalls.o
 .debug_macro   0x0000000000000000      0x189 Src/syscalls.o
 .debug_macro   0x0000000000000000       0x16 Src/syscalls.o
 .debug_macro   0x0000000000000000       0x88 Src/syscalls.o
 .debug_line    0x0000000000000000      0x739 Src/syscalls.o
 .debug_str     0x0000000000000000     0x887d Src/syscalls.o
 .comment       0x0000000000000000       0x7c Src/syscalls.o
 .debug_frame   0x0000000000000000      0x2ac Src/syscalls.o
 .ARM.attributes
                0x0000000000000000       0x33 Src/syscalls.o
 .group         0x0000000000000000        0xc Src/sysmem.o
 .group         0x0000000000000000        0xc Src/sysmem.o
 .group         0x0000000000000000        0xc Src/sysmem.o
 .group         0x0000000000000000        0xc Src/sysmem.o
 .group         0x0000000000000000        0xc Src/sysmem.o
 .group         0x0000000000000000        0xc Src/sysmem.o
 .group         0x0000000000000000        0xc Src/sysmem.o
 .group         0x0000000000000000        0xc Src/sysmem.o
 .group         0x0000000000000000        0xc Src/sysmem.o
 .group         0x0000000000000000        0xc Src/sysmem.o
 .group         0x0000000000000000        0xc Src/sysmem.o
 .group         0x0000000000000000        0xc Src/sysmem.o
 .group         0x0000000000000000        0xc Src/sysmem.o
 .group         0x0000000000000000        0xc Src/sysmem.o
 .group         0x0000000000000000        0xc Src/sysmem.o
 .group         0x0000000000000000        0xc Src/sysmem.o
 .group         0x0000000000000000        0xc Src/sysmem.o
 .group         0x0000000000000000        0xc Src/sysmem.o
 .group         0x0000000000000000        0xc Src/sysmem.o
 .text          0x0000000000000000        0x0 Src/sysmem.o
 .data          0x0000000000000000        0x0 Src/sysmem.o
 .bss           0x0000000000000000        0x0 Src/sysmem.o
 .bss.__sbrk_heap_end
                0x0000000000000000        0x4 Src/sysmem.o
 .text._sbrk    0x0000000000000000       0x6c Src/sysmem.o
 .debug_info    0x0000000000000000      0xa7c Src/sysmem.o
 .debug_abbrev  0x0000000000000000      0x18e Src/sysmem.o
 .debug_loc     0x0000000000000000       0x50 Src/sysmem.o
 .debug_aranges
                0x0000000000000000       0x20 Src/sysmem.o
 .debug_ranges  0x0000000000000000       0x10 Src/sysmem.o
 .debug_macro   0x0000000000000000       0xee Src/sysmem.o
 .debug_macro   0x0000000000000000      0xa60 Src/sysmem.o
 .debug_macro   0x0000000000000000       0x10 Src/sysmem.o
 .debug_macro   0x0000000000000000       0x22 Src/sysmem.o
 .debug_macro   0x0000000000000000       0x40 Src/sysmem.o
 .debug_macro   0x0000000000000000       0x18 Src/sysmem.o
 .debug_macro   0x0000000000000000       0x94 Src/sysmem.o
 .debug_macro   0x0000000000000000       0x3c Src/sysmem.o
 .debug_macro   0x0000000000000000       0x34 Src/sysmem.o
 .debug_macro   0x0000000000000000      0x174 Src/sysmem.o
 .debug_macro   0x0000000000000000       0x57 Src/sysmem.o
 .debug_macro   0x0000000000000000       0x52 Src/sysmem.o
 .debug_macro   0x0000000000000000       0x1f Src/sysmem.o
 .debug_macro   0x0000000000000000       0x43 Src/sysmem.o
 .debug_macro   0x0000000000000000       0x20 Src/sysmem.o
 .debug_macro   0x0000000000000000      0x1a3 Src/sysmem.o
 .debug_macro   0x0000000000000000      0x23b Src/sysmem.o
 .debug_macro   0x0000000000000000       0xef Src/sysmem.o
 .debug_macro   0x0000000000000000       0x6a Src/sysmem.o
 .debug_macro   0x0000000000000000      0x1df Src/sysmem.o
 .debug_line    0x0000000000000000      0x4c2 Src/sysmem.o
 .debug_str     0x0000000000000000     0x5f4b Src/sysmem.o
 .comment       0x0000000000000000       0x7c Src/sysmem.o
 .debug_frame   0x0000000000000000       0x34 Src/sysmem.o
 .ARM.attributes
                0x0000000000000000       0x33 Src/sysmem.o
 .text          0x0000000000000000       0x14 Startup/startup_stm32f103c6tx.o
 .data          0x0000000000000000        0x0 Startup/startup_stm32f103c6tx.o
 .bss           0x0000000000000000        0x0 Startup/startup_stm32f103c6tx.o
 .text          0x0000000000000000        0x0 c:/st/stm32cubeide_1.4.0/stm32cubeide/plugins/com.st.stm32cube.ide.mcu.externaltools.gnu-tools-for-stm32.7-2018-q2-update.win32_1.4.0.202007081208/tools/bin/../lib/gcc/arm-none-eabi/7.3.1/../../../../arm-none-eabi/lib/thumb/v7-m\libc_nano.a(lib_a-errno.o)
 .data          0x0000000000000000        0x0 c:/st/stm32cubeide_1.4.0/stm32cubeide/plugins/com.st.stm32cube.ide.mcu.externaltools.gnu-tools-for-stm32.7-2018-q2-update.win32_1.4.0.202007081208/tools/bin/../lib/gcc/arm-none-eabi/7.3.1/../../../../arm-none-eabi/lib/thumb/v7-m\libc_nano.a(lib_a-errno.o)
 .bss           0x0000000000000000        0x0 c:/st/stm32cubeide_1.4.0/stm32cubeide/plugins/com.st.stm32cube.ide.mcu.externaltools.gnu-tools-for-stm32.7-2018-q2-update.win32_1.4.0.202007081208/tools/bin/../lib/gcc/arm-none-eabi/7.3.1/../../../../arm-none-eabi/lib/thumb/v7-m\libc_nano.a(lib_a-errno.o)
 .text.__errno  0x0000000000000000        0xc c:/st/stm32cubeide_1.4.0/stm32cubeide/plugins/com.st.stm32cube.ide.mcu.externaltools.gnu-tools-for-stm32.7-2018-q2-update.win32_1.4.0.202007081208/tools/bin/../lib/gcc/arm-none-eabi/7.3.1/../../../../arm-none-eabi/lib/thumb/v7-m\libc_nano.a(lib_a-errno.o)
 .debug_frame   0x0000000000000000       0x20 c:/st/stm32cubeide_1.4.0/stm32cubeide/plugins/com.st.stm32cube.ide.mcu.externaltools.gnu-tools-for-stm32.7-2018-q2-update.win32_1.4.0.202007081208/tools/bin/../lib/gcc/arm-none-eabi/7.3.1/../../../../arm-none-eabi/lib/thumb/v7-m\libc_nano.a(lib_a-errno.o)
 .ARM.attributes
                0x0000000000000000       0x2d c:/st/stm32cubeide_1.4.0/stm32cubeide/plugins/com.st.stm32cube.ide.mcu.externaltools.gnu-tools-for-stm32.7-2018-q2-update.win32_1.4.0.202007081208/tools/bin/../lib/gcc/arm-none-eabi/7.3.1/../../../../arm-none-eabi/lib/thumb/v7-m\libc_nano.a(lib_a-errno.o)
 .text          0x0000000000000000        0x0 c:/st/stm32cubeide_1.4.0/stm32cubeide/plugins/com.st.stm32cube.ide.mcu.externaltools.gnu-tools-for-stm32.7-2018-q2-update.win32_1.4.0.202007081208/tools/bin/../lib/gcc/arm-none-eabi/7.3.1/../../../../arm-none-eabi/lib/thumb/v7-m\libc_nano.a(lib_a-exit.o)
 .data          0x0000000000000000        0x0 c:/st/stm32cubeide_1.4.0/stm32cubeide/plugins/com.st.stm32cube.ide.mcu.externaltools.gnu-tools-for-stm32.7-2018-q2-update.win32_1.4.0.202007081208/tools/bin/../lib/gcc/arm-none-eabi/7.3.1/../../../../arm-none-eabi/lib/thumb/v7-m\libc_nano.a(lib_a-exit.o)
 .bss           0x0000000000000000        0x0 c:/st/stm32cubeide_1.4.0/stm32cubeide/plugins/com.st.stm32cube.ide.mcu.externaltools.gnu-tools-for-stm32.7-2018-q2-update.win32_1.4.0.202007081208/tools/bin/../lib/gcc/arm-none-eabi/7.3.1/../../../../arm-none-eabi/lib/thumb/v7-m\libc_nano.a(lib_a-exit.o)
 .text.exit     0x0000000000000000       0x28 c:/st/stm32cubeide_1.4.0/stm32cubeide/plugins/com.st.stm32cube.ide.mcu.externaltools.gnu-tools-for-stm32.7-2018-q2-update.win32_1.4.0.202007081208/tools/bin/../lib/gcc/arm-none-eabi/7.3.1/../../../../arm-none-eabi/lib/thumb/v7-m\libc_nano.a(lib_a-exit.o)
 .debug_frame   0x0000000000000000       0x28 c:/st/stm32cubeide_1.4.0/stm32cubeide/plugins/com.st.stm32cube.ide.mcu.externaltools.gnu-tools-for-stm32.7-2018-q2-update.win32_1.4.0.202007081208/tools/bin/../lib/gcc/arm-none-eabi/7.3.1/../../../../arm-none-eabi/lib/thumb/v7-m\libc_nano.a(lib_a-exit.o)
 .ARM.attributes
                0x0000000000000000       0x2d c:/st/stm32cubeide_1.4.0/stm32cubeide/plugins/com.st.stm32cube.ide.mcu.externaltools.gnu-tools-for-stm32.7-2018-q2-update.win32_1.4.0.202007081208/tools/bin/../lib/gcc/arm-none-eabi/7.3.1/../../../../arm-none-eabi/lib/thumb/v7-m\libc_nano.a(lib_a-exit.o)
 .text          0x0000000000000000        0x0 c:/st/stm32cubeide_1.4.0/stm32cubeide/plugins/com.st.stm32cube.ide.mcu.externaltools.gnu-tools-for-stm32.7-2018-q2-update.win32_1.4.0.202007081208/tools/bin/../lib/gcc/arm-none-eabi/7.3.1/../../../../arm-none-eabi/lib/thumb/v7-m\libc_nano.a(lib_a-impure.o)
 .data          0x0000000000000000        0x0 c:/st/stm32cubeide_1.4.0/stm32cubeide/plugins/com.st.stm32cube.ide.mcu.externaltools.gnu-tools-for-stm32.7-2018-q2-update.win32_1.4.0.202007081208/tools/bin/../lib/gcc/arm-none-eabi/7.3.1/../../../../arm-none-eabi/lib/thumb/v7-m\libc_nano.a(lib_a-impure.o)
 .bss           0x0000000000000000        0x0 c:/st/stm32cubeide_1.4.0/stm32cubeide/plugins/com.st.stm32cube.ide.mcu.externaltools.gnu-tools-for-stm32.7-2018-q2-update.win32_1.4.0.202007081208/tools/bin/../lib/gcc/arm-none-eabi/7.3.1/../../../../arm-none-eabi/lib/thumb/v7-m\libc_nano.a(lib_a-impure.o)
 .data._impure_ptr
                0x0000000000000000        0x4 c:/st/stm32cubeide_1.4.0/stm32cubeide/plugins/com.st.stm32cube.ide.mcu.externaltools.gnu-tools-for-stm32.7-2018-q2-update.win32_1.4.0.202007081208/tools/bin/../lib/gcc/arm-none-eabi/7.3.1/../../../../arm-none-eabi/lib/thumb/v7-m\libc_nano.a(lib_a-impure.o)
 .data.impure_data
                0x0000000000000000       0x60 c:/st/stm32cubeide_1.4.0/stm32cubeide/plugins/com.st.stm32cube.ide.mcu.externaltools.gnu-tools-for-stm32.7-2018-q2-update.win32_1.4.0.202007081208/tools/bin/../lib/gcc/arm-none-eabi/7.3.1/../../../../arm-none-eabi/lib/thumb/v7-m\libc_nano.a(lib_a-impure.o)
 .rodata._global_impure_ptr
                0x0000000000000000        0x4 c:/st/stm32cubeide_1.4.0/stm32cubeide/plugins/com.st.stm32cube.ide.mcu.externaltools.gnu-tools-for-stm32.7-2018-q2-update.win32_1.4.0.202007081208/tools/bin/../lib/gcc/arm-none-eabi/7.3.1/../../../../arm-none-eabi/lib/thumb/v7-m\libc_nano.a(lib_a-impure.o)
 .ARM.attributes
                0x0000000000000000       0x2d c:/st/stm32cubeide_1.4.0/stm32cubeide/plugins/com.st.stm32cube.ide.mcu.externaltools.gnu-tools-for-stm32.7-2018-q2-update.win32_1.4.0.202007081208/tools/bin/../lib/gcc/arm-none-eabi/7.3.1/../../../../arm-none-eabi/lib/thumb/v7-m\libc_nano.a(lib_a-impure.o)
 .text          0x0000000000000000        0x0 c:/st/stm32cubeide_1.4.0/stm32cubeide/plugins/com.st.stm32cube.ide.mcu.externaltools.gnu-tools-for-stm32.7-2018-q2-update.win32_1.4.0.202007081208/tools/bin/../lib/gcc/arm-none-eabi/7.3.1/../../../../arm-none-eabi/lib/thumb/v7-m\libc_nano.a(lib_a-init.o)
 .data          0x0000000000000000        0x0 c:/st/stm32cubeide_1.4.0/stm32cubeide/plugins/com.st.stm32cube.ide.mcu.externaltools.gnu-tools-for-stm32.7-2018-q2-update.win32_1.4.0.202007081208/tools/bin/../lib/gcc/arm-none-eabi/7.3.1/../../../../arm-none-eabi/lib/thumb/v7-m\libc_nano.a(lib_a-init.o)
 .bss           0x0000000000000000        0x0 c:/st/stm32cubeide_1.4.0/stm32cubeide/plugins/com.st.stm32cube.ide.mcu.externaltools.gnu-tools-for-stm32.7-2018-q2-update.win32_1.4.0.202007081208/tools/bin/../lib/gcc/arm-none-eabi/7.3.1/../../../../arm-none-eabi/lib/thumb/v7-m\libc_nano.a(lib_a-init.o)
 .text          0x0000000000000000        0x0 c:/st/stm32cubeide_1.4.0/stm32cubeide/plugins/com.st.stm32cube.ide.mcu.externaltools.gnu-tools-for-stm32.7-2018-q2-update.win32_1.4.0.202007081208/tools/bin/../lib/gcc/arm-none-eabi/7.3.1/../../../../arm-none-eabi/lib/thumb/v7-m\libc_nano.a(lib_a-memset.o)
 .data          0x0000000000000000        0x0 c:/st/stm32cubeide_1.4.0/stm32cubeide/plugins/com.st.stm32cube.ide.mcu.externaltools.gnu-tools-for-stm32.7-2018-q2-update.win32_1.4.0.202007081208/tools/bin/../lib/gcc/arm-none-eabi/7.3.1/../../../../arm-none-eabi/lib/thumb/v7-m\libc_nano.a(lib_a-memset.o)
 .bss           0x0000000000000000        0x0 c:/st/stm32cubeide_1.4.0/stm32cubeide/plugins/com.st.stm32cube.ide.mcu.externaltools.gnu-tools-for-stm32.7-2018-q2-update.win32_1.4.0.202007081208/tools/bin/../lib/gcc/arm-none-eabi/7.3.1/../../../../arm-none-eabi/lib/thumb/v7-m\libc_nano.a(lib_a-memset.o)
 .text.memset   0x0000000000000000       0x10 c:/st/stm32cubeide_1.4.0/stm32cubeide/plugins/com.st.stm32cube.ide.mcu.externaltools.gnu-tools-for-stm32.7-2018-q2-update.win32_1.4.0.202007081208/tools/bin/../lib/gcc/arm-none-eabi/7.3.1/../../../../arm-none-eabi/lib/thumb/v7-m\libc_nano.a(lib_a-memset.o)
 .debug_frame   0x0000000000000000       0x20 c:/st/stm32cubeide_1.4.0/stm32cubeide/plugins/com.st.stm32cube.ide.mcu.externaltools.gnu-tools-for-stm32.7-2018-q2-update.win32_1.4.0.202007081208/tools/bin/../lib/gcc/arm-none-eabi/7.3.1/../../../../arm-none-eabi/lib/thumb/v7-m\libc_nano.a(lib_a-memset.o)
 .ARM.attributes
                0x0000000000000000       0x2d c:/st/stm32cubeide_1.4.0/stm32cubeide/plugins/com.st.stm32cube.ide.mcu.externaltools.gnu-tools-for-stm32.7-2018-q2-update.win32_1.4.0.202007081208/tools/bin/../lib/gcc/arm-none-eabi/7.3.1/../../../../arm-none-eabi/lib/thumb/v7-m\libc_nano.a(lib_a-memset.o)
 .text          0x0000000000000000        0x0 c:/st/stm32cubeide_1.4.0/stm32cubeide/plugins/com.st.stm32cube.ide.mcu.externaltools.gnu-tools-for-stm32.7-2018-q2-update.win32_1.4.0.202007081208/tools/bin/../lib/gcc/arm-none-eabi/7.3.1/thumb/v7-m/crtend.o
 .data          0x0000000000000000        0x0 c:/st/stm32cubeide_1.4.0/stm32cubeide/plugins/com.st.stm32cube.ide.mcu.externaltools.gnu-tools-for-stm32.7-2018-q2-update.win32_1.4.0.202007081208/tools/bin/../lib/gcc/arm-none-eabi/7.3.1/thumb/v7-m/crtend.o
 .bss           0x0000000000000000        0x0 c:/st/stm32cubeide_1.4.0/stm32cubeide/plugins/com.st.stm32cube.ide.mcu.externaltools.gnu-tools-for-stm32.7-2018-q2-update.win32_1.4.0.202007081208/tools/bin/../lib/gcc/arm-none-eabi/7.3.1/thumb/v7-m/crtend.o
 .eh_frame      0x0000000000000000        0x4 c:/st/stm32cubeide_1.4.0/stm32cubeide/plugins/com.st.stm32cube.ide.mcu.externaltools.gnu-tools-for-stm32.7-2018-q2-update.win32_1.4.0.202007081208/tools/bin/../lib/gcc/arm-none-eabi/7.3.1/thumb/v7-m/crtend.o
 .ARM.attributes
                0x0000000000000000       0x2d c:/st/stm32cubeide_1.4.0/stm32cubeide/plugins/com.st.stm32cube.ide.mcu.externaltools.gnu-tools-for-stm32.7-2018-q2-update.win32_1.4.0.202007081208/tools/bin/../lib/gcc/arm-none-eabi/7.3.1/thumb/v7-m/crtend.o
 .text          0x0000000000000000        0x0 c:/st/stm32cubeide_1.4.0/stm32cubeide/plugins/com.st.stm32cube.ide.mcu.externaltools.gnu-tools-for-stm32.7-2018-q2-update.win32_1.4.0.202007081208/tools/bin/../lib/gcc/arm-none-eabi/7.3.1/thumb/v7-m/crtn.o
 .data          0x0000000000000000        0x0 c:/st/stm32cubeide_1.4.0/stm32cubeide/plugins/com.st.stm32cube.ide.mcu.externaltools.gnu-tools-for-stm32.7-2018-q2-update.win32_1.4.0.202007081208/tools/bin/../lib/gcc/arm-none-eabi/7.3.1/thumb/v7-m/crtn.o
 .bss           0x0000000000000000        0x0 c:/st/stm32cubeide_1.4.0/stm32cubeide/plugins/com.st.stm32cube.ide.mcu.externaltools.gnu-tools-for-stm32.7-2018-q2-update.win32_1.4.0.202007081208/tools/bin/../lib/gcc/arm-none-eabi/7.3.1/thumb/v7-m/crtn.o

Memory Configuration

Name             Origin             Length             Attributes
RAM              0x0000000020000000 0x0000000000002800 xrw
ROM              0x0000000008000000 0x0000000000008000 xr
*default*        0x0000000000000000 0xffffffffffffffff

Linker script and memory map

LOAD c:/st/stm32cubeide_1.4.0/stm32cubeide/plugins/com.st.stm32cube.ide.mcu.externaltools.gnu-tools-for-stm32.7-2018-q2-update.win32_1.4.0.202007081208/tools/bin/../lib/gcc/arm-none-eabi/7.3.1/thumb/v7-m/crti.o
LOAD c:/st/stm32cubeide_1.4.0/stm32cubeide/plugins/com.st.stm32cube.ide.mcu.externaltools.gnu-tools-for-stm32.7-2018-q2-update.win32_1.4.0.202007081208/tools/bin/../lib/gcc/arm-none-eabi/7.3.1/thumb/v7-m/crtbegin.o
LOAD c:/st/stm32cubeide_1.4.0/stm32cubeide/plugins/com.st.stm32cube.ide.mcu.externaltools.gnu-tools-for-stm32.7-2018-q2-update.win32_1.4.0.202007081208/tools/bin/../lib/gcc/arm-none-eabi/7.3.1/../../../../arm-none-eabi/lib/thumb/v7-m/crt0.o
LOAD MCAL/EEPROM.o
LOAD MCAL/EXTI_Driver.o
LOAD MCAL/GPIO_Driver.o
LOAD MCAL/I2C.o
LOAD MCAL/RCC.o
LOAD MCAL/SPI.o
LOAD MCAL/USART_Driver.o
LOAD Src/main.o
LOAD Src/syscalls.o
LOAD Src/sysmem.o
LOAD Startup/startup_stm32f103c6tx.o
START GROUP
LOAD c:/st/stm32cubeide_1.4.0/stm32cubeide/plugins/com.st.stm32cube.ide.mcu.externaltools.gnu-tools-for-stm32.7-2018-q2-update.win32_1.4.0.202007081208/tools/bin/../lib/gcc/arm-none-eabi/7.3.1/../../../../arm-none-eabi/lib/thumb/v7-m\libc_nano.a
LOAD c:/st/stm32cubeide_1.4.0/stm32cubeide/plugins/com.st.stm32cube.ide.mcu.externaltools.gnu-tools-for-stm32.7-2018-q2-update.win32_1.4.0.202007081208/tools/bin/../lib/gcc/arm-none-eabi/7.3.1/../../../../arm-none-eabi/lib/thumb/v7-m\libm.a
END GROUP
START GROUP
LOAD c:/st/stm32cubeide_1.4.0/stm32cubeide/plugins/com.st.stm32cube.ide.mcu.externaltools.gnu-tools-for-stm32.7-2018-q2-update.win32_1.4.0.202007081208/tools/bin/../lib/gcc/arm-none-eabi/7.3.1/thumb/v7-m\libgcc.a
LOAD c:/st/stm32cubeide_1.4.0/stm32cubeide/plugins/com.st.stm32cube.ide.mcu.externaltools.gnu-tools-for-stm32.7-2018-q2-update.win32_1.4.0.202007081208/tools/bin/../lib/gcc/arm-none-eabi/7.3.1/../../../../arm-none-eabi/lib/thumb/v7-m\libg_nano.a
LOAD c:/st/stm32cubeide_1.4.0/stm32cubeide/plugins/com.st.stm32cube.ide.mcu.externaltools.gnu-tools-for-stm32.7-2018-q2-update.win32_1.4.0.202007081208/tools/bin/../lib/gcc/arm-none-eabi/7.3.1/../../../../arm-none-eabi/lib/thumb/v7-m\libc_nano.a
END GROUP
START GROUP
LOAD c:/st/stm32cubeide_1.4.0/stm32cubeide/plugins/com.st.stm32cube.ide.mcu.externaltools.gnu-tools-for-stm32.7-2018-q2-update.win32_1.4.0.202007081208/tools/bin/../lib/gcc/arm-none-eabi/7.3.1/thumb/v7-m\libgcc.a
LOAD c:/st/stm32cubeide_1.4.0/stm32cubeide/plugins/com.st.stm32cube.ide.mcu.externaltools.gnu-tools-for-stm32.7-2018-q2-update.win32_1.4.0.202007081208/tools/bin/../lib/gcc/arm-none-eabi/7.3.1/../../../../arm-none-eabi/lib/thumb/v7-m\libc_nano.a
LOAD c:/st/stm32cubeide_1.4.0/stm32cubeide/plugins/com.st.stm32cube.ide.mcu.externaltools.gnu-tools-for-stm32.7-2018-q2-update.win32_1.4.0.202007081208/tools/bin/../lib/gcc/arm-none-eabi/7.3.1/../../../../arm-none-eabi/lib/thumb/v7-m\libnosys.a
END GROUP
START GROUP
LOAD c:/st/stm32cubeide_1.4.0/stm32cubeide/plugins/com.st.stm32cube.ide.mcu.externaltools.gnu-tools-for-stm32.7-2018-q2-update.win32_1.4.0.202007081208/tools/bin/../lib/gcc/arm-none-eabi/7.3.1/thumb/v7-m\libgcc.a
LOAD c:/st/stm32cubeide_1.4.0/stm32cubeide/plugins/com.st.stm32cube.ide.mcu.externaltools.gnu-tools-for-stm32.7-2018-q2-update.win32_1.4.0.202007081208/tools/bin/../lib/gcc/arm-none-eabi/7.3.1/../../../../arm-none-eabi/lib/thumb/v7-m\libc_nano.a
LOAD c:/st/stm32cubeide_1.4.0/stm32cubeide/plugins/com.st.stm32cube.ide.mcu.externaltools.gnu-tools-for-stm32.7-2018-q2-update.win32_1.4.0.202007081208/tools/bin/../lib/gcc/arm-none-eabi/7.3.1/../../../../arm-none-eabi/lib/thumb/v7-m\libnosys.a
END GROUP
LOAD c:/st/stm32cubeide_1.4.0/stm32cubeide/plugins/com.st.stm32cube.ide.mcu.externaltools.gnu-tools-for-stm32.7-2018-q2-update.win32_1.4.0.202007081208/tools/bin/../lib/gcc/arm-none-eabi/7.3.1/thumb/v7-m/crtend.o
LOAD c:/st/stm32cubeide_1.4.0/stm32cubeide/plugins/com.st.stm32cube.ide.mcu.externaltools.gnu-tools-for-stm32.7-2018-q2-update.win32_1.4.0.202007081208/tools/bin/../lib/gcc/arm-none-eabi/7.3.1/thumb/v7-m/crtn.o
                0x0000000020002800                _estack = (ORIGIN (RAM) + LENGTH (RAM))
                0x0000000000000200                _Min_Heap_Size = 0x200
                0x0000000000000400                _Min_Stack_Size = 0x400

.isr_vector     0x0000000008000000      0x130
                0x0000000008000000                . = ALIGN (0x4)
 *(.isr_vector)
 .isr_vector    0x0000000008000000      0x130 Startup/startup_stm32f103c6tx.o
                0x0000000008000000                g_pfnVectors
                0x0000000008000130                . = ALIGN (0x4)

.text           0x0000000008000130      0xb0c
                0x0000000008000130                . = ALIGN (0x4)
 *(.text)
 .text          0x0000000008000130       0x40 c:/st/stm32cubeide_1.4.0/stm32cubeide/plugins/com.st.stm32cube.ide.mcu.externaltools.gnu-tools-for-stm32.7-2018-q2-update.win32_1.4.0.202007081208/tools/bin/../lib/gcc/arm-none-eabi/7.3.1/thumb/v7-m/crtbegin.o
 *(.text*)
 .text.EPPROM_write
                0x0000000008000170       0x9a MCAL/EEPROM.o
                0x0000000008000170                EPPROM_write
 .text.EPPROM_READ
                0x000000000800020a       0xbe MCAL/EEPROM.o
                0x000000000800020a                EPPROM_READ
 .text.EXTI0_IRQHandler
                0x00000000080002c8       0x24 MCAL/EXTI_Driver.o
                0x00000000080002c8                EXTI0_IRQHandler
 .text.EXTI1_IRQHandler
                0x00000000080002ec       0x24 MCAL/EXTI_Driver.o
                0x00000000080002ec                EXTI1_IRQHandler
 .text.EXTI2_IRQHandler
                0x0000000008000310       0x24 MCAL/EXTI_Driver.o
                0x0000000008000310                EXTI2_IRQHandler
 .text.EXTI3_IRQHandler
                0x0000000008000334       0x24 MCAL/EXTI_Driver.o
                0x0000000008000334                EXTI3_IRQHandler
 .text.EXTI4_IRQHandler
                0x0000000008000358       0x24 MCAL/EXTI_Driver.o
                0x0000000008000358                EXTI4_IRQHandler
 .text.EXTI9_5_IRQHandler
                0x000000000800037c       0xa8 MCAL/EXTI_Driver.o
                0x000000000800037c                EXTI9_5_IRQHandler
 .text.EXTI15_10_IRQHandler
                0x0000000008000424       0xc4 MCAL/EXTI_Driver.o
                0x0000000008000424                EXTI15_10_IRQHandler
 .text.Get_PIN_Positon
                0x00000000080004e8       0x34 MCAL/GPIO_Driver.o
                0x00000000080004e8                Get_PIN_Positon
 .text.MCAL_GPIO_init
                0x000000000800051c      0x14c MCAL/GPIO_Driver.o
                0x000000000800051c                MCAL_GPIO_init
 .text.MCAL_I2C_SET_GPIO
                0x0000000008000668       0xa4 MCAL/I2C.o
                0x0000000008000668                MCAL_I2C_SET_GPIO
 .text.GET_flag_status
                0x000000000800070c       0x84 MCAL/I2C.o
                0x000000000800070c                GET_flag_status
 .text.I2C_init
                0x0000000008000790      0x188 MCAL/I2C.o
                0x0000000008000790                I2C_init
 .text.I2C_Start_BIT
                0x0000000008000918       0x3c MCAL/I2C.o
                0x0000000008000918                I2C_Start_BIT
 .text.I2C_REPATED_Start_BIT
                0x0000000008000954       0x2c MCAL/I2C.o
                0x0000000008000954                I2C_REPATED_Start_BIT
 .text.I2C_Stop_BIT
                0x0000000008000980       0x1c MCAL/I2C.o
                0x0000000008000980                I2C_Stop_BIT
 .text.I2C_WriteADDRESS
                0x000000000800099c       0x4e MCAL/I2C.o
                0x000000000800099c                I2C_WriteADDRESS
 .text.I2C_WriteByte
                0x00000000080009ea       0x2c MCAL/I2C.o
                0x00000000080009ea                I2C_WriteByte
 .text.I2C_ReciveByte
                0x0000000008000a16       0x2e MCAL/I2C.o
                0x0000000008000a16                I2C_ReciveByte
 .text.MCAL_GET_SYS_CLCK
                0x0000000008000a44       0x3c MCAL/RCC.o
                0x0000000008000a44                MCAL_GET_SYS_CLCK
 .text.MCAL_GET_H_CLCK
                0x0000000008000a80       0x28 MCAL/RCC.o
                0x0000000008000a80                MCAL_GET_H_CLCK
 .text.MCAL_GET_PCLCK1
                0x0000000008000aa8       0x28 MCAL/RCC.o
                0x0000000008000aa8                MCAL_GET_PCLCK1
 .text.USART1_IRQHandler
                0x0000000008000ad0       0x14 MCAL/USART_Driver.o
                0x0000000008000ad0                USART1_IRQHandler
 .text.USART2_IRQHandler
                0x0000000008000ae4       0x14 MCAL/USART_Driver.o
                0x0000000008000ae4                USART2_IRQHandler
 .text.USART3_IRQHandler
                0x0000000008000af8       0x14 MCAL/USART_Driver.o
                0x0000000008000af8                USART3_IRQHandler
 .text.main     0x0000000008000b0c       0x7c Src/main.o
                0x0000000008000b0c                main
 .text.Reset_Handler
                0x0000000008000b88       0x50 Startup/startup_stm32f103c6tx.o
                0x0000000008000b88                Reset_Handler
 .text.Default_Handler
                0x0000000008000bd8        0x2 Startup/startup_stm32f103c6tx.o
                0x0000000008000bd8                TIM8_TRG_COM_IRQHandler
                0x0000000008000bd8                TIM8_CC_IRQHandler
                0x0000000008000bd8                DebugMon_Handler
                0x0000000008000bd8                TIM1_CC_IRQHandler
                0x0000000008000bd8                HardFault_Handler
                0x0000000008000bd8                TIM6_IRQHandler
                0x0000000008000bd8                SysTick_Handler
                0x0000000008000bd8                PVD_IRQHandler
                0x0000000008000bd8                SDIO_IRQHandler
                0x0000000008000bd8                PendSV_Handler
                0x0000000008000bd8                NMI_Handler
                0x0000000008000bd8                USB_HP_CAN_TX_IRQHandler
                0x0000000008000bd8                I2C2_EV_IRQHandler
                0x0000000008000bd8                UsageFault_Handler
                0x0000000008000bd8                ADC1_2_IRQHandler
                0x0000000008000bd8                SPI1_IRQHandler
                0x0000000008000bd8                CAN_SCE_IRQHandler
                0x0000000008000bd8                TAMPER_IRQHandler
                0x0000000008000bd8                TIM8_UP_IRQHandler
                0x0000000008000bd8                DMA2_Channel2_IRQHandler
                0x0000000008000bd8                DMA1_Channel4_IRQHandler
                0x0000000008000bd8                RTC_IRQHandler
                0x0000000008000bd8                DMA1_Channel7_IRQHandler
                0x0000000008000bd8                UART5_IRQHandler
                0x0000000008000bd8                ADC3_IRQHandler
                0x0000000008000bd8                TIM4_IRQHandler
                0x0000000008000bd8                CAN_RX1_IRQHandler
                0x0000000008000bd8                DMA2_Channel1_IRQHandler
                0x0000000008000bd8                I2C1_EV_IRQHandler
                0x0000000008000bd8                DMA1_Channel6_IRQHandler
                0x0000000008000bd8                UART4_IRQHandler
                0x0000000008000bd8                TIM3_IRQHandler
                0x0000000008000bd8                RCC_IRQHandler
                0x0000000008000bd8                TIM1_TRG_COM_IRQHandler
                0x0000000008000bd8                DMA1_Channel1_IRQHandler
                0x0000000008000bd8                Default_Handler
                0x0000000008000bd8                TIM7_IRQHandler
                0x0000000008000bd8                TIM5_IRQHandler
                0x0000000008000bd8                SPI2_IRQHandler
                0x0000000008000bd8                USB_LP_CAN_RX0_IRQHandler
                0x0000000008000bd8                MemManage_Handler
                0x0000000008000bd8                SVC_Handler
                0x0000000008000bd8                DMA1_Channel5_IRQHandler
                0x0000000008000bd8                DMA1_Channel3_IRQHandler
                0x0000000008000bd8                FSMC_IRQHandler
                0x0000000008000bd8                TIM1_UP_IRQHandler
                0x0000000008000bd8                WWDG_IRQHandler
                0x0000000008000bd8                TIM2_IRQHandler
                0x0000000008000bd8                TIM1_BRK_IRQHandler
                0x0000000008000bd8                RTCAlarm_IRQHandler
                0x0000000008000bd8                DMA2_Channel4_5_IRQHandler
                0x0000000008000bd8                I2C2_ER_IRQHandler
                0x0000000008000bd8                DMA1_Channel2_IRQHandler
                0x0000000008000bd8                TIM8_BRK_IRQHandler
                0x0000000008000bd8                FLASH_IRQHandler
                0x0000000008000bd8                BusFault_Handler
                0x0000000008000bd8                SPI3_IRQHandler
                0x0000000008000bd8                I2C1_ER_IRQHandler
                0x0000000008000bd8                DMA2_Channel3_IRQHandler
 *fill*         0x0000000008000bda        0x2 
 .text.__libc_init_array
                0x0000000008000bdc       0x48 c:/st/stm32cubeide_1.4.0/stm32cubeide/plugins/com.st.stm32cube.ide.mcu.externaltools.gnu-tools-for-stm32.7-2018-q2-update.win32_1.4.0.202007081208/tools/bin/../lib/gcc/arm-none-eabi/7.3.1/../../../../arm-none-eabi/lib/thumb/v7-m\libc_nano.a(lib_a-init.o)
                0x0000000008000bdc                __libc_init_array
 *(.glue_7)
 .glue_7        0x0000000008000c24        0x0 linker stubs
 *(.glue_7t)
 .glue_7t       0x0000000008000c24        0x0 linker stubs
 *(.eh_frame)
 .eh_frame      0x0000000008000c24        0x0 c:/st/stm32cubeide_1.4.0/stm32cubeide/plugins/com.st.stm32cube.ide.mcu.externaltools.gnu-tools-for-stm32.7-2018-q2-update.win32_1.4.0.202007081208/tools/bin/../lib/gcc/arm-none-eabi/7.3.1/thumb/v7-m/crtbegin.o
 *(.init)
 .init          0x0000000008000c24        0x4 c:/st/stm32cubeide_1.4.0/stm32cubeide/plugins/com.st.stm32cube.ide.mcu.externaltools.gnu-tools-for-stm32.7-2018-q2-update.win32_1.4.0.202007081208/tools/bin/../lib/gcc/arm-none-eabi/7.3.1/thumb/v7-m/crti.o
                0x0000000008000c24                _init
 .init          0x0000000008000c28        0x8 c:/st/stm32cubeide_1.4.0/stm32cubeide/plugins/com.st.stm32cube.ide.mcu.externaltools.gnu-tools-for-stm32.7-2018-q2-update.win32_1.4.0.202007081208/tools/bin/../lib/gcc/arm-none-eabi/7.3.1/thumb/v7-m/crtn.o
 *(.fini)
 .fini          0x0000000008000c30        0x4 c:/st/stm32cubeide_1.4.0/stm32cubeide/plugins/com.st.stm32cube.ide.mcu.externaltools.gnu-tools-for-stm32.7-2018-q2-update.win32_1.4.0.202007081208/tools/bin/../lib/gcc/arm-none-eabi/7.3.1/thumb/v7-m/crti.o
                0x0000000008000c30                _fini
 .fini          0x0000000008000c34        0x8 c:/st/stm32cubeide_1.4.0/stm32cubeide/plugins/com.st.stm32cube.ide.mcu.externaltools.gnu-tools-for-stm32.7-2018-q2-update.win32_1.4.0.202007081208/tools/bin/../lib/gcc/arm-none-eabi/7.3.1/thumb/v7-m/crtn.o
                0x0000000008000c3c                . = ALIGN (0x4)
                0x0000000008000c3c                _etext = .

.vfp11_veneer   0x0000000008000c3c        0x0
 .vfp11_veneer  0x0000000008000c3c        0x0 linker stubs

.v4_bx          0x0000000008000c3c        0x0
 .v4_bx         0x0000000008000c3c        0x0 linker stubs

.iplt           0x0000000008000c3c        0x0
 .iplt          0x0000000008000c3c        0x0 c:/st/stm32cubeide_1.4.0/stm32cubeide/plugins/com.st.stm32cube.ide.mcu.externaltools.gnu-tools-for-stm32.7-2018-q2-update.win32_1.4.0.202007081208/tools/bin/../lib/gcc/arm-none-eabi/7.3.1/thumb/v7-m/crtbegin.o

.rodata         0x0000000008000c3c       0x10
                0x0000000008000c3c                . = ALIGN (0x4)
 *(.rodata)
 .rodata        0x0000000008000c3c       0x10 MCAL/I2C.o
 *(.rodata*)
                0x0000000008000c4c                . = ALIGN (0x4)

.rel.dyn        0x0000000008000c4c        0x0
 .rel.iplt      0x0000000008000c4c        0x0 c:/st/stm32cubeide_1.4.0/stm32cubeide/plugins/com.st.stm32cube.ide.mcu.externaltools.gnu-tools-for-stm32.7-2018-q2-update.win32_1.4.0.202007081208/tools/bin/../lib/gcc/arm-none-eabi/7.3.1/thumb/v7-m/crtbegin.o

.ARM.extab      0x0000000008000c4c        0x0
                0x0000000008000c4c                . = ALIGN (0x4)
 *(.ARM.extab* .gnu.linkonce.armextab.*)
                0x0000000008000c4c                . = ALIGN (0x4)

.ARM            0x0000000008000c4c        0x0
                0x0000000008000c4c                . = ALIGN (0x4)
                0x0000000008000c4c                __exidx_start = .
 *(.ARM.exidx*)
                0x0000000008000c4c                __exidx_end = .
                0x0000000008000c4c                . = ALIGN (0x4)

.preinit_array  0x0000000008000c4c        0x0
                0x0000000008000c4c                . = ALIGN (0x4)
                0x0000000008000c4c                PROVIDE (__preinit_array_start = .)
 *(.preinit_array*)
                0x0000000008000c4c                PROVIDE (__preinit_array_end = .)
                0x0000000008000c4c                . = ALIGN (0x4)

.init_array     0x0000000008000c4c        0x4
                0x0000000008000c4c                . = ALIGN (0x4)
                0x0000000008000c4c                PROVIDE (__init_array_start = .)
 *(SORT_BY_NAME(.init_array.*))
 *(.init_array*)
 .init_array    0x0000000008000c4c        0x4 c:/st/stm32cubeide_1.4.0/stm32cubeide/plugins/com.st.stm32cube.ide.mcu.externaltools.gnu-tools-for-stm32.7-2018-q2-update.win32_1.4.0.202007081208/tools/bin/../lib/gcc/arm-none-eabi/7.3.1/thumb/v7-m/crtbegin.o
                0x0000000008000c50                PROVIDE (__init_array_end = .)
                0x0000000008000c50                . = ALIGN (0x4)

.fini_array     0x0000000008000c50        0x4
                0x0000000008000c50                . = ALIGN (0x4)
                [!provide]                        PROVIDE (__fini_array_start = .)
 *(SORT_BY_NAME(.fini_array.*))
 *(.fini_array*)
 .fini_array    0x0000000008000c50        0x4 c:/st/stm32cubeide_1.4.0/stm32cubeide/plugins/com.st.stm32cube.ide.mcu.externaltools.gnu-tools-for-stm32.7-2018-q2-update.win32_1.4.0.202007081208/tools/bin/../lib/gcc/arm-none-eabi/7.3.1/thumb/v7-m/crtbegin.o
                [!provide]                        PROVIDE (__fini_array_end = .)
                0x0000000008000c54                . = ALIGN (0x4)
                0x0000000008000c54                _sidata = LOADADDR (.data)

.data           0x0000000020000000       0x24 load address 0x0000000008000c54
                0x0000000020000000                . = ALIGN (0x4)
                0x0000000020000000                _sdata = .
 *(.data)
 *(.data*)
 .data.AHB_Prescaler
                0x0000000020000000       0x11 MCAL/RCC.o
                0x0000000020000000                AHB_Prescaler
 *fill*         0x0000000020000011        0x3 
 .data.data     0x0000000020000014        0x5 Src/main.o
                0x0000000020000014                data
 *fill*         0x0000000020000019        0x3 
 .data.data1    0x000000002000001c        0x5 Src/main.o
                0x000000002000001c                data1
                0x0000000020000024                . = ALIGN (0x4)
 *fill*         0x0000000020000021        0x3 
                0x0000000020000024                _edata = .

.igot.plt       0x0000000020000024        0x0 load address 0x0000000008000c78
 .igot.plt      0x0000000020000024        0x0 c:/st/stm32cubeide_1.4.0/stm32cubeide/plugins/com.st.stm32cube.ide.mcu.externaltools.gnu-tools-for-stm32.7-2018-q2-update.win32_1.4.0.202007081208/tools/bin/../lib/gcc/arm-none-eabi/7.3.1/thumb/v7-m/crtbegin.o
                0x0000000020000024                . = ALIGN (0x4)

.bss            0x0000000020000024       0x74 load address 0x0000000008000c78
                0x0000000020000024                _sbss = .
                0x0000000020000024                __bss_start__ = _sbss
 *(.bss)
 .bss           0x0000000020000024       0x1c c:/st/stm32cubeide_1.4.0/stm32cubeide/plugins/com.st.stm32cube.ide.mcu.externaltools.gnu-tools-for-stm32.7-2018-q2-update.win32_1.4.0.202007081208/tools/bin/../lib/gcc/arm-none-eabi/7.3.1/thumb/v7-m/crtbegin.o
 *(.bss*)
 .bss.G_P_CONFIG
                0x0000000020000040        0x8 MCAL/I2C.o
                0x0000000020000040                G_P_CONFIG
 .bss.G_P_config
                0x0000000020000048        0xc MCAL/USART_Driver.o
                0x0000000020000048                G_P_config
 *(COMMON)
 COMMON         0x0000000020000054       0x3c MCAL/EXTI_Driver.o
                0x0000000020000054                g_P_CALLBACK_f
 COMMON         0x0000000020000090        0x5 Src/main.o
                0x0000000020000090                read_data
                0x0000000020000098                . = ALIGN (0x4)
 *fill*         0x0000000020000095        0x3 
                0x0000000020000098                _ebss = .
                0x0000000020000098                __bss_end__ = _ebss

._user_heap_stack
                0x0000000020000098      0x600 load address 0x0000000008000c78
                0x0000000020000098                . = ALIGN (0x8)
                [!provide]                        PROVIDE (end = .)
                0x0000000020000098                PROVIDE (_end = .)
                0x0000000020000298                . = (. + _Min_Heap_Size)
 *fill*         0x0000000020000098      0x200 
                0x0000000020000698                . = (. + _Min_Stack_Size)
 *fill*         0x0000000020000298      0x400 
                0x0000000020000698                . = ALIGN (0x8)

/DISCARD/
 libc.a(*)
 libm.a(*)
 libgcc.a(*)

.ARM.attributes
                0x0000000000000000       0x29
 *(.ARM.attributes)
 .ARM.attributes
                0x0000000000000000       0x1d c:/st/stm32cubeide_1.4.0/stm32cubeide/plugins/com.st.stm32cube.ide.mcu.externaltools.gnu-tools-for-stm32.7-2018-q2-update.win32_1.4.0.202007081208/tools/bin/../lib/gcc/arm-none-eabi/7.3.1/thumb/v7-m/crti.o
 .ARM.attributes
                0x000000000000001d       0x2d c:/st/stm32cubeide_1.4.0/stm32cubeide/plugins/com.st.stm32cube.ide.mcu.externaltools.gnu-tools-for-stm32.7-2018-q2-update.win32_1.4.0.202007081208/tools/bin/../lib/gcc/arm-none-eabi/7.3.1/thumb/v7-m/crtbegin.o
 .ARM.attributes
                0x000000000000004a       0x33 MCAL/EEPROM.o
 .ARM.attributes
                0x000000000000007d       0x33 MCAL/EXTI_Driver.o
 .ARM.attributes
                0x00000000000000b0       0x33 MCAL/GPIO_Driver.o
 .ARM.attributes
                0x00000000000000e3       0x33 MCAL/I2C.o
 .ARM.attributes
                0x0000000000000116       0x33 MCAL/RCC.o
 .ARM.attributes
                0x0000000000000149       0x33 MCAL/USART_Driver.o
 .ARM.attributes
                0x000000000000017c       0x33 Src/main.o
 .ARM.attributes
                0x00000000000001af       0x21 Startup/startup_stm32f103c6tx.o
 .ARM.attributes
                0x00000000000001d0       0x2d c:/st/stm32cubeide_1.4.0/stm32cubeide/plugins/com.st.stm32cube.ide.mcu.externaltools.gnu-tools-for-stm32.7-2018-q2-update.win32_1.4.0.202007081208/tools/bin/../lib/gcc/arm-none-eabi/7.3.1/../../../../arm-none-eabi/lib/thumb/v7-m\libc_nano.a(lib_a-init.o)
 .ARM.attributes
                0x00000000000001fd       0x1d c:/st/stm32cubeide_1.4.0/stm32cubeide/plugins/com.st.stm32cube.ide.mcu.externaltools.gnu-tools-for-stm32.7-2018-q2-update.win32_1.4.0.202007081208/tools/bin/../lib/gcc/arm-none-eabi/7.3.1/thumb/v7-m/crtn.o
OUTPUT(I2C.elf elf32-littlearm)

.debug_info     0x0000000000000000     0x2d34
 .debug_info    0x0000000000000000      0x8e1 MCAL/EEPROM.o
 .debug_info    0x00000000000008e1      0x515 MCAL/EXTI_Driver.o
 .debug_info    0x0000000000000df6      0x531 MCAL/GPIO_Driver.o
 .debug_info    0x0000000000001327      0xe9a MCAL/I2C.o
 .debug_info    0x00000000000021c1      0x21a MCAL/RCC.o
 .debug_info    0x00000000000023db      0x6cb MCAL/USART_Driver.o
 .debug_info    0x0000000000002aa6      0x26c Src/main.o
 .debug_info    0x0000000000002d12       0x22 Startup/startup_stm32f103c6tx.o

.debug_abbrev   0x0000000000000000      0xa1c
 .debug_abbrev  0x0000000000000000      0x1c4 MCAL/EEPROM.o
 .debug_abbrev  0x00000000000001c4      0x165 MCAL/EXTI_Driver.o
 .debug_abbrev  0x0000000000000329      0x128 MCAL/GPIO_Driver.o
 .debug_abbrev  0x0000000000000451      0x258 MCAL/I2C.o
 .debug_abbrev  0x00000000000006a9       0xc1 MCAL/RCC.o
 .debug_abbrev  0x000000000000076a      0x187 MCAL/USART_Driver.o
 .debug_abbrev  0x00000000000008f1      0x119 Src/main.o
 .debug_abbrev  0x0000000000000a0a       0x12 Startup/startup_stm32f103c6tx.o

.debug_loc      0x0000000000000000      0xd70
 .debug_loc     0x0000000000000000       0xa0 MCAL/EEPROM.o
 .debug_loc     0x00000000000000a0      0x23c MCAL/EXTI_Driver.o
 .debug_loc     0x00000000000002dc      0x38c MCAL/GPIO_Driver.o
 .debug_loc     0x0000000000000668      0x3d0 MCAL/I2C.o
 .debug_loc     0x0000000000000a38       0xc8 MCAL/RCC.o
 .debug_loc     0x0000000000000b00      0x238 MCAL/USART_Driver.o
 .debug_loc     0x0000000000000d38       0x38 Src/main.o

.debug_aranges  0x0000000000000000      0x240
 .debug_aranges
                0x0000000000000000       0x28 MCAL/EEPROM.o
 .debug_aranges
                0x0000000000000028       0x68 MCAL/EXTI_Driver.o
 .debug_aranges
                0x0000000000000090       0x68 MCAL/GPIO_Driver.o
 .debug_aranges
                0x00000000000000f8       0x70 MCAL/I2C.o
 .debug_aranges
                0x0000000000000168       0x38 MCAL/RCC.o
 .debug_aranges
                0x00000000000001a0       0x58 MCAL/USART_Driver.o
 .debug_aranges
                0x00000000000001f8       0x20 Src/main.o
 .debug_aranges
                0x0000000000000218       0x28 Startup/startup_stm32f103c6tx.o

.debug_ranges   0x0000000000000000      0x1c8
 .debug_ranges  0x0000000000000000       0x18 MCAL/EEPROM.o
 .debug_ranges  0x0000000000000018       0x58 MCAL/EXTI_Driver.o
 .debug_ranges  0x0000000000000070       0x58 MCAL/GPIO_Driver.o
 .debug_ranges  0x00000000000000c8       0x60 MCAL/I2C.o
 .debug_ranges  0x0000000000000128       0x28 MCAL/RCC.o
 .debug_ranges  0x0000000000000150       0x48 MCAL/USART_Driver.o
 .debug_ranges  0x0000000000000198       0x10 Src/main.o
 .debug_ranges  0x00000000000001a8       0x20 Startup/startup_stm32f103c6tx.o

.debug_macro    0x0000000000000000     0x1774
 .debug_macro   0x0000000000000000       0xa7 MCAL/EEPROM.o
 .debug_macro   0x00000000000000a7      0xa60 MCAL/EEPROM.o
 .debug_macro   0x0000000000000b07       0x16 MCAL/EEPROM.o
 .debug_macro   0x0000000000000b1d      0x148 MCAL/EEPROM.o
 .debug_macro   0x0000000000000c65       0x22 MCAL/EEPROM.o
 .debug_macro   0x0000000000000c87       0x8e MCAL/EEPROM.o
 .debug_macro   0x0000000000000d15       0x51 MCAL/EEPROM.o
 .debug_macro   0x0000000000000d66       0xef MCAL/EEPROM.o
 .debug_macro   0x0000000000000e55       0x6a MCAL/EEPROM.o
 .debug_macro   0x0000000000000ebf      0x1df MCAL/EEPROM.o
 .debug_macro   0x000000000000109e       0x1c MCAL/EEPROM.o
 .debug_macro   0x00000000000010ba       0x34 MCAL/EEPROM.o
 .debug_macro   0x00000000000010ee       0x46 MCAL/EXTI_Driver.o
 .debug_macro   0x0000000000001134      0x346 MCAL/EXTI_Driver.o
 .debug_macro   0x000000000000147a       0x33 MCAL/GPIO_Driver.o
 .debug_macro   0x00000000000014ad       0x9d MCAL/I2C.o
 .debug_macro   0x000000000000154a       0x8a MCAL/RCC.o
 .debug_macro   0x00000000000015d4       0x16 MCAL/RCC.o
 .debug_macro   0x00000000000015ea       0x9d MCAL/USART_Driver.o
 .debug_macro   0x0000000000001687       0x46 MCAL/USART_Driver.o
 .debug_macro   0x00000000000016cd       0xa7 Src/main.o

.debug_line     0x0000000000000000     0x1bb1
 .debug_line    0x0000000000000000      0x45d MCAL/EEPROM.o
 .debug_line    0x000000000000045d      0x22a MCAL/EXTI_Driver.o
 .debug_line    0x0000000000000687      0x1e6 MCAL/GPIO_Driver.o
 .debug_line    0x000000000000086d      0x587 MCAL/I2C.o
 .debug_line    0x0000000000000df4      0x41b MCAL/RCC.o
 .debug_line    0x000000000000120f      0x50a MCAL/USART_Driver.o
 .debug_line    0x0000000000001719      0x414 Src/main.o
 .debug_line    0x0000000000001b2d       0x84 Startup/startup_stm32f103c6tx.o

.debug_str      0x0000000000000000     0x631a
 .debug_str     0x0000000000000000     0x43fa MCAL/EEPROM.o
                                       0x4586 (size before relaxing)
 .debug_str     0x00000000000043fa     0x1685 MCAL/EXTI_Driver.o
                                       0x4a55 (size before relaxing)
 .debug_str     0x0000000000005a7f      0x16b MCAL/GPIO_Driver.o
                                       0x35d3 (size before relaxing)
 .debug_str     0x0000000000005bea      0x1f7 MCAL/I2C.o
                                       0x4868 (size before relaxing)
 .debug_str     0x0000000000005de1       0x6c MCAL/RCC.o
                                       0x433a (size before relaxing)
 .debug_str     0x0000000000005e4d      0x431 MCAL/USART_Driver.o
                                       0x4872 (size before relaxing)
 .debug_str     0x000000000000627e       0x2e Src/main.o
                                       0x441e (size before relaxing)
 .debug_str     0x00000000000062ac       0x6e Startup/startup_stm32f103c6tx.o

.comment        0x0000000000000000       0x7b
 .comment       0x0000000000000000       0x7b MCAL/EEPROM.o
                                         0x7c (size before relaxing)
 .comment       0x000000000000007b       0x7c MCAL/EXTI_Driver.o
 .comment       0x000000000000007b       0x7c MCAL/GPIO_Driver.o
 .comment       0x000000000000007b       0x7c MCAL/I2C.o
 .comment       0x000000000000007b       0x7c MCAL/RCC.o
 .comment       0x000000000000007b       0x7c MCAL/USART_Driver.o
 .comment       0x000000000000007b       0x7c Src/main.o

.debug_frame    0x0000000000000000      0x708
 .debug_frame   0x0000000000000000       0x58 MCAL/EEPROM.o
 .debug_frame   0x0000000000000058      0x148 MCAL/EXTI_Driver.o
 .debug_frame   0x00000000000001a0      0x1a0 MCAL/GPIO_Driver.o
 .debug_frame   0x0000000000000340      0x1bc MCAL/I2C.o
 .debug_frame   0x00000000000004fc       0x84 MCAL/RCC.o
 .debug_frame   0x0000000000000580      0x12c MCAL/USART_Driver.o
 .debug_frame   0x00000000000006ac       0x30 Src/main.o
 .debug_frame   0x00000000000006dc       0x2c c:/st/stm32cubeide_1.4.0/stm32cubeide/plugins/com.st.stm32cube.ide.mcu.externaltools.gnu-tools-for-stm32.7-2018-q2-update.win32_1.4.0.202007081208/tools/bin/../lib/gcc/arm-none-eabi/7.3.1/../../../../arm-none-eabi/lib/thumb/v7-m\libc_nano.a(lib_a-init.o)
