05:01:57 **** Build of configuration Debug for project master ****
make -j16 all 
arm-none-eabi-gcc -mcpu=cortex-m3 -g3 -c -x assembler-with-cpp -MMD -MP -MF"Startup/startup_stm32f103c6tx.d" -MT"Startup/startup_stm32f103c6tx.o" --specs=nano.specs -mfloat-abi=soft -mthumb -o "Startup/startup_stm32f103c6tx.o" "../Startup/startup_stm32f103c6tx.s"
arm-none-eabi-gcc "../Src/main.c" -mcpu=cortex-m3 -std=gnu11 -g3 -DSTM32 -DSTM32F1 -DSTM32F103C6Tx -DDEBUG -c -I../Inc -O0 -ffunction-sections -fdata-sections -Wall -fstack-usage -MMD -MP -MF"Src/main.d" -MT"Src/main.o" --specs=nano.specs -mfloat-abi=soft -mthumb -o "Src/main.o"
arm-none-eabi-gcc "../Src/syscalls.c" -mcpu=cortex-m3 -std=gnu11 -g3 -DSTM32 -DSTM32F1 -DSTM32F103C6Tx -DDEBUG -c -I../Inc -O0 -ffunction-sections -fdata-sections -Wall -fstack-usage -MMD -MP -MF"Src/syscalls.d" -MT"Src/syscalls.o" --specs=nano.specs -mfloat-abi=soft -mthumb -o "Src/syscalls.o"
arm-none-eabi-gcc "../Src/sysmem.c" -mcpu=cortex-m3 -std=gnu11 -g3 -DSTM32 -DSTM32F1 -DSTM32F103C6Tx -DDEBUG -c -I../Inc -O0 -ffunction-sections -fdata-sections -Wall -fstack-usage -MMD -MP -MF"Src/sysmem.d" -MT"Src/sysmem.o" --specs=nano.specs -mfloat-abi=soft -mthumb -o "Src/sysmem.o"
arm-none-eabi-gcc "../STM32F103C6_DRIVERS/STM32F103C6_EXTI_DRIVER.c" -mcpu=cortex-m3 -std=gnu11 -g3 -DSTM32 -DSTM32F1 -DSTM32F103C6Tx -DDEBUG -c -I../Inc -O0 -ffunction-sections -fdata-sections -Wall -fstack-usage -MMD -MP -MF"STM32F103C6_DRIVERS/STM32F103C6_EXTI_DRIVER.d" -MT"STM32F103C6_DRIVERS/STM32F103C6_EXTI_DRIVER.o" --specs=nano.specs -mfloat-abi=soft -mthumb -o "STM32F103C6_DRIVERS/STM32F103C6_EXTI_DRIVER.o"
arm-none-eabi-gcc "../STM32F103C6_DRIVERS/STM32F103C6_GPIO_DRIVER.c" -mcpu=cortex-m3 -std=gnu11 -g3 -DSTM32 -DSTM32F1 -DSTM32F103C6Tx -DDEBUG -c -I../Inc -O0 -ffunction-sections -fdata-sections -Wall -fstack-usage -MMD -MP -MF"STM32F103C6_DRIVERS/STM32F103C6_GPIO_DRIVER.d" -MT"STM32F103C6_DRIVERS/STM32F103C6_GPIO_DRIVER.o" --specs=nano.specs -mfloat-abi=soft -mthumb -o "STM32F103C6_DRIVERS/STM32F103C6_GPIO_DRIVER.o"
arm-none-eabi-gcc "../STM32F103C6_DRIVERS/STM32F103C6_RCC_DRIVER.c" -mcpu=cortex-m3 -std=gnu11 -g3 -DSTM32 -DSTM32F1 -DSTM32F103C6Tx -DDEBUG -c -I../Inc -O0 -ffunction-sections -fdata-sections -Wall -fstack-usage -MMD -MP -MF"STM32F103C6_DRIVERS/STM32F103C6_RCC_DRIVER.d" -MT"STM32F103C6_DRIVERS/STM32F103C6_RCC_DRIVER.o" --specs=nano.specs -mfloat-abi=soft -mthumb -o "STM32F103C6_DRIVERS/STM32F103C6_RCC_DRIVER.o"
arm-none-eabi-gcc "../STM32F103C6_DRIVERS/STM32F103C6_SPI_DRIVER.c" -mcpu=cortex-m3 -std=gnu11 -g3 -DSTM32 -DSTM32F1 -DSTM32F103C6Tx -DDEBUG -c -I../Inc -O0 -ffunction-sections -fdata-sections -Wall -fstack-usage -MMD -MP -MF"STM32F103C6_DRIVERS/STM32F103C6_SPI_DRIVER.d" -MT"STM32F103C6_DRIVERS/STM32F103C6_SPI_DRIVER.o" --specs=nano.specs -mfloat-abi=soft -mthumb -o "STM32F103C6_DRIVERS/STM32F103C6_SPI_DRIVER.o"
arm-none-eabi-gcc "../STM32F103C6_DRIVERS/STM32F103C6_USART_DRIVER.c" -mcpu=cortex-m3 -std=gnu11 -g3 -DSTM32 -DSTM32F1 -DSTM32F103C6Tx -DDEBUG -c -I../Inc -O0 -ffunction-sections -fdata-sections -Wall -fstack-usage -MMD -MP -MF"STM32F103C6_DRIVERS/STM32F103C6_USART_DRIVER.d" -MT"STM32F103C6_DRIVERS/STM32F103C6_USART_DRIVER.o" --specs=nano.specs -mfloat-abi=soft -mthumb -o "STM32F103C6_DRIVERS/STM32F103C6_USART_DRIVER.o"
../Src/main.c:28:10: fatal error: STM103C6_HEADERS.H: No such file or directory
 #include "STM103C6_HEADERS.H"
          ^~~~~~~~~~~~~~~~~~~~
compilation terminated.
../STM32F103C6_DRIVERS/STM32F103C6_EXTI_DRIVER.c:9:9: fatal error: STM32F103C6_GPIO_DRIVER.h: No such file or directory
 #include"STM32F103C6_GPIO_DRIVER.h"
         ^~~~~~~~~~~~~~~~~~~~~~~~~~~
compilation terminated.
../STM32F103C6_DRIVERS/STM32F103C6_GPIO_DRIVER.c:9:9: fatal error: STM32F103C6_GPIO_DRIVER.h: No such file or directory
 #include"STM32F103C6_GPIO_DRIVER.h"
         ^~~~~~~~~~~~~~~~~~~~~~~~~~~
compilation terminated.
../STM32F103C6_DRIVERS/STM32F103C6_RCC_DRIVER.c:12:9: fatal error: STM32F103C6_GPIO_DRIVER.h: No such file or directory
 #include"STM32F103C6_GPIO_DRIVER.h"
         ^~~~~~~~~~~~~~~~~~~~~~~~~~~
compilation terminated.
make: *** [Src/subdir.mk:24: Src/main.o] Error 1
make: *** Waiting for unfinished jobs....
../STM32F103C6_DRIVERS/STM32F103C6_SPI_DRIVER.c:7:9: fatal error: STM103C6_HEADERS.H: No such file or directory
 #include"STM103C6_HEADERS.H"
         ^~~~~~~~~~~~~~~~~~~~
compilation terminated.
../STM32F103C6_DRIVERS/STM32F103C6_USART_DRIVER.c:8:10: fatal error: STM32F103X6.h: No such file or directory
 #include "STM32F103X6.h"
          ^~~~~~~~~~~~~~~
make: *** [STM32F103C6_DRIVERS/subdir.mk:30: STM32F103C6_DRIVERS/STM32F103C6_EXTI_DRIVER.o] Error 1
compilation terminated.
make: *** [STM32F103C6_DRIVERS/subdir.mk:32: STM32F103C6_DRIVERS/STM32F103C6_GPIO_DRIVER.o] Error 1
make: *** [STM32F103C6_DRIVERS/subdir.mk:34: STM32F103C6_DRIVERS/STM32F103C6_RCC_DRIVER.o] Error 1
make: *** [STM32F103C6_DRIVERS/subdir.mk:36: STM32F103C6_DRIVERS/STM32F103C6_SPI_DRIVER.o] Error 1
make: *** [STM32F103C6_DRIVERS/subdir.mk:38: STM32F103C6_DRIVERS/STM32F103C6_USART_DRIVER.o] Error 1
"make -j16 all" terminated with exit code 2. Build might be incomplete.
05:02:44 **** Incremental Build of configuration Debug for project master ****
make -j16 all 
arm-none-eabi-gcc -gdrwaf-2 -mcpu=cortex-m3 -g3 -c -x assembler-with-cpp -MMD -MP -MF"Startup/startup_stm32f103c6tx.d" -MT"Startup/startup_stm32f103c6tx.o" --specs=nano.specs -mfloat-abi=soft -mthumb -o "Startup/startup_stm32f103c6tx.o" "../Startup/startup_stm32f103c6tx.s"
arm-none-eabi-gcc -gdrwaf-2 "../Src/main.c" -mcpu=cortex-m3 -std=gnu11 -g3 -DSTM32 -DSTM32F1 -DSTM32F103C6Tx -DDEBUG -c -I../Inc -I"C:/Users/Ahmed/Desktop/SPI_WORK/master/STM32F103C6_DRIVERS/Inc" -O0 -ffunction-sections -fdata-sections -Wall -fstack-usage -MMD -MP -MF"Src/main.d" -MT"Src/main.o" --specs=nano.specs -mfloat-abi=soft -mthumb -o "Src/main.o"
arm-none-eabi-gcc -gdrwaf-2 "../Src/syscalls.c" -mcpu=cortex-m3 -std=gnu11 -g3 -DSTM32 -DSTM32F1 -DSTM32F103C6Tx -DDEBUG -c -I../Inc -I"C:/Users/Ahmed/Desktop/SPI_WORK/master/STM32F103C6_DRIVERS/Inc" -O0 -ffunction-sections -fdata-sections -Wall -fstack-usage -MMD -MP -MF"Src/syscalls.d" -MT"Src/syscalls.o" --specs=nano.specs -mfloat-abi=soft -mthumb -o "Src/syscalls.o"
arm-none-eabi-gcc -gdrwaf-2 "../Src/sysmem.c" -mcpu=cortex-m3 -std=gnu11 -g3 -DSTM32 -DSTM32F1 -DSTM32F103C6Tx -DDEBUG -c -I../Inc -I"C:/Users/Ahmed/Desktop/SPI_WORK/master/STM32F103C6_DRIVERS/Inc" -O0 -ffunction-sections -fdata-sections -Wall -fstack-usage -MMD -MP -MF"Src/sysmem.d" -MT"Src/sysmem.o" --specs=nano.specs -mfloat-abi=soft -mthumb -o "Src/sysmem.o"
arm-none-eabi-gcc -gdrwaf-2 "../STM32F103C6_DRIVERS/STM32F103C6_EXTI_DRIVER.c" -mcpu=cortex-m3 -std=gnu11 -g3 -DSTM32 -DSTM32F1 -DSTM32F103C6Tx -DDEBUG -c -I../Inc -I"C:/Users/Ahmed/Desktop/SPI_WORK/master/STM32F103C6_DRIVERS/Inc" -O0 -ffunction-sections -fdata-sections -Wall -fstack-usage -MMD -MP -MF"STM32F103C6_DRIVERS/STM32F103C6_EXTI_DRIVER.d" -MT"STM32F103C6_DRIVERS/STM32F103C6_EXTI_DRIVER.o" --specs=nano.specs -mfloat-abi=soft -mthumb -o "STM32F103C6_DRIVERS/STM32F103C6_EXTI_DRIVER.o"
arm-none-eabi-gcc -gdrwaf-2 "../STM32F103C6_DRIVERS/STM32F103C6_GPIO_DRIVER.c" -mcpu=cortex-m3 -std=gnu11 -g3 -DSTM32 -DSTM32F1 -DSTM32F103C6Tx -DDEBUG -c -I../Inc -I"C:/Users/Ahmed/Desktop/SPI_WORK/master/STM32F103C6_DRIVERS/Inc" -O0 -ffunction-sections -fdata-sections -Wall -fstack-usage -MMD -MP -MF"STM32F103C6_DRIVERS/STM32F103C6_GPIO_DRIVER.d" -MT"STM32F103C6_DRIVERS/STM32F103C6_GPIO_DRIVER.o" --specs=nano.specs -mfloat-abi=soft -mthumb -o "STM32F103C6_DRIVERS/STM32F103C6_GPIO_DRIVER.o"
arm-none-eabi-gcc -gdrwaf-2 "../STM32F103C6_DRIVERS/STM32F103C6_RCC_DRIVER.c" -mcpu=cortex-m3 -std=gnu11 -g3 -DSTM32 -DSTM32F1 -DSTM32F103C6Tx -DDEBUG -c -I../Inc -I"C:/Users/Ahmed/Desktop/SPI_WORK/master/STM32F103C6_DRIVERS/Inc" -O0 -ffunction-sections -fdata-sections -Wall -fstack-usage -MMD -MP -MF"STM32F103C6_DRIVERS/STM32F103C6_RCC_DRIVER.d" -MT"STM32F103C6_DRIVERS/STM32F103C6_RCC_DRIVER.o" --specs=nano.specs -mfloat-abi=soft -mthumb -o "STM32F103C6_DRIVERS/STM32F103C6_RCC_DRIVER.o"
arm-none-eabi-gcc: error: unrecognized debug output level 'drwaf-2'
arm-none-eabi-gcc -gdrwaf-2 "../STM32F103C6_DRIVERS/STM32F103C6_SPI_DRIVER.c" -mcpu=cortex-m3 -std=gnu11 -g3 -DSTM32 -DSTM32F1 -DSTM32F103C6Tx -DDEBUG -c -I../Inc -I"C:/Users/Ahmed/Desktop/SPI_WORK/master/STM32F103C6_DRIVERS/Inc" -O0 -ffunction-sections -fdata-sections -Wall -fstack-usage -MMD -MP -MF"STM32F103C6_DRIVERS/STM32F103C6_SPI_DRIVER.d" -MT"STM32F103C6_DRIVERS/STM32F103C6_SPI_DRIVER.o" --specs=nano.specs -mfloat-abi=soft -mthumb -o "STM32F103C6_DRIVERS/STM32F103C6_SPI_DRIVER.o"
arm-none-eabi-gcc: error: unrecognized debug output level 'drwaf-2'
arm-none-eabi-gcc -gdrwaf-2 "../STM32F103C6_DRIVERS/STM32F103C6_USART_DRIVER.c" -mcpu=cortex-m3 -std=gnu11 -g3 -DSTM32 -DSTM32F1 -DSTM32F103C6Tx -DDEBUG -c -I../Inc -I"C:/Users/Ahmed/Desktop/SPI_WORK/master/STM32F103C6_DRIVERS/Inc" -O0 -ffunction-sections -fdata-sections -Wall -fstack-usage -MMD -MP -MF"STM32F103C6_DRIVERS/STM32F103C6_USART_DRIVER.d" -MT"STM32F103C6_DRIVERS/STM32F103C6_USART_DRIVER.o" --specs=nano.specs -mfloat-abi=soft -mthumb -o "STM32F103C6_DRIVERS/STM32F103C6_USART_DRIVER.o"
arm-none-eabi-gcc: error: unrecognized debug output level 'drwaf-2'
make: *** [Startup/subdir.mk:18: Startup/startup_stm32f103c6tx.o] Error 1
make: *** Waiting for unfinished jobs....
arm-none-eabi-gcc: error: unrecognized debug output level 'drwaf-2'
arm-none-eabi-gcc: error: unrecognized debug output level 'drwaf-2'
make: *** [Src/subdir.mk:24: Src/main.o] Error 1
make: *** [Src/subdir.mk:26: Src/syscalls.o] Error 1
arm-none-eabi-gcc: error: unrecognized debug output level 'drwaf-2'
make: *** [Src/subdir.mk:28: Src/sysmem.o] Error 1
arm-none-eabi-gcc: error: unrecognized debug output level 'drwaf-2'
make: *** [STM32F103C6_DRIVERS/subdir.mk:30: STM32F103C6_DRIVERS/STM32F103C6_EXTI_DRIVER.o] Error 1
arm-none-eabi-gcc: error: unrecognized debug output level 'drwaf-2'
make: *** [STM32F103C6_DRIVERS/subdir.mk:32: STM32F103C6_DRIVERS/STM32F103C6_GPIO_DRIVER.o] Error 1
arm-none-eabi-gcc: error: unrecognized debug output level 'drwaf-2'
make: *** [STM32F103C6_DRIVERS/subdir.mk:34: STM32F103C6_DRIVERS/STM32F103C6_RCC_DRIVER.o] Error 1
make: *** [STM32F103C6_DRIVERS/subdir.mk:36: STM32F103C6_DRIVERS/STM32F103C6_SPI_DRIVER.o] Error 1
make: *** [STM32F103C6_DRIVERS/subdir.mk:38: STM32F103C6_DRIVERS/STM32F103C6_USART_DRIVER.o] Error 1
"make -j16 all" terminated with exit code 2. Build might be incomplete.
05:03:06 **** Incremental Build of configuration Debug for project master ****
make -j16 all 
arm-none-eabi-gcc -gdrwaf-2 -mcpu=cortex-m3 -g3 -c -x assembler-with-cpp -MMD -MP -MF"Startup/startup_stm32f103c6tx.d" -MT"Startup/startup_stm32f103c6tx.o" --specs=nano.specs -mfloat-abi=soft -mthumb -o "Startup/startup_stm32f103c6tx.o" "../Startup/startup_stm32f103c6tx.s"
arm-none-eabi-gcc -gdrwaf-2 "../Src/main.c" -mcpu=cortex-m3 -std=gnu11 -g3 -DSTM32 -DSTM32F1 -DSTM32F103C6Tx -DDEBUG -c -I../Inc -I"C:/Users/Ahmed/Desktop/SPI_WORK/master/STM32F103C6_DRIVERS/Inc" -O0 -ffunction-sections -fdata-sections -Wall -fstack-usage -MMD -MP -MF"Src/main.d" -MT"Src/main.o" --specs=nano.specs -mfloat-abi=soft -mthumb -o "Src/main.o"
arm-none-eabi-gcc -gdrwaf-2 "../Src/syscalls.c" -mcpu=cortex-m3 -std=gnu11 -g3 -DSTM32 -DSTM32F1 -DSTM32F103C6Tx -DDEBUG -c -I../Inc -I"C:/Users/Ahmed/Desktop/SPI_WORK/master/STM32F103C6_DRIVERS/Inc" -O0 -ffunction-sections -fdata-sections -Wall -fstack-usage -MMD -MP -MF"Src/syscalls.d" -MT"Src/syscalls.o" --specs=nano.specs -mfloat-abi=soft -mthumb -o "Src/syscalls.o"
arm-none-eabi-gcc -gdrwaf-2 "../Src/sysmem.c" -mcpu=cortex-m3 -std=gnu11 -g3 -DSTM32 -DSTM32F1 -DSTM32F103C6Tx -DDEBUG -c -I../Inc -I"C:/Users/Ahmed/Desktop/SPI_WORK/master/STM32F103C6_DRIVERS/Inc" -O0 -ffunction-sections -fdata-sections -Wall -fstack-usage -MMD -MP -MF"Src/sysmem.d" -MT"Src/sysmem.o" --specs=nano.specs -mfloat-abi=soft -mthumb -o "Src/sysmem.o"
arm-none-eabi-gcc -gdrwaf-2 "../STM32F103C6_DRIVERS/STM32F103C6_EXTI_DRIVER.c" -mcpu=cortex-m3 -std=gnu11 -g3 -DSTM32 -DSTM32F1 -DSTM32F103C6Tx -DDEBUG -c -I../Inc -I"C:/Users/Ahmed/Desktop/SPI_WORK/master/STM32F103C6_DRIVERS/Inc" -O0 -ffunction-sections -fdata-sections -Wall -fstack-usage -MMD -MP -MF"STM32F103C6_DRIVERS/STM32F103C6_EXTI_DRIVER.d" -MT"STM32F103C6_DRIVERS/STM32F103C6_EXTI_DRIVER.o" --specs=nano.specs -mfloat-abi=soft -mthumb -o "STM32F103C6_DRIVERS/STM32F103C6_EXTI_DRIVER.o"
arm-none-eabi-gcc -gdrwaf-2 "../STM32F103C6_DRIVERS/STM32F103C6_GPIO_DRIVER.c" -mcpu=cortex-m3 -std=gnu11 -g3 -DSTM32 -DSTM32F1 -DSTM32F103C6Tx -DDEBUG -c -I../Inc -I"C:/Users/Ahmed/Desktop/SPI_WORK/master/STM32F103C6_DRIVERS/Inc" -O0 -ffunction-sections -fdata-sections -Wall -fstack-usage -MMD -MP -MF"STM32F103C6_DRIVERS/STM32F103C6_GPIO_DRIVER.d" -MT"STM32F103C6_DRIVERS/STM32F103C6_GPIO_DRIVER.o" --specs=nano.specs -mfloat-abi=soft -mthumb -o "STM32F103C6_DRIVERS/STM32F103C6_GPIO_DRIVER.o"
arm-none-eabi-gcc -gdrwaf-2 "../STM32F103C6_DRIVERS/STM32F103C6_RCC_DRIVER.c" -mcpu=cortex-m3 -std=gnu11 -g3 -DSTM32 -DSTM32F1 -DSTM32F103C6Tx -DDEBUG -c -I../Inc -I"C:/Users/Ahmed/Desktop/SPI_WORK/master/STM32F103C6_DRIVERS/Inc" -O0 -ffunction-sections -fdata-sections -Wall -fstack-usage -MMD -MP -MF"STM32F103C6_DRIVERS/STM32F103C6_RCC_DRIVER.d" -MT"STM32F103C6_DRIVERS/STM32F103C6_RCC_DRIVER.o" --specs=nano.specs -mfloat-abi=soft -mthumb -o "STM32F103C6_DRIVERS/STM32F103C6_RCC_DRIVER.o"
arm-none-eabi-gcc: error: unrecognized debug output level 'drwaf-2'
arm-none-eabi-gcc -gdrwaf-2 "../STM32F103C6_DRIVERS/STM32F103C6_SPI_DRIVER.c" -mcpu=cortex-m3 -std=gnu11 -g3 -DSTM32 -DSTM32F1 -DSTM32F103C6Tx -DDEBUG -c -I../Inc -I"C:/Users/Ahmed/Desktop/SPI_WORK/master/STM32F103C6_DRIVERS/Inc" -O0 -ffunction-sections -fdata-sections -Wall -fstack-usage -MMD -MP -MF"STM32F103C6_DRIVERS/STM32F103C6_SPI_DRIVER.d" -MT"STM32F103C6_DRIVERS/STM32F103C6_SPI_DRIVER.o" --specs=nano.specs -mfloat-abi=soft -mthumb -o "STM32F103C6_DRIVERS/STM32F103C6_SPI_DRIVER.o"
arm-none-eabi-gcc: error: unrecognized debug output level 'drwaf-2'
arm-none-eabi-gcc -gdrwaf-2 "../STM32F103C6_DRIVERS/STM32F103C6_USART_DRIVER.c" -mcpu=cortex-m3 -std=gnu11 -g3 -DSTM32 -DSTM32F1 -DSTM32F103C6Tx -DDEBUG -c -I../Inc -I"C:/Users/Ahmed/Desktop/SPI_WORK/master/STM32F103C6_DRIVERS/Inc" -O0 -ffunction-sections -fdata-sections -Wall -fstack-usage -MMD -MP -MF"STM32F103C6_DRIVERS/STM32F103C6_USART_DRIVER.d" -MT"STM32F103C6_DRIVERS/STM32F103C6_USART_DRIVER.o" --specs=nano.specs -mfloat-abi=soft -mthumb -o "STM32F103C6_DRIVERS/STM32F103C6_USART_DRIVER.o"
arm-none-eabi-gcc: error: unrecognized debug output level 'drwaf-2'
make: *** [Startup/subdir.mk:18: Startup/startup_stm32f103c6tx.o] Error 1
make: *** Waiting for unfinished jobs....
arm-none-eabi-gcc: error: unrecognized debug output level 'drwaf-2'
make: *** [Src/subdir.mk:24: Src/main.o] Error 1
arm-none-eabi-gcc: error: unrecognized debug output level 'drwaf-2'
make: *** [Src/subdir.mk:26: Src/syscalls.o] Error 1
arm-none-eabi-gcc: error: unrecognized debug output level 'drwaf-2'
make: *** [Src/subdir.mk:28: Src/sysmem.o] Error 1
arm-none-eabi-gcc: error: unrecognized debug output level 'drwaf-2'
make: *** [STM32F103C6_DRIVERS/subdir.mk:30: STM32F103C6_DRIVERS/STM32F103C6_EXTI_DRIVER.o] Error 1
arm-none-eabi-gcc: error: unrecognized debug output level 'drwaf-2'
make: *** [STM32F103C6_DRIVERS/subdir.mk:32: STM32F103C6_DRIVERS/STM32F103C6_GPIO_DRIVER.o] Error 1
arm-none-eabi-gcc: error: unrecognized debug output level 'drwaf-2'
make: *** [STM32F103C6_DRIVERS/subdir.mk:34: STM32F103C6_DRIVERS/STM32F103C6_RCC_DRIVER.o] Error 1
make: *** [STM32F103C6_DRIVERS/subdir.mk:36: STM32F103C6_DRIVERS/STM32F103C6_SPI_DRIVER.o] Error 1
make: *** [STM32F103C6_DRIVERS/subdir.mk:38: STM32F103C6_DRIVERS/STM32F103C6_USART_DRIVER.o] Error 1
"make -j16 all" terminated with exit code 2. Build might be incomplete.
05:03:07 **** Incremental Build of configuration Debug for project master ****
make -j16 all 
arm-none-eabi-gcc -gdrwaf-2 -mcpu=cortex-m3 -g3 -c -x assembler-with-cpp -MMD -MP -MF"Startup/startup_stm32f103c6tx.d" -MT"Startup/startup_stm32f103c6tx.o" --specs=nano.specs -mfloat-abi=soft -mthumb -o "Startup/startup_stm32f103c6tx.o" "../Startup/startup_stm32f103c6tx.s"
arm-none-eabi-gcc -gdrwaf-2 "../Src/main.c" -mcpu=cortex-m3 -std=gnu11 -g3 -DSTM32 -DSTM32F1 -DSTM32F103C6Tx -DDEBUG -c -I../Inc -I"C:/Users/Ahmed/Desktop/SPI_WORK/master/STM32F103C6_DRIVERS/Inc" -O0 -ffunction-sections -fdata-sections -Wall -fstack-usage -MMD -MP -MF"Src/main.d" -MT"Src/main.o" --specs=nano.specs -mfloat-abi=soft -mthumb -o "Src/main.o"
arm-none-eabi-gcc -gdrwaf-2 "../Src/syscalls.c" -mcpu=cortex-m3 -std=gnu11 -g3 -DSTM32 -DSTM32F1 -DSTM32F103C6Tx -DDEBUG -c -I../Inc -I"C:/Users/Ahmed/Desktop/SPI_WORK/master/STM32F103C6_DRIVERS/Inc" -O0 -ffunction-sections -fdata-sections -Wall -fstack-usage -MMD -MP -MF"Src/syscalls.d" -MT"Src/syscalls.o" --specs=nano.specs -mfloat-abi=soft -mthumb -o "Src/syscalls.o"
arm-none-eabi-gcc -gdrwaf-2 "../Src/sysmem.c" -mcpu=cortex-m3 -std=gnu11 -g3 -DSTM32 -DSTM32F1 -DSTM32F103C6Tx -DDEBUG -c -I../Inc -I"C:/Users/Ahmed/Desktop/SPI_WORK/master/STM32F103C6_DRIVERS/Inc" -O0 -ffunction-sections -fdata-sections -Wall -fstack-usage -MMD -MP -MF"Src/sysmem.d" -MT"Src/sysmem.o" --specs=nano.specs -mfloat-abi=soft -mthumb -o "Src/sysmem.o"
arm-none-eabi-gcc -gdrwaf-2 "../STM32F103C6_DRIVERS/STM32F103C6_EXTI_DRIVER.c" -mcpu=cortex-m3 -std=gnu11 -g3 -DSTM32 -DSTM32F1 -DSTM32F103C6Tx -DDEBUG -c -I../Inc -I"C:/Users/Ahmed/Desktop/SPI_WORK/master/STM32F103C6_DRIVERS/Inc" -O0 -ffunction-sections -fdata-sections -Wall -fstack-usage -MMD -MP -MF"STM32F103C6_DRIVERS/STM32F103C6_EXTI_DRIVER.d" -MT"STM32F103C6_DRIVERS/STM32F103C6_EXTI_DRIVER.o" --specs=nano.specs -mfloat-abi=soft -mthumb -o "STM32F103C6_DRIVERS/STM32F103C6_EXTI_DRIVER.o"
arm-none-eabi-gcc -gdrwaf-2 "../STM32F103C6_DRIVERS/STM32F103C6_GPIO_DRIVER.c" -mcpu=cortex-m3 -std=gnu11 -g3 -DSTM32 -DSTM32F1 -DSTM32F103C6Tx -DDEBUG -c -I../Inc -I"C:/Users/Ahmed/Desktop/SPI_WORK/master/STM32F103C6_DRIVERS/Inc" -O0 -ffunction-sections -fdata-sections -Wall -fstack-usage -MMD -MP -MF"STM32F103C6_DRIVERS/STM32F103C6_GPIO_DRIVER.d" -MT"STM32F103C6_DRIVERS/STM32F103C6_GPIO_DRIVER.o" --specs=nano.specs -mfloat-abi=soft -mthumb -o "STM32F103C6_DRIVERS/STM32F103C6_GPIO_DRIVER.o"
arm-none-eabi-gcc -gdrwaf-2 "../STM32F103C6_DRIVERS/STM32F103C6_RCC_DRIVER.c" -mcpu=cortex-m3 -std=gnu11 -g3 -DSTM32 -DSTM32F1 -DSTM32F103C6Tx -DDEBUG -c -I../Inc -I"C:/Users/Ahmed/Desktop/SPI_WORK/master/STM32F103C6_DRIVERS/Inc" -O0 -ffunction-sections -fdata-sections -Wall -fstack-usage -MMD -MP -MF"STM32F103C6_DRIVERS/STM32F103C6_RCC_DRIVER.d" -MT"STM32F103C6_DRIVERS/STM32F103C6_RCC_DRIVER.o" --specs=nano.specs -mfloat-abi=soft -mthumb -o "STM32F103C6_DRIVERS/STM32F103C6_RCC_DRIVER.o"
arm-none-eabi-gcc -gdrwaf-2 "../STM32F103C6_DRIVERS/STM32F103C6_SPI_DRIVER.c" -mcpu=cortex-m3 -std=gnu11 -g3 -DSTM32 -DSTM32F1 -DSTM32F103C6Tx -DDEBUG -c -I../Inc -I"C:/Users/Ahmed/Desktop/SPI_WORK/master/STM32F103C6_DRIVERS/Inc" -O0 -ffunction-sections -fdata-sections -Wall -fstack-usage -MMD -MP -MF"STM32F103C6_DRIVERS/STM32F103C6_SPI_DRIVER.d" -MT"STM32F103C6_DRIVERS/STM32F103C6_SPI_DRIVER.o" --specs=nano.specs -mfloat-abi=soft -mthumb -o "STM32F103C6_DRIVERS/STM32F103C6_SPI_DRIVER.o"
arm-none-eabi-gcc: error: unrecognized debug output level 'drwaf-2'
arm-none-eabi-gcc: error: unrecognized debug output level 'drwaf-2'
arm-none-eabi-gcc -gdrwaf-2 "../STM32F103C6_DRIVERS/STM32F103C6_USART_DRIVER.c" -mcpu=cortex-m3 -std=gnu11 -g3 -DSTM32 -DSTM32F1 -DSTM32F103C6Tx -DDEBUG -c -I../Inc -I"C:/Users/Ahmed/Desktop/SPI_WORK/master/STM32F103C6_DRIVERS/Inc" -O0 -ffunction-sections -fdata-sections -Wall -fstack-usage -MMD -MP -MF"STM32F103C6_DRIVERS/STM32F103C6_USART_DRIVER.d" -MT"STM32F103C6_DRIVERS/STM32F103C6_USART_DRIVER.o" --specs=nano.specs -mfloat-abi=soft -mthumb -o "STM32F103C6_DRIVERS/STM32F103C6_USART_DRIVER.o"
arm-none-eabi-gcc: error: unrecognized debug output level 'drwaf-2'
make: *** [Startup/subdir.mk:18: Startup/startup_stm32f103c6tx.o] Error 1
make: *** Waiting for unfinished jobs....
make: *** [Src/subdir.mk:24: Src/main.o] Error 1
arm-none-eabi-gcc: error: unrecognized debug output level 'drwaf-2'
arm-none-eabi-gcc: error: unrecognized debug output level 'drwaf-2'
arm-none-eabi-gcc: error: unrecognized debug output level 'drwaf-2'
make: *** [Src/subdir.mk:26: Src/syscalls.o] Error 1
make: *** [Src/subdir.mk:28: Src/sysmem.o] Error 1
arm-none-eabi-gcc: error: unrecognized debug output level 'drwaf-2'
make: *** [STM32F103C6_DRIVERS/subdir.mk:30: STM32F103C6_DRIVERS/STM32F103C6_EXTI_DRIVER.o] Error 1
arm-none-eabi-gcc: error: unrecognized debug output level 'drwaf-2'
make: *** [STM32F103C6_DRIVERS/subdir.mk:32: STM32F103C6_DRIVERS/STM32F103C6_GPIO_DRIVER.o] Error 1
arm-none-eabi-gcc: error: unrecognized debug output level 'drwaf-2'
make: *** [STM32F103C6_DRIVERS/subdir.mk:34: STM32F103C6_DRIVERS/STM32F103C6_RCC_DRIVER.o] Error 1
make: *** [STM32F103C6_DRIVERS/subdir.mk:36: STM32F103C6_DRIVERS/STM32F103C6_SPI_DRIVER.o] Error 1
make: *** [STM32F103C6_DRIVERS/subdir.mk:38: STM32F103C6_DRIVERS/STM32F103C6_USART_DRIVER.o] Error 1
"make -j16 all" terminated with exit code 2. Build might be incomplete.
05:03:42 **** Incremental Build of configuration Debug for project master ****
make -j16 all 
arm-none-eabi-gcc -gdrwaf-2 -mcpu=cortex-m3 -g3 -c -x assembler-with-cpp -MMD -MP -MF"Startup/startup_stm32f103c6tx.d" -MT"Startup/startup_stm32f103c6tx.o" --specs=nano.specs -mfloat-abi=soft -mthumb -o "Startup/startup_stm32f103c6tx.o" "../Startup/startup_stm32f103c6tx.s"
arm-none-eabi-gcc -gdrwaf-2 "../Src/main.c" -mcpu=cortex-m3 -std=gnu11 -g3 -DSTM32 -DSTM32F1 -DSTM32F103C6Tx -DDEBUG -c -I../Inc -I"C:/Users/Ahmed/Desktop/SPI_WORK/master/STM32F103C6_DRIVERS/Inc" -O0 -ffunction-sections -fdata-sections -Wall -fstack-usage -MMD -MP -MF"Src/main.d" -MT"Src/main.o" --specs=nano.specs -mfloat-abi=soft -mthumb -o "Src/main.o"
arm-none-eabi-gcc -gdrwaf-2 "../Src/syscalls.c" -mcpu=cortex-m3 -std=gnu11 -g3 -DSTM32 -DSTM32F1 -DSTM32F103C6Tx -DDEBUG -c -I../Inc -I"C:/Users/Ahmed/Desktop/SPI_WORK/master/STM32F103C6_DRIVERS/Inc" -O0 -ffunction-sections -fdata-sections -Wall -fstack-usage -MMD -MP -MF"Src/syscalls.d" -MT"Src/syscalls.o" --specs=nano.specs -mfloat-abi=soft -mthumb -o "Src/syscalls.o"
arm-none-eabi-gcc -gdrwaf-2 "../Src/sysmem.c" -mcpu=cortex-m3 -std=gnu11 -g3 -DSTM32 -DSTM32F1 -DSTM32F103C6Tx -DDEBUG -c -I../Inc -I"C:/Users/Ahmed/Desktop/SPI_WORK/master/STM32F103C6_DRIVERS/Inc" -O0 -ffunction-sections -fdata-sections -Wall -fstack-usage -MMD -MP -MF"Src/sysmem.d" -MT"Src/sysmem.o" --specs=nano.specs -mfloat-abi=soft -mthumb -o "Src/sysmem.o"
arm-none-eabi-gcc -gdrwaf-2 "../STM32F103C6_DRIVERS/STM32F103C6_EXTI_DRIVER.c" -mcpu=cortex-m3 -std=gnu11 -g3 -DSTM32 -DSTM32F1 -DSTM32F103C6Tx -DDEBUG -c -I../Inc -I"C:/Users/Ahmed/Desktop/SPI_WORK/master/STM32F103C6_DRIVERS/Inc" -O0 -ffunction-sections -fdata-sections -Wall -fstack-usage -MMD -MP -MF"STM32F103C6_DRIVERS/STM32F103C6_EXTI_DRIVER.d" -MT"STM32F103C6_DRIVERS/STM32F103C6_EXTI_DRIVER.o" --specs=nano.specs -mfloat-abi=soft -mthumb -o "STM32F103C6_DRIVERS/STM32F103C6_EXTI_DRIVER.o"
arm-none-eabi-gcc -gdrwaf-2 "../STM32F103C6_DRIVERS/STM32F103C6_GPIO_DRIVER.c" -mcpu=cortex-m3 -std=gnu11 -g3 -DSTM32 -DSTM32F1 -DSTM32F103C6Tx -DDEBUG -c -I../Inc -I"C:/Users/Ahmed/Desktop/SPI_WORK/master/STM32F103C6_DRIVERS/Inc" -O0 -ffunction-sections -fdata-sections -Wall -fstack-usage -MMD -MP -MF"STM32F103C6_DRIVERS/STM32F103C6_GPIO_DRIVER.d" -MT"STM32F103C6_DRIVERS/STM32F103C6_GPIO_DRIVER.o" --specs=nano.specs -mfloat-abi=soft -mthumb -o "STM32F103C6_DRIVERS/STM32F103C6_GPIO_DRIVER.o"
arm-none-eabi-gcc -gdrwaf-2 "../STM32F103C6_DRIVERS/STM32F103C6_RCC_DRIVER.c" -mcpu=cortex-m3 -std=gnu11 -g3 -DSTM32 -DSTM32F1 -DSTM32F103C6Tx -DDEBUG -c -I../Inc -I"C:/Users/Ahmed/Desktop/SPI_WORK/master/STM32F103C6_DRIVERS/Inc" -O0 -ffunction-sections -fdata-sections -Wall -fstack-usage -MMD -MP -MF"STM32F103C6_DRIVERS/STM32F103C6_RCC_DRIVER.d" -MT"STM32F103C6_DRIVERS/STM32F103C6_RCC_DRIVER.o" --specs=nano.specs -mfloat-abi=soft -mthumb -o "STM32F103C6_DRIVERS/STM32F103C6_RCC_DRIVER.o"
arm-none-eabi-gcc -gdrwaf-2 "../STM32F103C6_DRIVERS/STM32F103C6_SPI_DRIVER.c" -mcpu=cortex-m3 -std=gnu11 -g3 -DSTM32 -DSTM32F1 -DSTM32F103C6Tx -DDEBUG -c -I../Inc -I"C:/Users/Ahmed/Desktop/SPI_WORK/master/STM32F103C6_DRIVERS/Inc" -O0 -ffunction-sections -fdata-sections -Wall -fstack-usage -MMD -MP -MF"STM32F103C6_DRIVERS/STM32F103C6_SPI_DRIVER.d" -MT"STM32F103C6_DRIVERS/STM32F103C6_SPI_DRIVER.o" --specs=nano.specs -mfloat-abi=soft -mthumb -o "STM32F103C6_DRIVERS/STM32F103C6_SPI_DRIVER.o"
arm-none-eabi-gcc: error: unrecognized debug output level 'drwaf-2'
arm-none-eabi-gcc -gdrwaf-2 "../STM32F103C6_DRIVERS/STM32F103C6_USART_DRIVER.c" -mcpu=cortex-m3 -std=gnu11 -g3 -DSTM32 -DSTM32F1 -DSTM32F103C6Tx -DDEBUG -c -I../Inc -I"C:/Users/Ahmed/Desktop/SPI_WORK/master/STM32F103C6_DRIVERS/Inc" -O0 -ffunction-sections -fdata-sections -Wall -fstack-usage -MMD -MP -MF"STM32F103C6_DRIVERS/STM32F103C6_USART_DRIVER.d" -MT"STM32F103C6_DRIVERS/STM32F103C6_USART_DRIVER.o" --specs=nano.specs -mfloat-abi=soft -mthumb -o "STM32F103C6_DRIVERS/STM32F103C6_USART_DRIVER.o"
arm-none-eabi-gcc: error: unrecognized debug output level 'drwaf-2'
arm-none-eabi-gcc: error: unrecognized debug output level 'drwaf-2'
make: *** [Startup/subdir.mk:18: Startup/startup_stm32f103c6tx.o] Error 1
make: *** Waiting for unfinished jobs....
arm-none-eabi-gcc: error: unrecognized debug output level 'drwaf-2'
arm-none-eabi-gcc: error: unrecognized debug output level 'drwaf-2'
make: *** [Src/subdir.mk:26: Src/syscalls.o] Error 1
make: *** [Src/subdir.mk:24: Src/main.o] Error 1
arm-none-eabi-gcc: error: unrecognized debug output level 'drwaf-2'
make: *** [Src/subdir.mk:28: Src/sysmem.o] Error 1
arm-none-eabi-gcc: error: unrecognized debug output level 'drwaf-2'
make: *** [STM32F103C6_DRIVERS/subdir.mk:30: STM32F103C6_DRIVERS/STM32F103C6_EXTI_DRIVER.o] Error 1
arm-none-eabi-gcc: error: unrecognized debug output level 'drwaf-2'
make: *** [STM32F103C6_DRIVERS/subdir.mk:32: STM32F103C6_DRIVERS/STM32F103C6_GPIO_DRIVER.o] Error 1
arm-none-eabi-gcc: error: unrecognized debug output level 'drwaf-2'
make: *** [STM32F103C6_DRIVERS/subdir.mk:34: STM32F103C6_DRIVERS/STM32F103C6_RCC_DRIVER.o] Error 1
make: *** [STM32F103C6_DRIVERS/subdir.mk:36: STM32F103C6_DRIVERS/STM32F103C6_SPI_DRIVER.o] Error 1
make: *** [STM32F103C6_DRIVERS/subdir.mk:38: STM32F103C6_DRIVERS/STM32F103C6_USART_DRIVER.o] Error 1
"make -j16 all" terminated with exit code 2. Build might be incomplete.
05:04:21 **** Incremental Build of configuration Debug for project master ****
make -j16 all 
arm-none-eabi-gcc -gdwarf-2 -mcpu=cortex-m3 -g3 -c -x assembler-with-cpp -MMD -MP -MF"Startup/startup_stm32f103c6tx.d" -MT"Startup/startup_stm32f103c6tx.o" --specs=nano.specs -mfloat-abi=soft -mthumb -o "Startup/startup_stm32f103c6tx.o" "../Startup/startup_stm32f103c6tx.s"
arm-none-eabi-gcc -gdwarf-2 "../Src/main.c" -mcpu=cortex-m3 -std=gnu11 -g3 -DSTM32 -DSTM32F1 -DSTM32F103C6Tx -DDEBUG -c -I../Inc -I"C:/Users/Ahmed/Desktop/SPI_WORK/master/STM32F103C6_DRIVERS/Inc" -O0 -ffunction-sections -fdata-sections -Wall -fstack-usage -MMD -MP -MF"Src/main.d" -MT"Src/main.o" --specs=nano.specs -mfloat-abi=soft -mthumb -o "Src/main.o"
arm-none-eabi-gcc -gdwarf-2 "../Src/syscalls.c" -mcpu=cortex-m3 -std=gnu11 -g3 -DSTM32 -DSTM32F1 -DSTM32F103C6Tx -DDEBUG -c -I../Inc -I"C:/Users/Ahmed/Desktop/SPI_WORK/master/STM32F103C6_DRIVERS/Inc" -O0 -ffunction-sections -fdata-sections -Wall -fstack-usage -MMD -MP -MF"Src/syscalls.d" -MT"Src/syscalls.o" --specs=nano.specs -mfloat-abi=soft -mthumb -o "Src/syscalls.o"
arm-none-eabi-gcc -gdwarf-2 "../Src/sysmem.c" -mcpu=cortex-m3 -std=gnu11 -g3 -DSTM32 -DSTM32F1 -DSTM32F103C6Tx -DDEBUG -c -I../Inc -I"C:/Users/Ahmed/Desktop/SPI_WORK/master/STM32F103C6_DRIVERS/Inc" -O0 -ffunction-sections -fdata-sections -Wall -fstack-usage -MMD -MP -MF"Src/sysmem.d" -MT"Src/sysmem.o" --specs=nano.specs -mfloat-abi=soft -mthumb -o "Src/sysmem.o"
arm-none-eabi-gcc -gdwarf-2 "../STM32F103C6_DRIVERS/STM32F103C6_EXTI_DRIVER.c" -mcpu=cortex-m3 -std=gnu11 -g3 -DSTM32 -DSTM32F1 -DSTM32F103C6Tx -DDEBUG -c -I../Inc -I"C:/Users/Ahmed/Desktop/SPI_WORK/master/STM32F103C6_DRIVERS/Inc" -O0 -ffunction-sections -fdata-sections -Wall -fstack-usage -MMD -MP -MF"STM32F103C6_DRIVERS/STM32F103C6_EXTI_DRIVER.d" -MT"STM32F103C6_DRIVERS/STM32F103C6_EXTI_DRIVER.o" --specs=nano.specs -mfloat-abi=soft -mthumb -o "STM32F103C6_DRIVERS/STM32F103C6_EXTI_DRIVER.o"
arm-none-eabi-gcc -gdwarf-2 "../STM32F103C6_DRIVERS/STM32F103C6_GPIO_DRIVER.c" -mcpu=cortex-m3 -std=gnu11 -g3 -DSTM32 -DSTM32F1 -DSTM32F103C6Tx -DDEBUG -c -I../Inc -I"C:/Users/Ahmed/Desktop/SPI_WORK/master/STM32F103C6_DRIVERS/Inc" -O0 -ffunction-sections -fdata-sections -Wall -fstack-usage -MMD -MP -MF"STM32F103C6_DRIVERS/STM32F103C6_GPIO_DRIVER.d" -MT"STM32F103C6_DRIVERS/STM32F103C6_GPIO_DRIVER.o" --specs=nano.specs -mfloat-abi=soft -mthumb -o "STM32F103C6_DRIVERS/STM32F103C6_GPIO_DRIVER.o"
arm-none-eabi-gcc -gdwarf-2 "../STM32F103C6_DRIVERS/STM32F103C6_RCC_DRIVER.c" -mcpu=cortex-m3 -std=gnu11 -g3 -DSTM32 -DSTM32F1 -DSTM32F103C6Tx -DDEBUG -c -I../Inc -I"C:/Users/Ahmed/Desktop/SPI_WORK/master/STM32F103C6_DRIVERS/Inc" -O0 -ffunction-sections -fdata-sections -Wall -fstack-usage -MMD -MP -MF"STM32F103C6_DRIVERS/STM32F103C6_RCC_DRIVER.d" -MT"STM32F103C6_DRIVERS/STM32F103C6_RCC_DRIVER.o" --specs=nano.specs -mfloat-abi=soft -mthumb -o "STM32F103C6_DRIVERS/STM32F103C6_RCC_DRIVER.o"
arm-none-eabi-gcc -gdwarf-2 "../STM32F103C6_DRIVERS/STM32F103C6_SPI_DRIVER.c" -mcpu=cortex-m3 -std=gnu11 -g3 -DSTM32 -DSTM32F1 -DSTM32F103C6Tx -DDEBUG -c -I../Inc -I"C:/Users/Ahmed/Desktop/SPI_WORK/master/STM32F103C6_DRIVERS/Inc" -O0 -ffunction-sections -fdata-sections -Wall -fstack-usage -MMD -MP -MF"STM32F103C6_DRIVERS/STM32F103C6_SPI_DRIVER.d" -MT"STM32F103C6_DRIVERS/STM32F103C6_SPI_DRIVER.o" --specs=nano.specs -mfloat-abi=soft -mthumb -o "STM32F103C6_DRIVERS/STM32F103C6_SPI_DRIVER.o"
arm-none-eabi-gcc -gdwarf-2 "../STM32F103C6_DRIVERS/STM32F103C6_USART_DRIVER.c" -mcpu=cortex-m3 -std=gnu11 -g3 -DSTM32 -DSTM32F1 -DSTM32F103C6Tx -DDEBUG -c -I../Inc -I"C:/Users/Ahmed/Desktop/SPI_WORK/master/STM32F103C6_DRIVERS/Inc" -O0 -ffunction-sections -fdata-sections -Wall -fstack-usage -MMD -MP -MF"STM32F103C6_DRIVERS/STM32F103C6_USART_DRIVER.d" -MT"STM32F103C6_DRIVERS/STM32F103C6_USART_DRIVER.o" --specs=nano.specs -mfloat-abi=soft -mthumb -o "STM32F103C6_DRIVERS/STM32F103C6_USART_DRIVER.o"
../Src/main.c: In function 'UART_IRQ_Callback':
../Src/main.c:74:29: warning: passing argument 2 of 'MCAL_USART_RECIEVE' from incompatible pointer type [-Wincompatible-pointer-types]
  MCAL_USART_RECIEVE(USART1, &CH, disable);
                             ^
In file included from C:/Users/Ahmed/Desktop/SPI_WORK/master/STM32F103C6_DRIVERS/Inc/STM103C6_HEADERS.H:15:0,
                 from ../Src/main.c:28:
C:/Users/Ahmed/Desktop/SPI_WORK/master/STM32F103C6_DRIVERS/Inc/STM32F103C6_USART_DRIVER.h:96:6: note: expected 'uint16_t * {aka short unsigned int *}' but argument is of type 'unsigned int *'
 void MCAL_USART_RECIEVE(USART_Typedef *USARTx, uint16_t *PRX_BUFFER,enum POLLING_MECHANISM POLLINGEN );
      ^~~~~~~~~~~~~~~~~~
../Src/main.c:75:26: warning: passing argument 2 of 'MCAL_USART_SEND' from incompatible pointer type [-Wincompatible-pointer-types]
  MCAL_USART_SEND(USART1, &CH, enable);
                          ^
In file included from C:/Users/Ahmed/Desktop/SPI_WORK/master/STM32F103C6_DRIVERS/Inc/STM103C6_HEADERS.H:15:0,
                 from ../Src/main.c:28:
C:/Users/Ahmed/Desktop/SPI_WORK/master/STM32F103C6_DRIVERS/Inc/STM32F103C6_USART_DRIVER.h:95:6: note: expected 'uint16_t * {aka short unsigned int *}' but argument is of type 'unsigned int *'
 void MCAL_USART_SEND(USART_Typedef *USARTx, uint16_t *PTX_BUFFER,enum POLLING_MECHANISM POLLINGEN );
      ^~~~~~~~~~~~~~~
../Src/main.c:79:23: warning: passing argument 2 of 'MCAL_SPI_TX_RX' from incompatible pointer type [-Wincompatible-pointer-types]
  MCAL_SPI_TX_RX(SPI1, &CH, POLLING_ENABLE);
                       ^
In file included from C:/Users/Ahmed/Desktop/SPI_WORK/master/STM32F103C6_DRIVERS/Inc/STM103C6_HEADERS.H:16:0,
                 from ../Src/main.c:28:
C:/Users/Ahmed/Desktop/SPI_WORK/master/STM32F103C6_DRIVERS/Inc/STM32F103C6_SPI_DRIVER.h:118:6: note: expected 'uint16_t * {aka short unsigned int *}' but argument is of type 'unsigned int *'
 void MCAL_SPI_TX_RX(SPI_Typedef *SPIx, uint16_t *PTX_BUFFER,enum POLLING_MECHASIM POLLINGEN );
      ^~~~~~~~~~~~~~
../STM32F103C6_DRIVERS/STM32F103C6_RCC_DRIVER.c: In function 'MCAL_RCC_SYSCLCK_GETFREQ':
../STM32F103C6_DRIVERS/STM32F103C6_RCC_DRIVER.c:85:2: warning: control reaches end of non-void function [-Wreturn-type]
  }
  ^
../STM32F103C6_DRIVERS/STM32F103C6_SPI_DRIVER.c: In function 'MCAL_SPI_GPIO_SETPIN':
../STM32F103C6_DRIVERS/STM32F103C6_SPI_DRIVER.c:148:4: warning: case label value is less than minimum value for type
    case SPI_NSS_HW_MASTER_OUTPUT_DISEN:
    ^~~~
../STM32F103C6_DRIVERS/STM32F103C6_SPI_DRIVER.c:220:4: warning: case label value is less than minimum value for type
    case SPI_NSS_HW_MASTER_OUTPUT_DISEN:
    ^~~~
../STM32F103C6_DRIVERS/STM32F103C6_SPI_DRIVER.c:149:33: warning: statement will never be executed [-Wswitch-unreachable]
          PINCFG.GPIO_PIN_NUMBER = GPIO_PIN4;
../STM32F103C6_DRIVERS/STM32F103C6_SPI_DRIVER.c:221:33: warning: statement will never be executed [-Wswitch-unreachable]
          PINCFG.GPIO_PIN_NUMBER = GPIO_PIN12;
arm-none-eabi-gcc -gdwarf-2 -o "master.elf" @"objects.list"   -mcpu=cortex-m3 -T"C:\Users\Ahmed\Desktop\SPI_WORK\master\STM32F103C6TX_FLASH.ld" --specs=nosys.specs -Wl,-Map="master.map" -Wl,--gc-sections -static --specs=nano.specs -mfloat-abi=soft -mthumb -Wl,--start-group -lc -lm -Wl,--end-group
Finished building target: master.elf
 
arm-none-eabi-size   master.elf 
arm-none-eabi-objdump -h -S  master.elf  > "master.list"
arm-none-eabi-objcopy  -O binary  master.elf  "master.bin"
   text	   data	    bss	    dec	    hex	filename
   3980	      8	   1640	   5628	   15fc	master.elf
Finished building: default.size.stdout
 
Finished building: master.bin
 
Finished building: master.list
 
05:07:47 **** Clean-only build of configuration Debug for project master ****
make -j16 clean 
rm -rf *
 
05:07:47 **** Incremental Build of configuration Debug for project master ****
make -j16 all 
arm-none-eabi-gcc -gdwarf-2 -mcpu=cortex-m3 -g3 -c -x assembler-with-cpp -MMD -MP -MF"Startup/startup_stm32f103c6tx.d" -MT"Startup/startup_stm32f103c6tx.o" --specs=nano.specs -mfloat-abi=soft -mthumb -o "Startup/startup_stm32f103c6tx.o" "../Startup/startup_stm32f103c6tx.s"
arm-none-eabi-gcc -gdwarf-2 "../Src/main.c" -mcpu=cortex-m3 -std=gnu11 -g3 -DSTM32 -DSTM32F1 -DSTM32F103C6Tx -DDEBUG -c -I../Inc -I"C:/Users/Ahmed/Desktop/SPI_WORK/slave/STM32F103C6_DRIVERS/Inc" -O0 -ffunction-sections -fdata-sections -Wall -fstack-usage -MMD -MP -MF"Src/main.d" -MT"Src/main.o" --specs=nano.specs -mfloat-abi=soft -mthumb -o "Src/main.o"
arm-none-eabi-gcc -gdwarf-2 "../Src/syscalls.c" -mcpu=cortex-m3 -std=gnu11 -g3 -DSTM32 -DSTM32F1 -DSTM32F103C6Tx -DDEBUG -c -I../Inc -I"C:/Users/Ahmed/Desktop/SPI_WORK/slave/STM32F103C6_DRIVERS/Inc" -O0 -ffunction-sections -fdata-sections -Wall -fstack-usage -MMD -MP -MF"Src/syscalls.d" -MT"Src/syscalls.o" --specs=nano.specs -mfloat-abi=soft -mthumb -o "Src/syscalls.o"
arm-none-eabi-gcc -gdwarf-2 "../Src/sysmem.c" -mcpu=cortex-m3 -std=gnu11 -g3 -DSTM32 -DSTM32F1 -DSTM32F103C6Tx -DDEBUG -c -I../Inc -I"C:/Users/Ahmed/Desktop/SPI_WORK/slave/STM32F103C6_DRIVERS/Inc" -O0 -ffunction-sections -fdata-sections -Wall -fstack-usage -MMD -MP -MF"Src/sysmem.d" -MT"Src/sysmem.o" --specs=nano.specs -mfloat-abi=soft -mthumb -o "Src/sysmem.o"
arm-none-eabi-gcc -gdwarf-2 "../STM32F103C6_DRIVERS/STM32F103C6_EXTI_DRIVER.c" -mcpu=cortex-m3 -std=gnu11 -g3 -DSTM32 -DSTM32F1 -DSTM32F103C6Tx -DDEBUG -c -I../Inc -I"C:/Users/Ahmed/Desktop/SPI_WORK/slave/STM32F103C6_DRIVERS/Inc" -O0 -ffunction-sections -fdata-sections -Wall -fstack-usage -MMD -MP -MF"STM32F103C6_DRIVERS/STM32F103C6_EXTI_DRIVER.d" -MT"STM32F103C6_DRIVERS/STM32F103C6_EXTI_DRIVER.o" --specs=nano.specs -mfloat-abi=soft -mthumb -o "STM32F103C6_DRIVERS/STM32F103C6_EXTI_DRIVER.o"
arm-none-eabi-gcc -gdwarf-2 "../STM32F103C6_DRIVERS/STM32F103C6_GPIO_DRIVER.c" -mcpu=cortex-m3 -std=gnu11 -g3 -DSTM32 -DSTM32F1 -DSTM32F103C6Tx -DDEBUG -c -I../Inc -I"C:/Users/Ahmed/Desktop/SPI_WORK/slave/STM32F103C6_DRIVERS/Inc" -O0 -ffunction-sections -fdata-sections -Wall -fstack-usage -MMD -MP -MF"STM32F103C6_DRIVERS/STM32F103C6_GPIO_DRIVER.d" -MT"STM32F103C6_DRIVERS/STM32F103C6_GPIO_DRIVER.o" --specs=nano.specs -mfloat-abi=soft -mthumb -o "STM32F103C6_DRIVERS/STM32F103C6_GPIO_DRIVER.o"
arm-none-eabi-gcc -gdwarf-2 "../STM32F103C6_DRIVERS/STM32F103C6_RCC_DRIVER.c" -mcpu=cortex-m3 -std=gnu11 -g3 -DSTM32 -DSTM32F1 -DSTM32F103C6Tx -DDEBUG -c -I../Inc -I"C:/Users/Ahmed/Desktop/SPI_WORK/slave/STM32F103C6_DRIVERS/Inc" -O0 -ffunction-sections -fdata-sections -Wall -fstack-usage -MMD -MP -MF"STM32F103C6_DRIVERS/STM32F103C6_RCC_DRIVER.d" -MT"STM32F103C6_DRIVERS/STM32F103C6_RCC_DRIVER.o" --specs=nano.specs -mfloat-abi=soft -mthumb -o "STM32F103C6_DRIVERS/STM32F103C6_RCC_DRIVER.o"
arm-none-eabi-gcc -gdwarf-2 "../STM32F103C6_DRIVERS/STM32F103C6_SPI_DRIVER.c" -mcpu=cortex-m3 -std=gnu11 -g3 -DSTM32 -DSTM32F1 -DSTM32F103C6Tx -DDEBUG -c -I../Inc -I"C:/Users/Ahmed/Desktop/SPI_WORK/slave/STM32F103C6_DRIVERS/Inc" -O0 -ffunction-sections -fdata-sections -Wall -fstack-usage -MMD -MP -MF"STM32F103C6_DRIVERS/STM32F103C6_SPI_DRIVER.d" -MT"STM32F103C6_DRIVERS/STM32F103C6_SPI_DRIVER.o" --specs=nano.specs -mfloat-abi=soft -mthumb -o "STM32F103C6_DRIVERS/STM32F103C6_SPI_DRIVER.o"
arm-none-eabi-gcc -gdwarf-2 "../STM32F103C6_DRIVERS/STM32F103C6_USART_DRIVER.c" -mcpu=cortex-m3 -std=gnu11 -g3 -DSTM32 -DSTM32F1 -DSTM32F103C6Tx -DDEBUG -c -I../Inc -I"C:/Users/Ahmed/Desktop/SPI_WORK/slave/STM32F103C6_DRIVERS/Inc" -O0 -ffunction-sections -fdata-sections -Wall -fstack-usage -MMD -MP -MF"STM32F103C6_DRIVERS/STM32F103C6_USART_DRIVER.d" -MT"STM32F103C6_DRIVERS/STM32F103C6_USART_DRIVER.o" --specs=nano.specs -mfloat-abi=soft -mthumb -o "STM32F103C6_DRIVERS/STM32F103C6_USART_DRIVER.o"
../Src/main.c: In function 'UART_IRQ_Callback':
../Src/main.c:74:29: warning: passing argument 2 of 'MCAL_USART_RECIEVE' from incompatible pointer type [-Wincompatible-pointer-types]
  MCAL_USART_RECIEVE(USART1, &CH, disable);
                             ^
In file included from C:/Users/Ahmed/Desktop/SPI_WORK/slave/STM32F103C6_DRIVERS/Inc/STM103C6_HEADERS.H:15:0,
                 from ../Src/main.c:28:
C:/Users/Ahmed/Desktop/SPI_WORK/slave/STM32F103C6_DRIVERS/Inc/STM32F103C6_USART_DRIVER.h:96:6: note: expected 'uint16_t * {aka short unsigned int *}' but argument is of type 'unsigned int *'
 void MCAL_USART_RECIEVE(USART_Typedef *USARTx, uint16_t *PRX_BUFFER,enum POLLING_MECHANISM POLLINGEN );
      ^~~~~~~~~~~~~~~~~~
../Src/main.c:75:26: warning: passing argument 2 of 'MCAL_USART_SEND' from incompatible pointer type [-Wincompatible-pointer-types]
  MCAL_USART_SEND(USART1, &CH, enable);
                          ^
In file included from C:/Users/Ahmed/Desktop/SPI_WORK/slave/STM32F103C6_DRIVERS/Inc/STM103C6_HEADERS.H:15:0,
                 from ../Src/main.c:28:
C:/Users/Ahmed/Desktop/SPI_WORK/slave/STM32F103C6_DRIVERS/Inc/STM32F103C6_USART_DRIVER.h:95:6: note: expected 'uint16_t * {aka short unsigned int *}' but argument is of type 'unsigned int *'
 void MCAL_USART_SEND(USART_Typedef *USARTx, uint16_t *PTX_BUFFER,enum POLLING_MECHANISM POLLINGEN );
      ^~~~~~~~~~~~~~~
../Src/main.c:79:23: warning: passing argument 2 of 'MCAL_SPI_TX_RX' from incompatible pointer type [-Wincompatible-pointer-types]
  MCAL_SPI_TX_RX(SPI1, &CH, POLLING_ENABLE);
                       ^
In file included from C:/Users/Ahmed/Desktop/SPI_WORK/slave/STM32F103C6_DRIVERS/Inc/STM103C6_HEADERS.H:16:0,
                 from ../Src/main.c:28:
C:/Users/Ahmed/Desktop/SPI_WORK/slave/STM32F103C6_DRIVERS/Inc/STM32F103C6_SPI_DRIVER.h:118:6: note: expected 'uint16_t * {aka short unsigned int *}' but argument is of type 'unsigned int *'
 void MCAL_SPI_TX_RX(SPI_Typedef *SPIx, uint16_t *PTX_BUFFER,enum POLLING_MECHASIM POLLINGEN );
      ^~~~~~~~~~~~~~
../STM32F103C6_DRIVERS/STM32F103C6_RCC_DRIVER.c: In function 'MCAL_RCC_SYSCLCK_GETFREQ':
../STM32F103C6_DRIVERS/STM32F103C6_RCC_DRIVER.c:85:2: warning: control reaches end of non-void function [-Wreturn-type]
  }
  ^
../STM32F103C6_DRIVERS/STM32F103C6_SPI_DRIVER.c: In function 'MCAL_SPI_GPIO_SETPIN':
../STM32F103C6_DRIVERS/STM32F103C6_SPI_DRIVER.c:148:4: warning: case label value is less than minimum value for type
    case SPI_NSS_HW_MASTER_OUTPUT_DISEN:
    ^~~~
../STM32F103C6_DRIVERS/STM32F103C6_SPI_DRIVER.c:220:4: warning: case label value is less than minimum value for type
    case SPI_NSS_HW_MASTER_OUTPUT_DISEN:
    ^~~~
../STM32F103C6_DRIVERS/STM32F103C6_SPI_DRIVER.c:149:33: warning: statement will never be executed [-Wswitch-unreachable]
          PINCFG.GPIO_PIN_NUMBER = GPIO_PIN4;
../STM32F103C6_DRIVERS/STM32F103C6_SPI_DRIVER.c:221:33: warning: statement will never be executed [-Wswitch-unreachable]
          PINCFG.GPIO_PIN_NUMBER = GPIO_PIN12;
arm-none-eabi-gcc -gdwarf-2 -o "slave.elf" @"objects.list"   -mcpu=cortex-m3 -T"C:\Users\Ahmed\Desktop\SPI_WORK\slave\STM32F103C6TX_FLASH.ld" --specs=nosys.specs -Wl,-Map="slave.map" -Wl,--gc-sections -static --specs=nano.specs -mfloat-abi=soft -mthumb -Wl,--start-group -lc -lm -Wl,--end-group
Finished building target: slave.elf
 
arm-none-eabi-size   slave.elf 
arm-none-eabi-objdump -h -S  slave.elf  > "slave.list"
arm-none-eabi-objcopy  -O binary  slave.elf  "slave.bin"
   text	   data	    bss	    dec	    hex	filename
   3980	      8	   1640	   5628	   15fc	slave.elf
Finished building: default.size.stdout
 
Finished building: slave.bin
 
Finished building: slave.list
 
05:07:48 **** Clean-only build of configuration Debug for project slave ****
make -j16 clean 
rm -rf *
 
05:07:48 **** Build of configuration Debug for project slave ****
make -j16 all 
arm-none-eabi-gcc -gdwarf-2 -mcpu=cortex-m3 -g3 -c -x assembler-with-cpp -MMD -MP -MF"Startup/startup_stm32f103c6tx.d" -MT"Startup/startup_stm32f103c6tx.o" --specs=nano.specs -mfloat-abi=soft -mthumb -o "Startup/startup_stm32f103c6tx.o" "../Startup/startup_stm32f103c6tx.s"
arm-none-eabi-gcc -gdwarf-2 "../Src/main.c" -mcpu=cortex-m3 -std=gnu11 -g3 -DSTM32 -DSTM32F1 -DSTM32F103C6Tx -DDEBUG -c -I../Inc -I"C:/Users/Ahmed/Desktop/SPI_WORK/master/STM32F103C6_DRIVERS/Inc" -O0 -ffunction-sections -fdata-sections -Wall -fstack-usage -MMD -MP -MF"Src/main.d" -MT"Src/main.o" --specs=nano.specs -mfloat-abi=soft -mthumb -o "Src/main.o"
arm-none-eabi-gcc -gdwarf-2 "../Src/syscalls.c" -mcpu=cortex-m3 -std=gnu11 -g3 -DSTM32 -DSTM32F1 -DSTM32F103C6Tx -DDEBUG -c -I../Inc -I"C:/Users/Ahmed/Desktop/SPI_WORK/master/STM32F103C6_DRIVERS/Inc" -O0 -ffunction-sections -fdata-sections -Wall -fstack-usage -MMD -MP -MF"Src/syscalls.d" -MT"Src/syscalls.o" --specs=nano.specs -mfloat-abi=soft -mthumb -o "Src/syscalls.o"
arm-none-eabi-gcc -gdwarf-2 "../Src/sysmem.c" -mcpu=cortex-m3 -std=gnu11 -g3 -DSTM32 -DSTM32F1 -DSTM32F103C6Tx -DDEBUG -c -I../Inc -I"C:/Users/Ahmed/Desktop/SPI_WORK/master/STM32F103C6_DRIVERS/Inc" -O0 -ffunction-sections -fdata-sections -Wall -fstack-usage -MMD -MP -MF"Src/sysmem.d" -MT"Src/sysmem.o" --specs=nano.specs -mfloat-abi=soft -mthumb -o "Src/sysmem.o"
arm-none-eabi-gcc -gdwarf-2 "../STM32F103C6_DRIVERS/STM32F103C6_EXTI_DRIVER.c" -mcpu=cortex-m3 -std=gnu11 -g3 -DSTM32 -DSTM32F1 -DSTM32F103C6Tx -DDEBUG -c -I../Inc -I"C:/Users/Ahmed/Desktop/SPI_WORK/master/STM32F103C6_DRIVERS/Inc" -O0 -ffunction-sections -fdata-sections -Wall -fstack-usage -MMD -MP -MF"STM32F103C6_DRIVERS/STM32F103C6_EXTI_DRIVER.d" -MT"STM32F103C6_DRIVERS/STM32F103C6_EXTI_DRIVER.o" --specs=nano.specs -mfloat-abi=soft -mthumb -o "STM32F103C6_DRIVERS/STM32F103C6_EXTI_DRIVER.o"
arm-none-eabi-gcc -gdwarf-2 "../STM32F103C6_DRIVERS/STM32F103C6_GPIO_DRIVER.c" -mcpu=cortex-m3 -std=gnu11 -g3 -DSTM32 -DSTM32F1 -DSTM32F103C6Tx -DDEBUG -c -I../Inc -I"C:/Users/Ahmed/Desktop/SPI_WORK/master/STM32F103C6_DRIVERS/Inc" -O0 -ffunction-sections -fdata-sections -Wall -fstack-usage -MMD -MP -MF"STM32F103C6_DRIVERS/STM32F103C6_GPIO_DRIVER.d" -MT"STM32F103C6_DRIVERS/STM32F103C6_GPIO_DRIVER.o" --specs=nano.specs -mfloat-abi=soft -mthumb -o "STM32F103C6_DRIVERS/STM32F103C6_GPIO_DRIVER.o"
arm-none-eabi-gcc -gdwarf-2 "../STM32F103C6_DRIVERS/STM32F103C6_RCC_DRIVER.c" -mcpu=cortex-m3 -std=gnu11 -g3 -DSTM32 -DSTM32F1 -DSTM32F103C6Tx -DDEBUG -c -I../Inc -I"C:/Users/Ahmed/Desktop/SPI_WORK/master/STM32F103C6_DRIVERS/Inc" -O0 -ffunction-sections -fdata-sections -Wall -fstack-usage -MMD -MP -MF"STM32F103C6_DRIVERS/STM32F103C6_RCC_DRIVER.d" -MT"STM32F103C6_DRIVERS/STM32F103C6_RCC_DRIVER.o" --specs=nano.specs -mfloat-abi=soft -mthumb -o "STM32F103C6_DRIVERS/STM32F103C6_RCC_DRIVER.o"
arm-none-eabi-gcc -gdwarf-2 "../STM32F103C6_DRIVERS/STM32F103C6_SPI_DRIVER.c" -mcpu=cortex-m3 -std=gnu11 -g3 -DSTM32 -DSTM32F1 -DSTM32F103C6Tx -DDEBUG -c -I../Inc -I"C:/Users/Ahmed/Desktop/SPI_WORK/master/STM32F103C6_DRIVERS/Inc" -O0 -ffunction-sections -fdata-sections -Wall -fstack-usage -MMD -MP -MF"STM32F103C6_DRIVERS/STM32F103C6_SPI_DRIVER.d" -MT"STM32F103C6_DRIVERS/STM32F103C6_SPI_DRIVER.o" --specs=nano.specs -mfloat-abi=soft -mthumb -o "STM32F103C6_DRIVERS/STM32F103C6_SPI_DRIVER.o"
arm-none-eabi-gcc -gdwarf-2 "../STM32F103C6_DRIVERS/STM32F103C6_USART_DRIVER.c" -mcpu=cortex-m3 -std=gnu11 -g3 -DSTM32 -DSTM32F1 -DSTM32F103C6Tx -DDEBUG -c -I../Inc -I"C:/Users/Ahmed/Desktop/SPI_WORK/master/STM32F103C6_DRIVERS/Inc" -O0 -ffunction-sections -fdata-sections -Wall -fstack-usage -MMD -MP -MF"STM32F103C6_DRIVERS/STM32F103C6_USART_DRIVER.d" -MT"STM32F103C6_DRIVERS/STM32F103C6_USART_DRIVER.o" --specs=nano.specs -mfloat-abi=soft -mthumb -o "STM32F103C6_DRIVERS/STM32F103C6_USART_DRIVER.o"
../Src/main.c: In function 'SPI_IRQ_Callback':
../Src/main.c:64:23: warning: passing argument 2 of 'MCAL_SPI_TX_RX' from incompatible pointer type [-Wincompatible-pointer-types]
   MCAL_SPI_TX_RX(SPI1,&CH,POLLING_DISABLE);
                       ^
In file included from C:/Users/Ahmed/Desktop/SPI_WORK/master/STM32F103C6_DRIVERS/Inc/STM103C6_HEADERS.H:16:0,
                 from ../Src/main.c:28:
C:/Users/Ahmed/Desktop/SPI_WORK/master/STM32F103C6_DRIVERS/Inc/STM32F103C6_SPI_DRIVER.h:118:6: note: expected 'uint16_t * {aka short unsigned int *}' but argument is of type 'unsigned int *'
 void MCAL_SPI_TX_RX(SPI_Typedef *SPIx, uint16_t *PTX_BUFFER,enum POLLING_MECHASIM POLLINGEN );
      ^~~~~~~~~~~~~~
../Src/main.c:65:27: warning: passing argument 2 of 'MCAL_USART_SEND' from incompatible pointer type [-Wincompatible-pointer-types]
   MCAL_USART_SEND(USART1, &CH, enable);
                           ^
In file included from C:/Users/Ahmed/Desktop/SPI_WORK/master/STM32F103C6_DRIVERS/Inc/STM103C6_HEADERS.H:15:0,
                 from ../Src/main.c:28:
C:/Users/Ahmed/Desktop/SPI_WORK/master/STM32F103C6_DRIVERS/Inc/STM32F103C6_USART_DRIVER.h:95:6: note: expected 'uint16_t * {aka short unsigned int *}' but argument is of type 'unsigned int *'
 void MCAL_USART_SEND(USART_Typedef *USARTx, uint16_t *PTX_BUFFER,enum POLLING_MECHANISM POLLINGEN );
      ^~~~~~~~~~~~~~~
../Src/main.c: In function 'UART_IRQ_Callback':
../Src/main.c:74:29: warning: passing argument 2 of 'MCAL_USART_RECIEVE' from incompatible pointer type [-Wincompatible-pointer-types]
  MCAL_USART_RECIEVE(USART1, &CH, disable);
                             ^
In file included from C:/Users/Ahmed/Desktop/SPI_WORK/master/STM32F103C6_DRIVERS/Inc/STM103C6_HEADERS.H:15:0,
                 from ../Src/main.c:28:
C:/Users/Ahmed/Desktop/SPI_WORK/master/STM32F103C6_DRIVERS/Inc/STM32F103C6_USART_DRIVER.h:96:6: note: expected 'uint16_t * {aka short unsigned int *}' but argument is of type 'unsigned int *'
 void MCAL_USART_RECIEVE(USART_Typedef *USARTx, uint16_t *PRX_BUFFER,enum POLLING_MECHANISM POLLINGEN );
      ^~~~~~~~~~~~~~~~~~
../Src/main.c:75:26: warning: passing argument 2 of 'MCAL_USART_SEND' from incompatible pointer type [-Wincompatible-pointer-types]
  MCAL_USART_SEND(USART1, &CH, enable);
                          ^
In file included from C:/Users/Ahmed/Desktop/SPI_WORK/master/STM32F103C6_DRIVERS/Inc/STM103C6_HEADERS.H:15:0,
                 from ../Src/main.c:28:
C:/Users/Ahmed/Desktop/SPI_WORK/master/STM32F103C6_DRIVERS/Inc/STM32F103C6_USART_DRIVER.h:95:6: note: expected 'uint16_t * {aka short unsigned int *}' but argument is of type 'unsigned int *'
 void MCAL_USART_SEND(USART_Typedef *USARTx, uint16_t *PTX_BUFFER,enum POLLING_MECHANISM POLLINGEN );
      ^~~~~~~~~~~~~~~
../Src/main.c:79:23: warning: passing argument 2 of 'MCAL_SPI_TX_RX' from incompatible pointer type [-Wincompatible-pointer-types]
  MCAL_SPI_TX_RX(SPI1, &CH, POLLING_ENABLE);
                       ^
In file included from C:/Users/Ahmed/Desktop/SPI_WORK/master/STM32F103C6_DRIVERS/Inc/STM103C6_HEADERS.H:16:0,
                 from ../Src/main.c:28:
C:/Users/Ahmed/Desktop/SPI_WORK/master/STM32F103C6_DRIVERS/Inc/STM32F103C6_SPI_DRIVER.h:118:6: note: expected 'uint16_t * {aka short unsigned int *}' but argument is of type 'unsigned int *'
 void MCAL_SPI_TX_RX(SPI_Typedef *SPIx, uint16_t *PTX_BUFFER,enum POLLING_MECHASIM POLLINGEN );
      ^~~~~~~~~~~~~~
../STM32F103C6_DRIVERS/STM32F103C6_SPI_DRIVER.c: In function 'MCAL_SPI_GPIO_SETPIN':
../STM32F103C6_DRIVERS/STM32F103C6_SPI_DRIVER.c:148:4: warning: case label value is less than minimum value for type
    case SPI_NSS_HW_MASTER_OUTPUT_DISEN:
    ^~~~
../STM32F103C6_DRIVERS/STM32F103C6_SPI_DRIVER.c:220:4: warning: case label value is less than minimum value for type
    case SPI_NSS_HW_MASTER_OUTPUT_DISEN:
    ^~~~
../STM32F103C6_DRIVERS/STM32F103C6_SPI_DRIVER.c:149:33: warning: statement will never be executed [-Wswitch-unreachable]
          PINCFG.GPIO_PIN_NUMBER = GPIO_PIN4;
../STM32F103C6_DRIVERS/STM32F103C6_SPI_DRIVER.c:221:33: warning: statement will never be executed [-Wswitch-unreachable]
          PINCFG.GPIO_PIN_NUMBER = GPIO_PIN12;
../STM32F103C6_DRIVERS/STM32F103C6_RCC_DRIVER.c: In function 'MCAL_RCC_SYSCLCK_GETFREQ':
../STM32F103C6_DRIVERS/STM32F103C6_RCC_DRIVER.c:85:2: warning: control reaches end of non-void function [-Wreturn-type]
  }
  ^
arm-none-eabi-gcc -gdwarf-2 -o "master.elf" @"objects.list"   -mcpu=cortex-m3 -T"C:\Users\Ahmed\Desktop\SPI_WORK\master\STM32F103C6TX_FLASH.ld" --specs=nosys.specs -Wl,-Map="master.map" -Wl,--gc-sections -static --specs=nano.specs -mfloat-abi=soft -mthumb -Wl,--start-group -lc -lm -Wl,--end-group
Finished building target: master.elf
 
arm-none-eabi-size   master.elf 
arm-none-eabi-objdump -h -S  master.elf  > "master.list"
arm-none-eabi-objcopy  -O binary  master.elf  "master.bin"
   text	   data	    bss	    dec	    hex	filename
   4016	      8	   1640	   5664	   1620	master.elf
Finished building: default.size.stdout
 
Finished building: master.bin
 
Finished building: master.list
 
05:13:51 **** Clean-only build of configuration Debug for project master ****
make -j16 clean 
rm -rf *
 
05:13:51 **** Incremental Build of configuration Debug for project master ****
make -j16 all 
arm-none-eabi-gcc -gdwarf-2 -mcpu=cortex-m3 -g3 -c -x assembler-with-cpp -MMD -MP -MF"Startup/startup_stm32f103c6tx.d" -MT"Startup/startup_stm32f103c6tx.o" --specs=nano.specs -mfloat-abi=soft -mthumb -o "Startup/startup_stm32f103c6tx.o" "../Startup/startup_stm32f103c6tx.s"
arm-none-eabi-gcc -gdwarf-2 "../Src/main.c" -mcpu=cortex-m3 -std=gnu11 -g3 -DSTM32 -DSTM32F1 -DSTM32F103C6Tx -DDEBUG -c -I../Inc -I"C:/Users/Ahmed/Desktop/SPI_WORK/slave/STM32F103C6_DRIVERS/INC" -O0 -ffunction-sections -fdata-sections -Wall -fstack-usage -MMD -MP -MF"Src/main.d" -MT"Src/main.o" --specs=nano.specs -mfloat-abi=soft -mthumb -o "Src/main.o"
arm-none-eabi-gcc -gdwarf-2 "../Src/syscalls.c" -mcpu=cortex-m3 -std=gnu11 -g3 -DSTM32 -DSTM32F1 -DSTM32F103C6Tx -DDEBUG -c -I../Inc -I"C:/Users/Ahmed/Desktop/SPI_WORK/slave/STM32F103C6_DRIVERS/INC" -O0 -ffunction-sections -fdata-sections -Wall -fstack-usage -MMD -MP -MF"Src/syscalls.d" -MT"Src/syscalls.o" --specs=nano.specs -mfloat-abi=soft -mthumb -o "Src/syscalls.o"
arm-none-eabi-gcc -gdwarf-2 "../Src/sysmem.c" -mcpu=cortex-m3 -std=gnu11 -g3 -DSTM32 -DSTM32F1 -DSTM32F103C6Tx -DDEBUG -c -I../Inc -I"C:/Users/Ahmed/Desktop/SPI_WORK/slave/STM32F103C6_DRIVERS/INC" -O0 -ffunction-sections -fdata-sections -Wall -fstack-usage -MMD -MP -MF"Src/sysmem.d" -MT"Src/sysmem.o" --specs=nano.specs -mfloat-abi=soft -mthumb -o "Src/sysmem.o"
arm-none-eabi-gcc -gdwarf-2 "../STM32F103C6_DRIVERS/EXTI_Driver.c" -mcpu=cortex-m3 -std=gnu11 -g3 -DSTM32 -DSTM32F1 -DSTM32F103C6Tx -DDEBUG -c -I../Inc -I"C:/Users/Ahmed/Desktop/SPI_WORK/slave/STM32F103C6_DRIVERS/INC" -O0 -ffunction-sections -fdata-sections -Wall -fstack-usage -MMD -MP -MF"STM32F103C6_DRIVERS/EXTI_Driver.d" -MT"STM32F103C6_DRIVERS/EXTI_Driver.o" --specs=nano.specs -mfloat-abi=soft -mthumb -o "STM32F103C6_DRIVERS/EXTI_Driver.o"
arm-none-eabi-gcc -gdwarf-2 "../STM32F103C6_DRIVERS/GPIO_Driver.c" -mcpu=cortex-m3 -std=gnu11 -g3 -DSTM32 -DSTM32F1 -DSTM32F103C6Tx -DDEBUG -c -I../Inc -I"C:/Users/Ahmed/Desktop/SPI_WORK/slave/STM32F103C6_DRIVERS/INC" -O0 -ffunction-sections -fdata-sections -Wall -fstack-usage -MMD -MP -MF"STM32F103C6_DRIVERS/GPIO_Driver.d" -MT"STM32F103C6_DRIVERS/GPIO_Driver.o" --specs=nano.specs -mfloat-abi=soft -mthumb -o "STM32F103C6_DRIVERS/GPIO_Driver.o"
arm-none-eabi-gcc -gdwarf-2 "../STM32F103C6_DRIVERS/RCC.c" -mcpu=cortex-m3 -std=gnu11 -g3 -DSTM32 -DSTM32F1 -DSTM32F103C6Tx -DDEBUG -c -I../Inc -I"C:/Users/Ahmed/Desktop/SPI_WORK/slave/STM32F103C6_DRIVERS/INC" -O0 -ffunction-sections -fdata-sections -Wall -fstack-usage -MMD -MP -MF"STM32F103C6_DRIVERS/RCC.d" -MT"STM32F103C6_DRIVERS/RCC.o" --specs=nano.specs -mfloat-abi=soft -mthumb -o "STM32F103C6_DRIVERS/RCC.o"
arm-none-eabi-gcc -gdwarf-2 "../STM32F103C6_DRIVERS/SPI.c" -mcpu=cortex-m3 -std=gnu11 -g3 -DSTM32 -DSTM32F1 -DSTM32F103C6Tx -DDEBUG -c -I../Inc -I"C:/Users/Ahmed/Desktop/SPI_WORK/slave/STM32F103C6_DRIVERS/INC" -O0 -ffunction-sections -fdata-sections -Wall -fstack-usage -MMD -MP -MF"STM32F103C6_DRIVERS/SPI.d" -MT"STM32F103C6_DRIVERS/SPI.o" --specs=nano.specs -mfloat-abi=soft -mthumb -o "STM32F103C6_DRIVERS/SPI.o"
arm-none-eabi-gcc -gdwarf-2 "../STM32F103C6_DRIVERS/USART_Driver.c" -mcpu=cortex-m3 -std=gnu11 -g3 -DSTM32 -DSTM32F1 -DSTM32F103C6Tx -DDEBUG -c -I../Inc -I"C:/Users/Ahmed/Desktop/SPI_WORK/slave/STM32F103C6_DRIVERS/INC" -O0 -ffunction-sections -fdata-sections -Wall -fstack-usage -MMD -MP -MF"STM32F103C6_DRIVERS/USART_Driver.d" -MT"STM32F103C6_DRIVERS/USART_Driver.o" --specs=nano.specs -mfloat-abi=soft -mthumb -o "STM32F103C6_DRIVERS/USART_Driver.o"
../Src/main.c:28:10: fatal error: STM103C6_HEADERS.H: No such file or directory
 #include "STM103C6_HEADERS.H"
          ^~~~~~~~~~~~~~~~~~~~
compilation terminated.
make: *** [Src/subdir.mk:24: Src/main.o] Error 1
make: *** Waiting for unfinished jobs....
../STM32F103C6_DRIVERS/RCC.c: In function 'MCAL_GET_SYS_CLCK':
../STM32F103C6_DRIVERS/RCC.c:25:1: warning: control reaches end of non-void function [-Wreturn-type]
 }
 ^
../STM32F103C6_DRIVERS/SPI.c: In function 'MCAL_SPI_init':
../STM32F103C6_DRIVERS/SPI.c:54:3: warning: implicit declaration of function 'MCAL_SET_GPIO'; did you mean 'MCAL_SPI_init'? [-Wimplicit-function-declaration]
   MCAL_SET_GPIO(SPIx);
   ^~~~~~~~~~~~~
   MCAL_SPI_init
../STM32F103C6_DRIVERS/SPI.c: At top level:
../STM32F103C6_DRIVERS/SPI.c:95:6: warning: conflicting types for 'MCAL_SET_GPIO'
 void MCAL_SET_GPIO(SPI_Reg *SPIx){
      ^~~~~~~~~~~~~
../STM32F103C6_DRIVERS/SPI.c:54:3: note: previous implicit declaration of 'MCAL_SET_GPIO' was here
   MCAL_SET_GPIO(SPIx);
   ^~~~~~~~~~~~~
../STM32F103C6_DRIVERS/USART_Driver.c: In function 'MCAL_USART_init':
../STM32F103C6_DRIVERS/USART_Driver.c:84:2: warning: implicit declaration of function 'SET_GPIO' [-Wimplicit-function-declaration]
  SET_GPIO(USARTx);
  ^~~~~~~~
../STM32F103C6_DRIVERS/USART_Driver.c: At top level:
../STM32F103C6_DRIVERS/USART_Driver.c:160:6: warning: conflicting types for 'SET_GPIO'
 void SET_GPIO(USART_REG *USARTx){
      ^~~~~~~~
../STM32F103C6_DRIVERS/USART_Driver.c:84:2: note: previous implicit declaration of 'SET_GPIO' was here
  SET_GPIO(USARTx);
  ^~~~~~~~
"make -j16 all" terminated with exit code 2. Build might be incomplete.
05:13:52 **** Clean-only build of configuration Debug for project slave ****
make -j16 clean 
rm -rf *
 
05:13:52 **** Incremental Build of configuration Debug for project slave ****
make -j16 all 
arm-none-eabi-gcc -gdwarf-2 -mcpu=cortex-m3 -g3 -c -x assembler-with-cpp -MMD -MP -MF"Startup/startup_stm32f103c6tx.d" -MT"Startup/startup_stm32f103c6tx.o" --specs=nano.specs -mfloat-abi=soft -mthumb -o "Startup/startup_stm32f103c6tx.o" "../Startup/startup_stm32f103c6tx.s"
arm-none-eabi-gcc -gdwarf-2 "../Src/syscalls.c" -mcpu=cortex-m3 -std=gnu11 -g3 -DSTM32 -DSTM32F1 -DSTM32F103C6Tx -DDEBUG -c -I../Inc -I"C:/Users/Ahmed/Desktop/SPI_WORK/master/STM32F103C6_DRIVERS/Inc" -O0 -ffunction-sections -fdata-sections -Wall -fstack-usage -MMD -MP -MF"Src/syscalls.d" -MT"Src/syscalls.o" --specs=nano.specs -mfloat-abi=soft -mthumb -o "Src/syscalls.o"
arm-none-eabi-gcc -gdwarf-2 "../Src/sysmem.c" -mcpu=cortex-m3 -std=gnu11 -g3 -DSTM32 -DSTM32F1 -DSTM32F103C6Tx -DDEBUG -c -I../Inc -I"C:/Users/Ahmed/Desktop/SPI_WORK/master/STM32F103C6_DRIVERS/Inc" -O0 -ffunction-sections -fdata-sections -Wall -fstack-usage -MMD -MP -MF"Src/sysmem.d" -MT"Src/sysmem.o" --specs=nano.specs -mfloat-abi=soft -mthumb -o "Src/sysmem.o"
arm-none-eabi-gcc -gdwarf-2 "../STM32F103C6_DRIVERS/EXTI_Driver.c" -mcpu=cortex-m3 -std=gnu11 -g3 -DSTM32 -DSTM32F1 -DSTM32F103C6Tx -DDEBUG -c -I../Inc -I"C:/Users/Ahmed/Desktop/SPI_WORK/master/STM32F103C6_DRIVERS/Inc" -O0 -ffunction-sections -fdata-sections -Wall -fstack-usage -MMD -MP -MF"STM32F103C6_DRIVERS/EXTI_Driver.d" -MT"STM32F103C6_DRIVERS/EXTI_Driver.o" --specs=nano.specs -mfloat-abi=soft -mthumb -o "STM32F103C6_DRIVERS/EXTI_Driver.o"
arm-none-eabi-gcc -gdwarf-2 "../STM32F103C6_DRIVERS/GPIO_Driver.c" -mcpu=cortex-m3 -std=gnu11 -g3 -DSTM32 -DSTM32F1 -DSTM32F103C6Tx -DDEBUG -c -I../Inc -I"C:/Users/Ahmed/Desktop/SPI_WORK/master/STM32F103C6_DRIVERS/Inc" -O0 -ffunction-sections -fdata-sections -Wall -fstack-usage -MMD -MP -MF"STM32F103C6_DRIVERS/GPIO_Driver.d" -MT"STM32F103C6_DRIVERS/GPIO_Driver.o" --specs=nano.specs -mfloat-abi=soft -mthumb -o "STM32F103C6_DRIVERS/GPIO_Driver.o"
arm-none-eabi-gcc -gdwarf-2 "../STM32F103C6_DRIVERS/RCC.c" -mcpu=cortex-m3 -std=gnu11 -g3 -DSTM32 -DSTM32F1 -DSTM32F103C6Tx -DDEBUG -c -I../Inc -I"C:/Users/Ahmed/Desktop/SPI_WORK/master/STM32F103C6_DRIVERS/Inc" -O0 -ffunction-sections -fdata-sections -Wall -fstack-usage -MMD -MP -MF"STM32F103C6_DRIVERS/RCC.d" -MT"STM32F103C6_DRIVERS/RCC.o" --specs=nano.specs -mfloat-abi=soft -mthumb -o "STM32F103C6_DRIVERS/RCC.o"
arm-none-eabi-gcc -gdwarf-2 "../STM32F103C6_DRIVERS/SPI.c" -mcpu=cortex-m3 -std=gnu11 -g3 -DSTM32 -DSTM32F1 -DSTM32F103C6Tx -DDEBUG -c -I../Inc -I"C:/Users/Ahmed/Desktop/SPI_WORK/master/STM32F103C6_DRIVERS/Inc" -O0 -ffunction-sections -fdata-sections -Wall -fstack-usage -MMD -MP -MF"STM32F103C6_DRIVERS/SPI.d" -MT"STM32F103C6_DRIVERS/SPI.o" --specs=nano.specs -mfloat-abi=soft -mthumb -o "STM32F103C6_DRIVERS/SPI.o"
arm-none-eabi-gcc -gdwarf-2 "../STM32F103C6_DRIVERS/USART_Driver.c" -mcpu=cortex-m3 -std=gnu11 -g3 -DSTM32 -DSTM32F1 -DSTM32F103C6Tx -DDEBUG -c -I../Inc -I"C:/Users/Ahmed/Desktop/SPI_WORK/master/STM32F103C6_DRIVERS/Inc" -O0 -ffunction-sections -fdata-sections -Wall -fstack-usage -MMD -MP -MF"STM32F103C6_DRIVERS/USART_Driver.d" -MT"STM32F103C6_DRIVERS/USART_Driver.o" --specs=nano.specs -mfloat-abi=soft -mthumb -o "STM32F103C6_DRIVERS/USART_Driver.o"
../STM32F103C6_DRIVERS/RCC.c: In function 'MCAL_GET_SYS_CLCK':
../STM32F103C6_DRIVERS/RCC.c:25:1: warning: control reaches end of non-void function [-Wreturn-type]
 }
 ^
../STM32F103C6_DRIVERS/SPI.c: In function 'MCAL_SPI_init':
../STM32F103C6_DRIVERS/SPI.c:54:3: warning: implicit declaration of function 'MCAL_SET_GPIO'; did you mean 'MCAL_SPI_init'? [-Wimplicit-function-declaration]
   MCAL_SET_GPIO(SPIx);
   ^~~~~~~~~~~~~
   MCAL_SPI_init
../STM32F103C6_DRIVERS/SPI.c: At top level:
../STM32F103C6_DRIVERS/SPI.c:95:6: warning: conflicting types for 'MCAL_SET_GPIO'
 void MCAL_SET_GPIO(SPI_Reg *SPIx){
      ^~~~~~~~~~~~~
../STM32F103C6_DRIVERS/SPI.c:54:3: note: previous implicit declaration of 'MCAL_SET_GPIO' was here
   MCAL_SET_GPIO(SPIx);
   ^~~~~~~~~~~~~
../STM32F103C6_DRIVERS/USART_Driver.c: In function 'MCAL_USART_init':
../STM32F103C6_DRIVERS/USART_Driver.c:84:2: warning: implicit declaration of function 'SET_GPIO' [-Wimplicit-function-declaration]
  SET_GPIO(USARTx);
  ^~~~~~~~
../STM32F103C6_DRIVERS/USART_Driver.c: At top level:
../STM32F103C6_DRIVERS/USART_Driver.c:160:6: warning: conflicting types for 'SET_GPIO'
 void SET_GPIO(USART_REG *USARTx){
      ^~~~~~~~
../STM32F103C6_DRIVERS/USART_Driver.c:84:2: note: previous implicit declaration of 'SET_GPIO' was here
  SET_GPIO(USARTx);
  ^~~~~~~~
arm-none-eabi-gcc -gdwarf-2 -o "master.elf" @"objects.list"   -mcpu=cortex-m3 -T"C:\Users\Ahmed\Desktop\SPI_WORK\master\STM32F103C6TX_FLASH.ld" --specs=nosys.specs -Wl,-Map="master.map" -Wl,--gc-sections -static --specs=nano.specs -mfloat-abi=soft -mthumb -Wl,--start-group -lc -lm -Wl,--end-group
Startup/startup_stm32f103c6tx.o: In function `LoopFillZerobss':
C:/Users/Ahmed/Desktop/SPI_WORK/slave/Debug/../Startup/startup_stm32f103c6tx.s:98: undefined reference to `main'
collect2.exe: error: ld returned 1 exit status
make: *** [makefile:50: master.elf] Error 1
"make -j16 all" terminated with exit code 2. Build might be incomplete.
05:14:23 **** Clean-only build of configuration Debug for project master ****
make -j16 clean 
rm -rf *
 
05:14:24 **** Incremental Build of configuration Debug for project master ****
make -j16 all 
arm-none-eabi-gcc -gdwarf-2 -mcpu=cortex-m3 -g3 -c -x assembler-with-cpp -MMD -MP -MF"Startup/startup_stm32f103c6tx.d" -MT"Startup/startup_stm32f103c6tx.o" --specs=nano.specs -mfloat-abi=soft -mthumb -o "Startup/startup_stm32f103c6tx.o" "../Startup/startup_stm32f103c6tx.s"
arm-none-eabi-gcc -gdwarf-2 "../Src/main.c" -mcpu=cortex-m3 -std=gnu11 -g3 -DSTM32 -DSTM32F1 -DSTM32F103C6Tx -DDEBUG -c -I../Inc -I"C:/Users/Ahmed/Desktop/SPI_WORK/master/STM32F103C6_DRIVERS/Inc" -O0 -ffunction-sections -fdata-sections -Wall -fstack-usage -MMD -MP -MF"Src/main.d" -MT"Src/main.o" --specs=nano.specs -mfloat-abi=soft -mthumb -o "Src/main.o"
arm-none-eabi-gcc -gdwarf-2 "../Src/syscalls.c" -mcpu=cortex-m3 -std=gnu11 -g3 -DSTM32 -DSTM32F1 -DSTM32F103C6Tx -DDEBUG -c -I../Inc -I"C:/Users/Ahmed/Desktop/SPI_WORK/master/STM32F103C6_DRIVERS/Inc" -O0 -ffunction-sections -fdata-sections -Wall -fstack-usage -MMD -MP -MF"Src/syscalls.d" -MT"Src/syscalls.o" --specs=nano.specs -mfloat-abi=soft -mthumb -o "Src/syscalls.o"
arm-none-eabi-gcc -gdwarf-2 "../Src/sysmem.c" -mcpu=cortex-m3 -std=gnu11 -g3 -DSTM32 -DSTM32F1 -DSTM32F103C6Tx -DDEBUG -c -I../Inc -I"C:/Users/Ahmed/Desktop/SPI_WORK/master/STM32F103C6_DRIVERS/Inc" -O0 -ffunction-sections -fdata-sections -Wall -fstack-usage -MMD -MP -MF"Src/sysmem.d" -MT"Src/sysmem.o" --specs=nano.specs -mfloat-abi=soft -mthumb -o "Src/sysmem.o"
arm-none-eabi-gcc -gdwarf-2 "../STM32F103C6_DRIVERS/EXTI_Driver.c" -mcpu=cortex-m3 -std=gnu11 -g3 -DSTM32 -DSTM32F1 -DSTM32F103C6Tx -DDEBUG -c -I../Inc -I"C:/Users/Ahmed/Desktop/SPI_WORK/master/STM32F103C6_DRIVERS/Inc" -O0 -ffunction-sections -fdata-sections -Wall -fstack-usage -MMD -MP -MF"STM32F103C6_DRIVERS/EXTI_Driver.d" -MT"STM32F103C6_DRIVERS/EXTI_Driver.o" --specs=nano.specs -mfloat-abi=soft -mthumb -o "STM32F103C6_DRIVERS/EXTI_Driver.o"
arm-none-eabi-gcc -gdwarf-2 "../STM32F103C6_DRIVERS/GPIO_Driver.c" -mcpu=cortex-m3 -std=gnu11 -g3 -DSTM32 -DSTM32F1 -DSTM32F103C6Tx -DDEBUG -c -I../Inc -I"C:/Users/Ahmed/Desktop/SPI_WORK/master/STM32F103C6_DRIVERS/Inc" -O0 -ffunction-sections -fdata-sections -Wall -fstack-usage -MMD -MP -MF"STM32F103C6_DRIVERS/GPIO_Driver.d" -MT"STM32F103C6_DRIVERS/GPIO_Driver.o" --specs=nano.specs -mfloat-abi=soft -mthumb -o "STM32F103C6_DRIVERS/GPIO_Driver.o"
arm-none-eabi-gcc -gdwarf-2 "../STM32F103C6_DRIVERS/RCC.c" -mcpu=cortex-m3 -std=gnu11 -g3 -DSTM32 -DSTM32F1 -DSTM32F103C6Tx -DDEBUG -c -I../Inc -I"C:/Users/Ahmed/Desktop/SPI_WORK/master/STM32F103C6_DRIVERS/Inc" -O0 -ffunction-sections -fdata-sections -Wall -fstack-usage -MMD -MP -MF"STM32F103C6_DRIVERS/RCC.d" -MT"STM32F103C6_DRIVERS/RCC.o" --specs=nano.specs -mfloat-abi=soft -mthumb -o "STM32F103C6_DRIVERS/RCC.o"
arm-none-eabi-gcc -gdwarf-2 "../STM32F103C6_DRIVERS/SPI.c" -mcpu=cortex-m3 -std=gnu11 -g3 -DSTM32 -DSTM32F1 -DSTM32F103C6Tx -DDEBUG -c -I../Inc -I"C:/Users/Ahmed/Desktop/SPI_WORK/master/STM32F103C6_DRIVERS/Inc" -O0 -ffunction-sections -fdata-sections -Wall -fstack-usage -MMD -MP -MF"STM32F103C6_DRIVERS/SPI.d" -MT"STM32F103C6_DRIVERS/SPI.o" --specs=nano.specs -mfloat-abi=soft -mthumb -o "STM32F103C6_DRIVERS/SPI.o"
arm-none-eabi-gcc -gdwarf-2 "../STM32F103C6_DRIVERS/USART_Driver.c" -mcpu=cortex-m3 -std=gnu11 -g3 -DSTM32 -DSTM32F1 -DSTM32F103C6Tx -DDEBUG -c -I../Inc -I"C:/Users/Ahmed/Desktop/SPI_WORK/master/STM32F103C6_DRIVERS/Inc" -O0 -ffunction-sections -fdata-sections -Wall -fstack-usage -MMD -MP -MF"STM32F103C6_DRIVERS/USART_Driver.d" -MT"STM32F103C6_DRIVERS/USART_Driver.o" --specs=nano.specs -mfloat-abi=soft -mthumb -o "STM32F103C6_DRIVERS/USART_Driver.o"
../STM32F103C6_DRIVERS/RCC.c: In function 'MCAL_GET_SYS_CLCK':
../STM32F103C6_DRIVERS/RCC.c:25:1: warning: control reaches end of non-void function [-Wreturn-type]
 }
 ^
../STM32F103C6_DRIVERS/SPI.c: In function 'MCAL_SPI_init':
../STM32F103C6_DRIVERS/SPI.c:54:3: warning: implicit declaration of function 'MCAL_SET_GPIO'; did you mean 'MCAL_SPI_init'? [-Wimplicit-function-declaration]
   MCAL_SET_GPIO(SPIx);
   ^~~~~~~~~~~~~
   MCAL_SPI_init
../STM32F103C6_DRIVERS/SPI.c: At top level:
../STM32F103C6_DRIVERS/SPI.c:95:6: warning: conflicting types for 'MCAL_SET_GPIO'
 void MCAL_SET_GPIO(SPI_Reg *SPIx){
      ^~~~~~~~~~~~~
../STM32F103C6_DRIVERS/SPI.c:54:3: note: previous implicit declaration of 'MCAL_SET_GPIO' was here
   MCAL_SET_GPIO(SPIx);
   ^~~~~~~~~~~~~
../STM32F103C6_DRIVERS/USART_Driver.c: In function 'MCAL_USART_init':
../STM32F103C6_DRIVERS/USART_Driver.c:84:2: warning: implicit declaration of function 'SET_GPIO' [-Wimplicit-function-declaration]
  SET_GPIO(USARTx);
  ^~~~~~~~
../STM32F103C6_DRIVERS/USART_Driver.c: At top level:
../STM32F103C6_DRIVERS/USART_Driver.c:160:6: warning: conflicting types for 'SET_GPIO'
 void SET_GPIO(USART_REG *USARTx){
      ^~~~~~~~
../STM32F103C6_DRIVERS/USART_Driver.c:84:2: note: previous implicit declaration of 'SET_GPIO' was here
  SET_GPIO(USARTx);
  ^~~~~~~~
arm-none-eabi-gcc -gdwarf-2 -o "master.elf" @"objects.list"   -mcpu=cortex-m3 -T"C:\Users\Ahmed\Desktop\SPI_WORK\master\STM32F103C6TX_FLASH.ld" --specs=nosys.specs -Wl,-Map="master.map" -Wl,--gc-sections -static --specs=nano.specs -mfloat-abi=soft -mthumb -Wl,--start-group -lc -lm -Wl,--end-group
Finished building target: master.elf
 
arm-none-eabi-size   master.elf 
arm-none-eabi-objdump -h -S  master.elf  > "master.list"
arm-none-eabi-objcopy  -O binary  master.elf  "master.bin"
   text	   data	    bss	    dec	    hex	filename
   4440	     28	   1644	   6112	   17e0	master.elf
Finished building: default.size.stdout
 
Finished building: master.bin
 
Finished building: master.list
 
05:14:24 **** Clean-only build of configuration Debug for project slave ****
make -j16 clean 
rm -rf *
 
05:14:25 **** Incremental Build of configuration Debug for project slave ****
make -j16 all 
arm-none-eabi-gcc -gdwarf-2 -mcpu=cortex-m3 -g3 -c -x assembler-with-cpp -MMD -MP -MF"Startup/startup_stm32f103c6tx.d" -MT"Startup/startup_stm32f103c6tx.o" --specs=nano.specs -mfloat-abi=soft -mthumb -o "Startup/startup_stm32f103c6tx.o" "../Startup/startup_stm32f103c6tx.s"
arm-none-eabi-gcc -gdwarf-2 "../Src/main.c" -mcpu=cortex-m3 -std=gnu11 -g3 -DSTM32 -DSTM32F1 -DSTM32F103C6Tx -DDEBUG -c -I../Inc -I"C:/Users/Ahmed/Desktop/SPI_WORK/master/STM32F103C6_DRIVERS/Inc" -O0 -ffunction-sections -fdata-sections -Wall -fstack-usage -MMD -MP -MF"Src/main.d" -MT"Src/main.o" --specs=nano.specs -mfloat-abi=soft -mthumb -o "Src/main.o"
arm-none-eabi-gcc -gdwarf-2 "../Src/syscalls.c" -mcpu=cortex-m3 -std=gnu11 -g3 -DSTM32 -DSTM32F1 -DSTM32F103C6Tx -DDEBUG -c -I../Inc -I"C:/Users/Ahmed/Desktop/SPI_WORK/master/STM32F103C6_DRIVERS/Inc" -O0 -ffunction-sections -fdata-sections -Wall -fstack-usage -MMD -MP -MF"Src/syscalls.d" -MT"Src/syscalls.o" --specs=nano.specs -mfloat-abi=soft -mthumb -o "Src/syscalls.o"
arm-none-eabi-gcc -gdwarf-2 "../Src/sysmem.c" -mcpu=cortex-m3 -std=gnu11 -g3 -DSTM32 -DSTM32F1 -DSTM32F103C6Tx -DDEBUG -c -I../Inc -I"C:/Users/Ahmed/Desktop/SPI_WORK/master/STM32F103C6_DRIVERS/Inc" -O0 -ffunction-sections -fdata-sections -Wall -fstack-usage -MMD -MP -MF"Src/sysmem.d" -MT"Src/sysmem.o" --specs=nano.specs -mfloat-abi=soft -mthumb -o "Src/sysmem.o"
arm-none-eabi-gcc -gdwarf-2 "../STM32F103C6_DRIVERS/EXTI_Driver.c" -mcpu=cortex-m3 -std=gnu11 -g3 -DSTM32 -DSTM32F1 -DSTM32F103C6Tx -DDEBUG -c -I../Inc -I"C:/Users/Ahmed/Desktop/SPI_WORK/master/STM32F103C6_DRIVERS/Inc" -O0 -ffunction-sections -fdata-sections -Wall -fstack-usage -MMD -MP -MF"STM32F103C6_DRIVERS/EXTI_Driver.d" -MT"STM32F103C6_DRIVERS/EXTI_Driver.o" --specs=nano.specs -mfloat-abi=soft -mthumb -o "STM32F103C6_DRIVERS/EXTI_Driver.o"
arm-none-eabi-gcc -gdwarf-2 "../STM32F103C6_DRIVERS/GPIO_Driver.c" -mcpu=cortex-m3 -std=gnu11 -g3 -DSTM32 -DSTM32F1 -DSTM32F103C6Tx -DDEBUG -c -I../Inc -I"C:/Users/Ahmed/Desktop/SPI_WORK/master/STM32F103C6_DRIVERS/Inc" -O0 -ffunction-sections -fdata-sections -Wall -fstack-usage -MMD -MP -MF"STM32F103C6_DRIVERS/GPIO_Driver.d" -MT"STM32F103C6_DRIVERS/GPIO_Driver.o" --specs=nano.specs -mfloat-abi=soft -mthumb -o "STM32F103C6_DRIVERS/GPIO_Driver.o"
arm-none-eabi-gcc -gdwarf-2 "../STM32F103C6_DRIVERS/RCC.c" -mcpu=cortex-m3 -std=gnu11 -g3 -DSTM32 -DSTM32F1 -DSTM32F103C6Tx -DDEBUG -c -I../Inc -I"C:/Users/Ahmed/Desktop/SPI_WORK/master/STM32F103C6_DRIVERS/Inc" -O0 -ffunction-sections -fdata-sections -Wall -fstack-usage -MMD -MP -MF"STM32F103C6_DRIVERS/RCC.d" -MT"STM32F103C6_DRIVERS/RCC.o" --specs=nano.specs -mfloat-abi=soft -mthumb -o "STM32F103C6_DRIVERS/RCC.o"
arm-none-eabi-gcc -gdwarf-2 "../STM32F103C6_DRIVERS/SPI.c" -mcpu=cortex-m3 -std=gnu11 -g3 -DSTM32 -DSTM32F1 -DSTM32F103C6Tx -DDEBUG -c -I../Inc -I"C:/Users/Ahmed/Desktop/SPI_WORK/master/STM32F103C6_DRIVERS/Inc" -O0 -ffunction-sections -fdata-sections -Wall -fstack-usage -MMD -MP -MF"STM32F103C6_DRIVERS/SPI.d" -MT"STM32F103C6_DRIVERS/SPI.o" --specs=nano.specs -mfloat-abi=soft -mthumb -o "STM32F103C6_DRIVERS/SPI.o"
arm-none-eabi-gcc -gdwarf-2 "../STM32F103C6_DRIVERS/USART_Driver.c" -mcpu=cortex-m3 -std=gnu11 -g3 -DSTM32 -DSTM32F1 -DSTM32F103C6Tx -DDEBUG -c -I../Inc -I"C:/Users/Ahmed/Desktop/SPI_WORK/master/STM32F103C6_DRIVERS/Inc" -O0 -ffunction-sections -fdata-sections -Wall -fstack-usage -MMD -MP -MF"STM32F103C6_DRIVERS/USART_Driver.d" -MT"STM32F103C6_DRIVERS/USART_Driver.o" --specs=nano.specs -mfloat-abi=soft -mthumb -o "STM32F103C6_DRIVERS/USART_Driver.o"
../STM32F103C6_DRIVERS/RCC.c: In function 'MCAL_GET_SYS_CLCK':
../STM32F103C6_DRIVERS/RCC.c:25:1: warning: control reaches end of non-void function [-Wreturn-type]
 }
 ^
../STM32F103C6_DRIVERS/SPI.c: In function 'MCAL_SPI_init':
../STM32F103C6_DRIVERS/SPI.c:54:3: warning: implicit declaration of function 'MCAL_SET_GPIO'; did you mean 'MCAL_SPI_init'? [-Wimplicit-function-declaration]
   MCAL_SET_GPIO(SPIx);
   ^~~~~~~~~~~~~
   MCAL_SPI_init
../STM32F103C6_DRIVERS/SPI.c: At top level:
../STM32F103C6_DRIVERS/SPI.c:95:6: warning: conflicting types for 'MCAL_SET_GPIO'
 void MCAL_SET_GPIO(SPI_Reg *SPIx){
      ^~~~~~~~~~~~~
../STM32F103C6_DRIVERS/SPI.c:54:3: note: previous implicit declaration of 'MCAL_SET_GPIO' was here
   MCAL_SET_GPIO(SPIx);
   ^~~~~~~~~~~~~
../STM32F103C6_DRIVERS/USART_Driver.c: In function 'MCAL_USART_init':
../STM32F103C6_DRIVERS/USART_Driver.c:84:2: warning: implicit declaration of function 'SET_GPIO' [-Wimplicit-function-declaration]
  SET_GPIO(USARTx);
  ^~~~~~~~
../STM32F103C6_DRIVERS/USART_Driver.c: At top level:
../STM32F103C6_DRIVERS/USART_Driver.c:160:6: warning: conflicting types for 'SET_GPIO'
 void SET_GPIO(USART_REG *USARTx){
      ^~~~~~~~
../STM32F103C6_DRIVERS/USART_Driver.c:84:2: note: previous implicit declaration of 'SET_GPIO' was here
  SET_GPIO(USARTx);
  ^~~~~~~~
arm-none-eabi-gcc -gdwarf-2 -o "master.elf" @"objects.list"   -mcpu=cortex-m3 -T"C:\Users\Ahmed\Desktop\SPI_WORK\master\STM32F103C6TX_FLASH.ld" --specs=nosys.specs -Wl,-Map="master.map" -Wl,--gc-sections -static --specs=nano.specs -mfloat-abi=soft -mthumb -Wl,--start-group -lc -lm -Wl,--end-group
Finished building target: master.elf
 
arm-none-eabi-size   master.elf 
arm-none-eabi-objdump -h -S  master.elf  > "master.list"
arm-none-eabi-objcopy  -O binary  master.elf  "master.bin"
   text	   data	    bss	    dec	    hex	filename
   4440	     28	   1644	   6112	   17e0	master.elf
Finished building: default.size.stdout
 
Finished building: master.bin
 
Finished building: master.list
 
05:14:47 **** Clean-only build of configuration Debug for project master ****
make -j16 clean 
rm -rf *
 
05:14:47 **** Incremental Build of configuration Debug for project master ****
make -j16 all 
arm-none-eabi-gcc -gdwarf-2 -mcpu=cortex-m3 -g3 -c -x assembler-with-cpp -MMD -MP -MF"Startup/startup_stm32f103c6tx.d" -MT"Startup/startup_stm32f103c6tx.o" --specs=nano.specs -mfloat-abi=soft -mthumb -o "Startup/startup_stm32f103c6tx.o" "../Startup/startup_stm32f103c6tx.s"
arm-none-eabi-gcc -gdwarf-2 "../Src/main.c" -mcpu=cortex-m3 -std=gnu11 -g3 -DSTM32 -DSTM32F1 -DSTM32F103C6Tx -DDEBUG -c -I../Inc -I"C:/Users/Ahmed/Desktop/SPI_WORK/master/STM32F103C6_DRIVERS/Inc" -O0 -ffunction-sections -fdata-sections -Wall -fstack-usage -MMD -MP -MF"Src/main.d" -MT"Src/main.o" --specs=nano.specs -mfloat-abi=soft -mthumb -o "Src/main.o"
arm-none-eabi-gcc -gdwarf-2 "../Src/syscalls.c" -mcpu=cortex-m3 -std=gnu11 -g3 -DSTM32 -DSTM32F1 -DSTM32F103C6Tx -DDEBUG -c -I../Inc -I"C:/Users/Ahmed/Desktop/SPI_WORK/master/STM32F103C6_DRIVERS/Inc" -O0 -ffunction-sections -fdata-sections -Wall -fstack-usage -MMD -MP -MF"Src/syscalls.d" -MT"Src/syscalls.o" --specs=nano.specs -mfloat-abi=soft -mthumb -o "Src/syscalls.o"
arm-none-eabi-gcc -gdwarf-2 "../Src/sysmem.c" -mcpu=cortex-m3 -std=gnu11 -g3 -DSTM32 -DSTM32F1 -DSTM32F103C6Tx -DDEBUG -c -I../Inc -I"C:/Users/Ahmed/Desktop/SPI_WORK/master/STM32F103C6_DRIVERS/Inc" -O0 -ffunction-sections -fdata-sections -Wall -fstack-usage -MMD -MP -MF"Src/sysmem.d" -MT"Src/sysmem.o" --specs=nano.specs -mfloat-abi=soft -mthumb -o "Src/sysmem.o"
arm-none-eabi-gcc -gdwarf-2 "../STM32F103C6_DRIVERS/EXTI_Driver.c" -mcpu=cortex-m3 -std=gnu11 -g3 -DSTM32 -DSTM32F1 -DSTM32F103C6Tx -DDEBUG -c -I../Inc -I"C:/Users/Ahmed/Desktop/SPI_WORK/master/STM32F103C6_DRIVERS/Inc" -O0 -ffunction-sections -fdata-sections -Wall -fstack-usage -MMD -MP -MF"STM32F103C6_DRIVERS/EXTI_Driver.d" -MT"STM32F103C6_DRIVERS/EXTI_Driver.o" --specs=nano.specs -mfloat-abi=soft -mthumb -o "STM32F103C6_DRIVERS/EXTI_Driver.o"
arm-none-eabi-gcc -gdwarf-2 "../STM32F103C6_DRIVERS/GPIO_Driver.c" -mcpu=cortex-m3 -std=gnu11 -g3 -DSTM32 -DSTM32F1 -DSTM32F103C6Tx -DDEBUG -c -I../Inc -I"C:/Users/Ahmed/Desktop/SPI_WORK/master/STM32F103C6_DRIVERS/Inc" -O0 -ffunction-sections -fdata-sections -Wall -fstack-usage -MMD -MP -MF"STM32F103C6_DRIVERS/GPIO_Driver.d" -MT"STM32F103C6_DRIVERS/GPIO_Driver.o" --specs=nano.specs -mfloat-abi=soft -mthumb -o "STM32F103C6_DRIVERS/GPIO_Driver.o"
arm-none-eabi-gcc -gdwarf-2 "../STM32F103C6_DRIVERS/RCC.c" -mcpu=cortex-m3 -std=gnu11 -g3 -DSTM32 -DSTM32F1 -DSTM32F103C6Tx -DDEBUG -c -I../Inc -I"C:/Users/Ahmed/Desktop/SPI_WORK/master/STM32F103C6_DRIVERS/Inc" -O0 -ffunction-sections -fdata-sections -Wall -fstack-usage -MMD -MP -MF"STM32F103C6_DRIVERS/RCC.d" -MT"STM32F103C6_DRIVERS/RCC.o" --specs=nano.specs -mfloat-abi=soft -mthumb -o "STM32F103C6_DRIVERS/RCC.o"
arm-none-eabi-gcc -gdwarf-2 "../STM32F103C6_DRIVERS/SPI.c" -mcpu=cortex-m3 -std=gnu11 -g3 -DSTM32 -DSTM32F1 -DSTM32F103C6Tx -DDEBUG -c -I../Inc -I"C:/Users/Ahmed/Desktop/SPI_WORK/master/STM32F103C6_DRIVERS/Inc" -O0 -ffunction-sections -fdata-sections -Wall -fstack-usage -MMD -MP -MF"STM32F103C6_DRIVERS/SPI.d" -MT"STM32F103C6_DRIVERS/SPI.o" --specs=nano.specs -mfloat-abi=soft -mthumb -o "STM32F103C6_DRIVERS/SPI.o"
arm-none-eabi-gcc -gdwarf-2 "../STM32F103C6_DRIVERS/USART_Driver.c" -mcpu=cortex-m3 -std=gnu11 -g3 -DSTM32 -DSTM32F1 -DSTM32F103C6Tx -DDEBUG -c -I../Inc -I"C:/Users/Ahmed/Desktop/SPI_WORK/master/STM32F103C6_DRIVERS/Inc" -O0 -ffunction-sections -fdata-sections -Wall -fstack-usage -MMD -MP -MF"STM32F103C6_DRIVERS/USART_Driver.d" -MT"STM32F103C6_DRIVERS/USART_Driver.o" --specs=nano.specs -mfloat-abi=soft -mthumb -o "STM32F103C6_DRIVERS/USART_Driver.o"
../STM32F103C6_DRIVERS/RCC.c: In function 'MCAL_GET_SYS_CLCK':
../STM32F103C6_DRIVERS/RCC.c:25:1: warning: control reaches end of non-void function [-Wreturn-type]
 }
 ^
../STM32F103C6_DRIVERS/SPI.c: In function 'MCAL_SPI_init':
../STM32F103C6_DRIVERS/SPI.c:54:3: warning: implicit declaration of function 'MCAL_SET_GPIO'; did you mean 'MCAL_SPI_init'? [-Wimplicit-function-declaration]
   MCAL_SET_GPIO(SPIx);
   ^~~~~~~~~~~~~
   MCAL_SPI_init
../STM32F103C6_DRIVERS/SPI.c: At top level:
../STM32F103C6_DRIVERS/SPI.c:95:6: warning: conflicting types for 'MCAL_SET_GPIO'
 void MCAL_SET_GPIO(SPI_Reg *SPIx){
      ^~~~~~~~~~~~~
../STM32F103C6_DRIVERS/SPI.c:54:3: note: previous implicit declaration of 'MCAL_SET_GPIO' was here
   MCAL_SET_GPIO(SPIx);
   ^~~~~~~~~~~~~
../STM32F103C6_DRIVERS/USART_Driver.c: In function 'MCAL_USART_init':
../STM32F103C6_DRIVERS/USART_Driver.c:84:2: warning: implicit declaration of function 'SET_GPIO' [-Wimplicit-function-declaration]
  SET_GPIO(USARTx);
  ^~~~~~~~
../STM32F103C6_DRIVERS/USART_Driver.c: At top level:
../STM32F103C6_DRIVERS/USART_Driver.c:160:6: warning: conflicting types for 'SET_GPIO'
 void SET_GPIO(USART_REG *USARTx){
      ^~~~~~~~
../STM32F103C6_DRIVERS/USART_Driver.c:84:2: note: previous implicit declaration of 'SET_GPIO' was here
  SET_GPIO(USARTx);
  ^~~~~~~~
arm-none-eabi-gcc -gdwarf-2 -o "master.elf" @"objects.list"   -mcpu=cortex-m3 -T"C:\Users\Ahmed\Desktop\SPI_WORK\master\STM32F103C6TX_FLASH.ld" --specs=nosys.specs -Wl,-Map="master.map" -Wl,--gc-sections -static --specs=nano.specs -mfloat-abi=soft -mthumb -Wl,--start-group -lc -lm -Wl,--end-group
Finished building target: master.elf
 
arm-none-eabi-size   master.elf 
arm-none-eabi-objdump -h -S  master.elf  > "master.list"
arm-none-eabi-objcopy  -O binary  master.elf  "master.bin"
   text	   data	    bss	    dec	    hex	filename
   4440	     28	   1644	   6112	   17e0	master.elf
Finished building: default.size.stdout
 
Finished building: master.bin
 
Finished building: master.list
 
05:14:48 **** Clean-only build of configuration Debug for project slave ****
make -j16 clean 
rm -rf *
 
05:14:48 **** Incremental Build of configuration Debug for project slave ****
make -j16 all 
arm-none-eabi-gcc -gdwarf-2 -mcpu=cortex-m3 -g3 -c -x assembler-with-cpp -MMD -MP -MF"Startup/startup_stm32f103c6tx.d" -MT"Startup/startup_stm32f103c6tx.o" --specs=nano.specs -mfloat-abi=soft -mthumb -o "Startup/startup_stm32f103c6tx.o" "../Startup/startup_stm32f103c6tx.s"
[...]
make -j16 clean 
rm -rf *
 
07:37:09 **** Incremental Build of configuration Debug for project slave ****
make -j16 all 
arm-none-eabi-gcc -gdwarf-2 -mcpu=cortex-m3 -g3 -c -x assembler-with-cpp -MMD -MP -MF"Startup/startup_stm32f103c6tx.d" -MT"Startup/startup_stm32f103c6tx.o" --specs=nano.specs -mfloat-abi=soft -mthumb -o "Startup/startup_stm32f103c6tx.o" "../Startup/startup_stm32f103c6tx.s"
arm-none-eabi-gcc -gdwarf-2 "../Src/main.c" -mcpu=cortex-m3 -std=gnu11 -g3 -DSTM32 -DSTM32F1 -DSTM32F103C6Tx -DDEBUG -c -I../Inc -I"C:/Users/Ahmed/Desktop/SPI_WORK/master/STM32F103C6_DRIVERS/Inc" -O0 -ffunction-sections -fdata-sections -Wall -fstack-usage -MMD -MP -MF"Src/main.d" -MT"Src/main.o" --specs=nano.specs -mfloat-abi=soft -mthumb -o "Src/main.o"
arm-none-eabi-gcc -gdwarf-2 "../Src/syscalls.c" -mcpu=cortex-m3 -std=gnu11 -g3 -DSTM32 -DSTM32F1 -DSTM32F103C6Tx -DDEBUG -c -I../Inc -I"C:/Users/Ahmed/Desktop/SPI_WORK/master/STM32F103C6_DRIVERS/Inc" -O0 -ffunction-sections -fdata-sections -Wall -fstack-usage -MMD -MP -MF"Src/syscalls.d" -MT"Src/syscalls.o" --specs=nano.specs -mfloat-abi=soft -mthumb -o "Src/syscalls.o"
arm-none-eabi-gcc -gdwarf-2 "../Src/sysmem.c" -mcpu=cortex-m3 -std=gnu11 -g3 -DSTM32 -DSTM32F1 -DSTM32F103C6Tx -DDEBUG -c -I../Inc -I"C:/Users/Ahmed/Desktop/SPI_WORK/master/STM32F103C6_DRIVERS/Inc" -O0 -ffunction-sections -fdata-sections -Wall -fstack-usage -MMD -MP -MF"Src/sysmem.d" -MT"Src/sysmem.o" --specs=nano.specs -mfloat-abi=soft -mthumb -o "Src/sysmem.o"
arm-none-eabi-gcc -gdwarf-2 "../STM32F103C6_DRIVERS/EXTI_Driver.c" -mcpu=cortex-m3 -std=gnu11 -g3 -DSTM32 -DSTM32F1 -DSTM32F103C6Tx -DDEBUG -c -I../Inc -I"C:/Users/Ahmed/Desktop/SPI_WORK/master/STM32F103C6_DRIVERS/Inc" -O0 -ffunction-sections -fdata-sections -Wall -fstack-usage -MMD -MP -MF"STM32F103C6_DRIVERS/EXTI_Driver.d" -MT"STM32F103C6_DRIVERS/EXTI_Driver.o" --specs=nano.specs -mfloat-abi=soft -mthumb -o "STM32F103C6_DRIVERS/EXTI_Driver.o"
arm-none-eabi-gcc -gdwarf-2 "../STM32F103C6_DRIVERS/GPIO_Driver.c" -mcpu=cortex-m3 -std=gnu11 -g3 -DSTM32 -DSTM32F1 -DSTM32F103C6Tx -DDEBUG -c -I../Inc -I"C:/Users/Ahmed/Desktop/SPI_WORK/master/STM32F103C6_DRIVERS/Inc" -O0 -ffunction-sections -fdata-sections -Wall -fstack-usage -MMD -MP -MF"STM32F103C6_DRIVERS/GPIO_Driver.d" -MT"STM32F103C6_DRIVERS/GPIO_Driver.o" --specs=nano.specs -mfloat-abi=soft -mthumb -o "STM32F103C6_DRIVERS/GPIO_Driver.o"
arm-none-eabi-gcc -gdwarf-2 "../STM32F103C6_DRIVERS/RCC.c" -mcpu=cortex-m3 -std=gnu11 -g3 -DSTM32 -DSTM32F1 -DSTM32F103C6Tx -DDEBUG -c -I../Inc -I"C:/Users/Ahmed/Desktop/SPI_WORK/master/STM32F103C6_DRIVERS/Inc" -O0 -ffunction-sections -fdata-sections -Wall -fstack-usage -MMD -MP -MF"STM32F103C6_DRIVERS/RCC.d" -MT"STM32F103C6_DRIVERS/RCC.o" --specs=nano.specs -mfloat-abi=soft -mthumb -o "STM32F103C6_DRIVERS/RCC.o"
arm-none-eabi-gcc -gdwarf-2 "../STM32F103C6_DRIVERS/SPI.c" -mcpu=cortex-m3 -std=gnu11 -g3 -DSTM32 -DSTM32F1 -DSTM32F103C6Tx -DDEBUG -c -I../Inc -I"C:/Users/Ahmed/Desktop/SPI_WORK/master/STM32F103C6_DRIVERS/Inc" -O0 -ffunction-sections -fdata-sections -Wall -fstack-usage -MMD -MP -MF"STM32F103C6_DRIVERS/SPI.d" -MT"STM32F103C6_DRIVERS/SPI.o" --specs=nano.specs -mfloat-abi=soft -mthumb -o "STM32F103C6_DRIVERS/SPI.o"
arm-none-eabi-gcc -gdwarf-2 "../STM32F103C6_DRIVERS/USART_Driver.c" -mcpu=cortex-m3 -std=gnu11 -g3 -DSTM32 -DSTM32F1 -DSTM32F103C6Tx -DDEBUG -c -I../Inc -I"C:/Users/Ahmed/Desktop/SPI_WORK/master/STM32F103C6_DRIVERS/Inc" -O0 -ffunction-sections -fdata-sections -Wall -fstack-usage -MMD -MP -MF"STM32F103C6_DRIVERS/USART_Driver.d" -MT"STM32F103C6_DRIVERS/USART_Driver.o" --specs=nano.specs -mfloat-abi=soft -mthumb -o "STM32F103C6_DRIVERS/USART_Driver.o"
../Src/main.c: In function 'RX_T':
../Src/main.c:28:27: warning: passing argument 2 of 'MCAL_SPI_ReciveData' from incompatible pointer type [-Wincompatible-pointer-types]
  MCAL_SPI_ReciveData(SPI1,(uint8_t *)&data);
                           ^
In file included from ../Src/main.c:23:0:
C:/Users/Ahmed/Desktop/SPI_WORK/master/STM32F103C6_DRIVERS/Inc/SPI.h:72:6: note: expected 'uint16_t * {aka short unsigned int *}' but argument is of type 'uint8_t * {aka unsigned char *}'
 void MCAL_SPI_ReciveData(SPI_Reg *SPIx,uint16_t *data);
      ^~~~~~~~~~~~~~~~~~~
../Src/main.c:29:26: warning: passing argument 2 of 'MCAL_SPI_SendData' from incompatible pointer type [-Wincompatible-pointer-types]
   MCAL_SPI_SendData(SPI1,(uint8_t *)&data);
                          ^
In file included from ../Src/main.c:23:0:
C:/Users/Ahmed/Desktop/SPI_WORK/master/STM32F103C6_DRIVERS/Inc/SPI.h:71:6: note: expected 'uint16_t * {aka short unsigned int *}' but argument is of type 'uint8_t * {aka unsigned char *}'
 void MCAL_SPI_SendData(SPI_Reg *SPIx,uint16_t *data);
      ^~~~~~~~~~~~~~~~~
../STM32F103C6_DRIVERS/RCC.c: In function 'MCAL_GET_SYS_CLCK':
../STM32F103C6_DRIVERS/RCC.c:25:1: warning: control reaches end of non-void function [-Wreturn-type]
 }
 ^
../STM32F103C6_DRIVERS/SPI.c: In function 'MCAL_SPI_init':
../STM32F103C6_DRIVERS/SPI.c:46:3: warning: implicit declaration of function 'MCAL_SET_GPIO'; did you mean 'MCAL_SPI_init'? [-Wimplicit-function-declaration]
   MCAL_SET_GPIO(SPIx);
   ^~~~~~~~~~~~~
   MCAL_SPI_init
../STM32F103C6_DRIVERS/USART_Driver.c: In function 'MCAL_USART_init':
../STM32F103C6_DRIVERS/USART_Driver.c:84:2: warning: implicit declaration of function 'SET_GPIO' [-Wimplicit-function-declaration]
  SET_GPIO(USARTx);
  ^~~~~~~~
../STM32F103C6_DRIVERS/SPI.c: At top level:
../STM32F103C6_DRIVERS/SPI.c:88:6: warning: conflicting types for 'MCAL_SET_GPIO'
 void MCAL_SET_GPIO(SPI_Reg *SPIx){
      ^~~~~~~~~~~~~
../STM32F103C6_DRIVERS/SPI.c:46:3: note: previous implicit declaration of 'MCAL_SET_GPIO' was here
   MCAL_SET_GPIO(SPIx);
   ^~~~~~~~~~~~~
../STM32F103C6_DRIVERS/USART_Driver.c: At top level:
../STM32F103C6_DRIVERS/USART_Driver.c:160:6: warning: conflicting types for 'SET_GPIO'
 void SET_GPIO(USART_REG *USARTx){
      ^~~~~~~~
../STM32F103C6_DRIVERS/USART_Driver.c:84:2: note: previous implicit declaration of 'SET_GPIO' was here
  SET_GPIO(USARTx);
  ^~~~~~~~
arm-none-eabi-gcc -gdwarf-2 -o "master.elf" @"objects.list"   -mcpu=cortex-m3 -T"C:\Users\Ahmed\Desktop\SPI_WORK\master\STM32F103C6TX_FLASH.ld" --specs=nosys.specs -Wl,-Map="master.map" -Wl,--gc-sections -static --specs=nano.specs -mfloat-abi=soft -mthumb -Wl,--start-group -lc -lm -Wl,--end-group
Finished building target: master.elf
 
arm-none-eabi-size   master.elf 
arm-none-eabi-objdump -h -S  master.elf  > "master.list"
arm-none-eabi-objcopy  -O binary  master.elf  "master.bin"
   text	   data	    bss	    dec	    hex	filename
   4168	     28	   1644	   5840	   16d0	master.elf
Finished building: default.size.stdout
 
Finished building: master.bin
 
Finished building: master.list
 
07:44:03 **** Clean-only build of configuration Debug for project master ****
make -j16 clean 
rm -rf *
 
07:44:03 **** Incremental Build of configuration Debug for project master ****
make -j16 all 
arm-none-eabi-gcc -gdwarf-2 -mcpu=cortex-m3 -g3 -c -x assembler-with-cpp -MMD -MP -MF"Startup/startup_stm32f103c6tx.d" -MT"Startup/startup_stm32f103c6tx.o" --specs=nano.specs -mfloat-abi=soft -mthumb -o "Startup/startup_stm32f103c6tx.o" "../Startup/startup_stm32f103c6tx.s"
arm-none-eabi-gcc -gdwarf-2 "../Src/main.c" -mcpu=cortex-m3 -std=gnu11 -g3 -DSTM32 -DSTM32F1 -DSTM32F103C6Tx -DDEBUG -c -I../Inc -I"C:/Users/Ahmed/Desktop/SPI_WORK/master/STM32F103C6_DRIVERS/Inc" -O0 -ffunction-sections -fdata-sections -Wall -fstack-usage -MMD -MP -MF"Src/main.d" -MT"Src/main.o" --specs=nano.specs -mfloat-abi=soft -mthumb -o "Src/main.o"
arm-none-eabi-gcc -gdwarf-2 "../Src/syscalls.c" -mcpu=cortex-m3 -std=gnu11 -g3 -DSTM32 -DSTM32F1 -DSTM32F103C6Tx -DDEBUG -c -I../Inc -I"C:/Users/Ahmed/Desktop/SPI_WORK/master/STM32F103C6_DRIVERS/Inc" -O0 -ffunction-sections -fdata-sections -Wall -fstack-usage -MMD -MP -MF"Src/syscalls.d" -MT"Src/syscalls.o" --specs=nano.specs -mfloat-abi=soft -mthumb -o "Src/syscalls.o"
arm-none-eabi-gcc -gdwarf-2 "../Src/sysmem.c" -mcpu=cortex-m3 -std=gnu11 -g3 -DSTM32 -DSTM32F1 -DSTM32F103C6Tx -DDEBUG -c -I../Inc -I"C:/Users/Ahmed/Desktop/SPI_WORK/master/STM32F103C6_DRIVERS/Inc" -O0 -ffunction-sections -fdata-sections -Wall -fstack-usage -MMD -MP -MF"Src/sysmem.d" -MT"Src/sysmem.o" --specs=nano.specs -mfloat-abi=soft -mthumb -o "Src/sysmem.o"
arm-none-eabi-gcc -gdwarf-2 "../STM32F103C6_DRIVERS/EXTI_Driver.c" -mcpu=cortex-m3 -std=gnu11 -g3 -DSTM32 -DSTM32F1 -DSTM32F103C6Tx -DDEBUG -c -I../Inc -I"C:/Users/Ahmed/Desktop/SPI_WORK/master/STM32F103C6_DRIVERS/Inc" -O0 -ffunction-sections -fdata-sections -Wall -fstack-usage -MMD -MP -MF"STM32F103C6_DRIVERS/EXTI_Driver.d" -MT"STM32F103C6_DRIVERS/EXTI_Driver.o" --specs=nano.specs -mfloat-abi=soft -mthumb -o "STM32F103C6_DRIVERS/EXTI_Driver.o"
arm-none-eabi-gcc -gdwarf-2 "../STM32F103C6_DRIVERS/GPIO_Driver.c" -mcpu=cortex-m3 -std=gnu11 -g3 -DSTM32 -DSTM32F1 -DSTM32F103C6Tx -DDEBUG -c -I../Inc -I"C:/Users/Ahmed/Desktop/SPI_WORK/master/STM32F103C6_DRIVERS/Inc" -O0 -ffunction-sections -fdata-sections -Wall -fstack-usage -MMD -MP -MF"STM32F103C6_DRIVERS/GPIO_Driver.d" -MT"STM32F103C6_DRIVERS/GPIO_Driver.o" --specs=nano.specs -mfloat-abi=soft -mthumb -o "STM32F103C6_DRIVERS/GPIO_Driver.o"
arm-none-eabi-gcc -gdwarf-2 "../STM32F103C6_DRIVERS/RCC.c" -mcpu=cortex-m3 -std=gnu11 -g3 -DSTM32 -DSTM32F1 -DSTM32F103C6Tx -DDEBUG -c -I../Inc -I"C:/Users/Ahmed/Desktop/SPI_WORK/master/STM32F103C6_DRIVERS/Inc" -O0 -ffunction-sections -fdata-sections -Wall -fstack-usage -MMD -MP -MF"STM32F103C6_DRIVERS/RCC.d" -MT"STM32F103C6_DRIVERS/RCC.o" --specs=nano.specs -mfloat-abi=soft -mthumb -o "STM32F103C6_DRIVERS/RCC.o"
arm-none-eabi-gcc -gdwarf-2 "../STM32F103C6_DRIVERS/SPI.c" -mcpu=cortex-m3 -std=gnu11 -g3 -DSTM32 -DSTM32F1 -DSTM32F103C6Tx -DDEBUG -c -I../Inc -I"C:/Users/Ahmed/Desktop/SPI_WORK/master/STM32F103C6_DRIVERS/Inc" -O0 -ffunction-sections -fdata-sections -Wall -fstack-usage -MMD -MP -MF"STM32F103C6_DRIVERS/SPI.d" -MT"STM32F103C6_DRIVERS/SPI.o" --specs=nano.specs -mfloat-abi=soft -mthumb -o "STM32F103C6_DRIVERS/SPI.o"
arm-none-eabi-gcc -gdwarf-2 "../STM32F103C6_DRIVERS/USART_Driver.c" -mcpu=cortex-m3 -std=gnu11 -g3 -DSTM32 -DSTM32F1 -DSTM32F103C6Tx -DDEBUG -c -I../Inc -I"C:/Users/Ahmed/Desktop/SPI_WORK/master/STM32F103C6_DRIVERS/Inc" -O0 -ffunction-sections -fdata-sections -Wall -fstack-usage -MMD -MP -MF"STM32F103C6_DRIVERS/USART_Driver.d" -MT"STM32F103C6_DRIVERS/USART_Driver.o" --specs=nano.specs -mfloat-abi=soft -mthumb -o "STM32F103C6_DRIVERS/USART_Driver.o"
../Src/main.c: In function 'main':
../Src/main.c:38:26: warning: passing argument 2 of 'MCAL_SPI_SendData' from incompatible pointer type [-Wincompatible-pointer-types]
   MCAL_SPI_SendData(SPI1,(uint8_t *)&data);
                          ^
In file included from ../Src/main.c:23:0:
C:/Users/Ahmed/Desktop/SPI_WORK/master/STM32F103C6_DRIVERS/Inc/SPI.h:71:6: note: expected 'uint16_t * {aka short unsigned int *}' but argument is of type 'uint8_t * {aka unsigned char *}'
 void MCAL_SPI_SendData(SPI_Reg *SPIx,uint16_t *data);
      ^~~~~~~~~~~~~~~~~
../Src/main.c:39:28: warning: passing argument 2 of 'MCAL_SPI_ReciveData' from incompatible pointer type [-Wincompatible-pointer-types]
   MCAL_SPI_ReciveData(SPI1,(uint8_t *)&data);
                            ^
In file included from ../Src/main.c:23:0:
C:/Users/Ahmed/Desktop/SPI_WORK/master/STM32F103C6_DRIVERS/Inc/SPI.h:72:6: note: expected 'uint16_t * {aka short unsigned int *}' but argument is of type 'uint8_t * {aka unsigned char *}'
 void MCAL_SPI_ReciveData(SPI_Reg *SPIx,uint16_t *data);
      ^~~~~~~~~~~~~~~~~~~
../STM32F103C6_DRIVERS/RCC.c: In function 'MCAL_GET_SYS_CLCK':
../STM32F103C6_DRIVERS/RCC.c:25:1: warning: control reaches end of non-void function [-Wreturn-type]
 }
 ^
../STM32F103C6_DRIVERS/SPI.c: In function 'MCAL_SPI_init':
../STM32F103C6_DRIVERS/SPI.c:49:3: warning: implicit declaration of function 'MCAL_SET_GPIO'; did you mean 'MCAL_SPI_init'? [-Wimplicit-function-declaration]
   MCAL_SET_GPIO(SPIx);
   ^~~~~~~~~~~~~
   MCAL_SPI_init
../STM32F103C6_DRIVERS/SPI.c: At top level:
../STM32F103C6_DRIVERS/SPI.c:90:6: warning: conflicting types for 'MCAL_SET_GPIO'
 void MCAL_SET_GPIO(SPI_Reg *SPIx){
      ^~~~~~~~~~~~~
../STM32F103C6_DRIVERS/SPI.c:49:3: note: previous implicit declaration of 'MCAL_SET_GPIO' was here
   MCAL_SET_GPIO(SPIx);
   ^~~~~~~~~~~~~
../STM32F103C6_DRIVERS/USART_Driver.c: In function 'MCAL_USART_init':
../STM32F103C6_DRIVERS/USART_Driver.c:84:2: warning: implicit declaration of function 'SET_GPIO' [-Wimplicit-function-declaration]
  SET_GPIO(USARTx);
  ^~~~~~~~
../STM32F103C6_DRIVERS/USART_Driver.c: At top level:
../STM32F103C6_DRIVERS/USART_Driver.c:160:6: warning: conflicting types for 'SET_GPIO'
 void SET_GPIO(USART_REG *USARTx){
      ^~~~~~~~
../STM32F103C6_DRIVERS/USART_Driver.c:84:2: note: previous implicit declaration of 'SET_GPIO' was here
  SET_GPIO(USARTx);
  ^~~~~~~~
arm-none-eabi-gcc -gdwarf-2 -o "master.elf" @"objects.list"   -mcpu=cortex-m3 -T"C:\Users\Ahmed\Desktop\SPI_WORK\master\STM32F103C6TX_FLASH.ld" --specs=nosys.specs -Wl,-Map="master.map" -Wl,--gc-sections -static --specs=nano.specs -mfloat-abi=soft -mthumb -Wl,--start-group -lc -lm -Wl,--end-group
Finished building target: master.elf
 
arm-none-eabi-size   master.elf 
arm-none-eabi-objdump -h -S  master.elf  > "master.list"
arm-none-eabi-objcopy  -O binary  master.elf  "master.bin"
   text	   data	    bss	    dec	    hex	filename
   4472	     28	   1644	   6144	   1800	master.elf
Finished building: default.size.stdout
 
Finished building: master.bin
 
Finished building: master.list
 
07:44:04 **** Clean-only build of configuration Debug for project slave ****
make -j16 clean 
rm -rf *
 
07:44:04 **** Incremental Build of configuration Debug for project slave ****
make -j16 all 
arm-none-eabi-gcc -gdwarf-2 -mcpu=cortex-m3 -g3 -c -x assembler-with-cpp -MMD -MP -MF"Startup/startup_stm32f103c6tx.d" -MT"Startup/startup_stm32f103c6tx.o" --specs=nano.specs -mfloat-abi=soft -mthumb -o "Startup/startup_stm32f103c6tx.o" "../Startup/startup_stm32f103c6tx.s"
arm-none-eabi-gcc -gdwarf-2 "../Src/main.c" -mcpu=cortex-m3 -std=gnu11 -g3 -DSTM32 -DSTM32F1 -DSTM32F103C6Tx -DDEBUG -c -I../Inc -I"C:/Users/Ahmed/Desktop/SPI_WORK/master/STM32F103C6_DRIVERS/Inc" -O0 -ffunction-sections -fdata-sections -Wall -fstack-usage -MMD -MP -MF"Src/main.d" -MT"Src/main.o" --specs=nano.specs -mfloat-abi=soft -mthumb -o "Src/main.o"
arm-none-eabi-gcc -gdwarf-2 "../Src/syscalls.c" -mcpu=cortex-m3 -std=gnu11 -g3 -DSTM32 -DSTM32F1 -DSTM32F103C6Tx -DDEBUG -c -I../Inc -I"C:/Users/Ahmed/Desktop/SPI_WORK/master/STM32F103C6_DRIVERS/Inc" -O0 -ffunction-sections -fdata-sections -Wall -fstack-usage -MMD -MP -MF"Src/syscalls.d" -MT"Src/syscalls.o" --specs=nano.specs -mfloat-abi=soft -mthumb -o "Src/syscalls.o"
arm-none-eabi-gcc -gdwarf-2 "../Src/sysmem.c" -mcpu=cortex-m3 -std=gnu11 -g3 -DSTM32 -DSTM32F1 -DSTM32F103C6Tx -DDEBUG -c -I../Inc -I"C:/Users/Ahmed/Desktop/SPI_WORK/master/STM32F103C6_DRIVERS/Inc" -O0 -ffunction-sections -fdata-sections -Wall -fstack-usage -MMD -MP -MF"Src/sysmem.d" -MT"Src/sysmem.o" --specs=nano.specs -mfloat-abi=soft -mthumb -o "Src/sysmem.o"
arm-none-eabi-gcc -gdwarf-2 "../STM32F103C6_DRIVERS/EXTI_Driver.c" -mcpu=cortex-m3 -std=gnu11 -g3 -DSTM32 -DSTM32F1 -DSTM32F103C6Tx -DDEBUG -c -I../Inc -I"C:/Users/Ahmed/Desktop/SPI_WORK/master/STM32F103C6_DRIVERS/Inc" -O0 -ffunction-sections -fdata-sections -Wall -fstack-usage -MMD -MP -MF"STM32F103C6_DRIVERS/EXTI_Driver.d" -MT"STM32F103C6_DRIVERS/EXTI_Driver.o" --specs=nano.specs -mfloat-abi=soft -mthumb -o "STM32F103C6_DRIVERS/EXTI_Driver.o"
arm-none-eabi-gcc -gdwarf-2 "../STM32F103C6_DRIVERS/GPIO_Driver.c" -mcpu=cortex-m3 -std=gnu11 -g3 -DSTM32 -DSTM32F1 -DSTM32F103C6Tx -DDEBUG -c -I../Inc -I"C:/Users/Ahmed/Desktop/SPI_WORK/master/STM32F103C6_DRIVERS/Inc" -O0 -ffunction-sections -fdata-sections -Wall -fstack-usage -MMD -MP -MF"STM32F103C6_DRIVERS/GPIO_Driver.d" -MT"STM32F103C6_DRIVERS/GPIO_Driver.o" --specs=nano.specs -mfloat-abi=soft -mthumb -o "STM32F103C6_DRIVERS/GPIO_Driver.o"
arm-none-eabi-gcc -gdwarf-2 "../STM32F103C6_DRIVERS/RCC.c" -mcpu=cortex-m3 -std=gnu11 -g3 -DSTM32 -DSTM32F1 -DSTM32F103C6Tx -DDEBUG -c -I../Inc -I"C:/Users/Ahmed/Desktop/SPI_WORK/master/STM32F103C6_DRIVERS/Inc" -O0 -ffunction-sections -fdata-sections -Wall -fstack-usage -MMD -MP -MF"STM32F103C6_DRIVERS/RCC.d" -MT"STM32F103C6_DRIVERS/RCC.o" --specs=nano.specs -mfloat-abi=soft -mthumb -o "STM32F103C6_DRIVERS/RCC.o"
arm-none-eabi-gcc -gdwarf-2 "../STM32F103C6_DRIVERS/SPI.c" -mcpu=cortex-m3 -std=gnu11 -g3 -DSTM32 -DSTM32F1 -DSTM32F103C6Tx -DDEBUG -c -I../Inc -I"C:/Users/Ahmed/Desktop/SPI_WORK/master/STM32F103C6_DRIVERS/Inc" -O0 -ffunction-sections -fdata-sections -Wall -fstack-usage -MMD -MP -MF"STM32F103C6_DRIVERS/SPI.d" -MT"STM32F103C6_DRIVERS/SPI.o" --specs=nano.specs -mfloat-abi=soft -mthumb -o "STM32F103C6_DRIVERS/SPI.o"
arm-none-eabi-gcc -gdwarf-2 "../STM32F103C6_DRIVERS/USART_Driver.c" -mcpu=cortex-m3 -std=gnu11 -g3 -DSTM32 -DSTM32F1 -DSTM32F103C6Tx -DDEBUG -c -I../Inc -I"C:/Users/Ahmed/Desktop/SPI_WORK/master/STM32F103C6_DRIVERS/Inc" -O0 -ffunction-sections -fdata-sections -Wall -fstack-usage -MMD -MP -MF"STM32F103C6_DRIVERS/USART_Driver.d" -MT"STM32F103C6_DRIVERS/USART_Driver.o" --specs=nano.specs -mfloat-abi=soft -mthumb -o "STM32F103C6_DRIVERS/USART_Driver.o"
../Src/main.c: In function 'RX_T':
../Src/main.c:28:27: warning: passing argument 2 of 'MCAL_SPI_ReciveData' from incompatible pointer type [-Wincompatible-pointer-types]
  MCAL_SPI_ReciveData(SPI1,(uint8_t *)&data);
                           ^
In file included from ../Src/main.c:23:0:
C:/Users/Ahmed/Desktop/SPI_WORK/master/STM32F103C6_DRIVERS/Inc/SPI.h:72:6: note: expected 'uint16_t * {aka short unsigned int *}' but argument is of type 'uint8_t * {aka unsigned char *}'
 void MCAL_SPI_ReciveData(SPI_Reg *SPIx,uint16_t *data);
      ^~~~~~~~~~~~~~~~~~~
../STM32F103C6_DRIVERS/RCC.c: In function 'MCAL_GET_SYS_CLCK':
../STM32F103C6_DRIVERS/RCC.c:25:1: warning: control reaches end of non-void function [-Wreturn-type]
 }
 ^
../STM32F103C6_DRIVERS/USART_Driver.c: In function 'MCAL_USART_init':
../STM32F103C6_DRIVERS/USART_Driver.c:84:2: warning: implicit declaration of function 'SET_GPIO' [-Wimplicit-function-declaration]
  SET_GPIO(USARTx);
  ^~~~~~~~
../STM32F103C6_DRIVERS/USART_Driver.c: At top level:
../STM32F103C6_DRIVERS/USART_Driver.c:160:6: warning: conflicting types for 'SET_GPIO'
 void SET_GPIO(USART_REG *USARTx){
      ^~~~~~~~
../STM32F103C6_DRIVERS/USART_Driver.c:84:2: note: previous implicit declaration of 'SET_GPIO' was here
  SET_GPIO(USARTx);
  ^~~~~~~~
../STM32F103C6_DRIVERS/SPI.c: In function 'MCAL_SPI_init':
../STM32F103C6_DRIVERS/SPI.c:46:3: warning: implicit declaration of function 'MCAL_SET_GPIO'; did you mean 'MCAL_SPI_init'? [-Wimplicit-function-declaration]
   MCAL_SET_GPIO(SPIx);
   ^~~~~~~~~~~~~
   MCAL_SPI_init
../STM32F103C6_DRIVERS/SPI.c: At top level:
../STM32F103C6_DRIVERS/SPI.c:88:6: warning: conflicting types for 'MCAL_SET_GPIO'
 void MCAL_SET_GPIO(SPI_Reg *SPIx){
      ^~~~~~~~~~~~~
../STM32F103C6_DRIVERS/SPI.c:46:3: note: previous implicit declaration of 'MCAL_SET_GPIO' was here
   MCAL_SET_GPIO(SPIx);
   ^~~~~~~~~~~~~
arm-none-eabi-gcc -gdwarf-2 -o "master.elf" @"objects.list"   -mcpu=cortex-m3 -T"C:\Users\Ahmed\Desktop\SPI_WORK\master\STM32F103C6TX_FLASH.ld" --specs=nosys.specs -Wl,-Map="master.map" -Wl,--gc-sections -static --specs=nano.specs -mfloat-abi=soft -mthumb -Wl,--start-group -lc -lm -Wl,--end-group
Finished building target: master.elf
 
arm-none-eabi-size   master.elf 
arm-none-eabi-objdump -h -S  master.elf  > "master.list"
arm-none-eabi-objcopy  -O binary  master.elf  "master.bin"
   text	   data	    bss	    dec	    hex	filename
   4048	     28	   1644	   5720	   1658	master.elf
Finished building: default.size.stdout
 
Finished building: master.bin
 
Finished building: master.list
 
